[ergo_vk] Device: NVIDIA GeForce RTX 2060
[ergo_vk] VK_EXT_shader_atomic_float: supported
[VRAM] 6144 MB → 26843545 particles available (MAXPART=100000)
77777
954
0.037842
109.250000
0.000000
0.099425
0.012137
0.362500
1.000000
0.000000
1
-6.860954
0.541159
1
0.037557
109.406250
0.000000
0.099477
0.006029
0.362500
1.000000
0.000000
1
-13.817760
0.453486
1
0.036662
109.937500
0.000000
0.098414
0.021954
0.362500
1.000000
0.000000
1
-3.791047
1.646348
1
0.036662
109.062500
0.000000
0.099588
0.019832
0.362500
1.000000
0.000000
1
-4.196916
2.122104
1
0.036662
107.437500
0.000000
0.099493
0.034647
0.362500
1.000000
0.000000
1
-2.400275
2.319471
1
0.036662
107.437500
0.000000
0.099849
0.044744
0.362500
1.000000
0.000000
1
-1.857466
2.485860
1
0.036662
105.250000
0.000000
0.099962
0.057414
0.362500
1.000000
0.000000
1
-1.446451
6.472534
1
0.036661
0.156250
0.000000
0.100000
1.002129
0.362500
1.000000
0.000000
1
-0.078156
114.021385
1
0.036661
0.031250
0.000000
0.100000
1.001119
0.362500
1.000000
0.000000
1
-0.078240
113.513893
1
0.036662
104.562500
0.000000
0.099621
0.043863
0.362500
1.000000
0.000000
1
-1.894890
3.981322
1
0.036662
104.406250
0.000000
0.099758
0.052761
0.362500
1.000000
0.000000
1
-1.574487
1.145195
1
0.036662
105.031250
0.000000
0.099962
0.056710
0.362500
1.000000
0.000000
1
-1.464463
5.160264
1
0.036662
12.000000
0.000000
0.099923
0.078353
0.362500
1.000000
0.000000
1
-1.058575
1.954209
1
0.036661
0.000000
0.000000
0.100000
0.980838
0.200000
1.000000
0.000000
1
-0.079961
111.586548
0
0.036661
0.187500
0.000000
0.100000
0.992409
0.362500
1.000000
0.000000
1
-0.078971
116.292320
1
0.036661
0.000000
0.000000
0.100000
0.982984
0.200000
1.000000
0.000000
1
-0.079776
113.232864
0
0.036661
0.062500
0.000000
0.100000
0.999506
0.362500
1.000000
0.000000
1
-0.078374
113.155403
1
0.036661
0.031250
0.000000
0.100000
1.003721
0.362500
1.000000
0.000000
1
-0.078024
114.225342
1
0.036661
0.156250
0.000000
0.100000
0.980099
0.362500
1.000000
0.000000
1
-0.080025
114.313339
1
0.036661
0.000000
0.000000
0.100000
0.994240
0.200000
1.000000
0.000000
1
-0.078816
117.619225
0
0.036661
0.000000
0.000000
0.100000
0.996365
0.200000
1.000000
0.000000
1
-0.078637
114.055191
0
0.036661
0.000000
0.000000
0.100000
0.997886
0.200000
1.000000
0.000000
1
-0.078510
117.851685
0
0.036662
12.437500
0.000000
0.099933
0.098870
0.362500
1.000000
0.000000
1
-0.837863
8.384273
1
0.036661
0.062500
0.000000
0.100000
0.963594
0.362500
1.000000
0.000000
1
-0.081482
111.444984
1
0.036661
0.156250
0.000000
0.100000
0.966338
0.362500
1.000000
0.000000
1
-0.081236
112.864616
1
0.036661
0.125000
0.000000
0.100000
0.967524
0.362500
1.000000
0.000000
1
-0.081130
113.193237
1
0.036662
11.843750
0.000000
0.099971
0.106740
0.362500
1.000000
0.000000
1
-0.775713
10.038660
1
0.036661
0.031250
0.000000
0.100000
0.954975
0.362500
1.000000
0.000000
1
-0.082262
110.747864
1
0.036662
11.718750
0.000000
0.099951
0.113267
0.362500
1.000000
0.000000
1
-0.730731
6.449074
1
0.036661
0.062500
0.000000
0.100000
0.971295
0.362500
1.000000
0.000000
1
-0.080796
111.176834
1
0.036661
0.031250
0.000000
0.100000
0.952718
0.362500
1.000000
0.000000
1
-0.082469
109.623283
1
0.036661
0.062500
0.000000
0.100000
0.990024
0.362500
1.000000
0.000000
1
-0.079173
116.560959
1
0.036661
0.031250
0.000000
0.100000
0.961276
0.362500
1.000000
0.000000
1
-0.081690
112.369926
1
0.036661
0.093750
0.000000
0.100000
0.979838
0.362500
1.000000
0.000000
1
-0.080048
110.967918
1
0.036661
0.000000
0.000000
0.100000
0.970918
0.200000
1.000000
0.000000
1
-0.080829
114.265862
0
0.036661
0.000000
0.000000
0.100000
0.978653
0.200000
1.000000
0.000000
1
-0.080151
115.581879
0
0.036661
0.125000
0.000000
0.100000
0.992121
0.362500
1.000000
0.000000
1
-0.078995
115.873360
1
0.036661
0.062500
0.000000
0.100000
0.972788
0.362500
1.000000
0.000000
1
-0.080664
110.999313
1
0.036661
0.031250
0.000000
0.100000
0.980779
0.362500
1.000000
0.000000
1
-0.079967
114.911415
1
0.036661
0.000000
0.000000
0.100000
0.965937
0.200000
1.000000
0.000000
1
-0.081272
113.676315
0
0.036661
0.031250
0.000000
0.100000
0.957401
0.362500
1.000000
0.000000
1
-0.082041
110.599319
1
0.036661
0.125000
0.000000
0.100000
0.949510
0.362500
1.000000
0.000000
1
-0.082765
111.921745
1
0.036661
0.031250
0.000000
0.100000
0.963730
0.362500
1.000000
0.000000
1
-0.081470
113.595787
1
0.036662
3.812500
0.000000
0.099999
0.130058
0.362500
1.000000
0.000000
1
-0.635741
14.866368
1
0.036661
0.031250
0.000000
0.100000
0.976182
0.362500
1.000000
0.000000
1
-0.080367
112.626373
1
0.036661
0.000000
0.000000
0.100000
0.983217
0.200000
1.000000
0.000000
1
-0.079756
117.429810
0
0.036661
0.000000
0.000000
0.100000
0.942284
0.200000
1.000000
0.000000
1
-0.083438
109.569122
0
0.036661
0.093750
0.000000
0.100000
0.952777
0.362500
1.000000
0.000000
1
-0.082464
113.056519
1
0.036661
0.062500
0.000000
0.100000
0.984766
0.362500
1.000000
0.000000
1
-0.079623
112.839272
1
0.036661
0.093750
0.000000
0.100000
0.985720
0.362500
1.000000
0.000000
1
-0.079541
116.324203
1
0.036661
0.031250
0.000000
0.100000
1.007341
0.362500
1.000000
0.000000
1
-0.077726
115.291580
1
0.036661
0.000000
0.000000
0.100000
0.957945
0.200000
1.000000
0.000000
1
-0.081992
110.452568
0
0.036661
0.031250
0.000000
0.100000
0.935141
0.362500
1.000000
0.000000
1
-0.084113
108.202171
1
0.036661
0.000000
0.000000
0.100000
0.930121
0.200000
1.000000
0.000000
1
-0.084594
110.010696
0
0.036662
1.437500
0.000000
0.099984
0.122827
0.362500
1.000000
0.000000
1
-0.673461
10.346989
1
0.036661
0.031250
0.000000
0.100000
0.991935
0.362500
1.000000
0.000000
1
-0.079011
117.808678
1
0.036662
4.375000
0.000000
0.099996
0.154332
0.362500
1.000000
0.000000
1
-0.534963
14.565553
1
0.036661
0.062500
0.000000
0.100000
0.999879
0.362500
1.000000
0.000000
1
-0.078343
117.012985
1
0.036662
1.031250
0.000000
0.099990
0.170831
0.362500
1.000000
0.000000
1
-0.482812
18.493845
1
0.036661
0.062500
0.000000
0.100000
0.940658
0.362500
1.000000
0.000000
1
-0.083590
112.051590
1
0.036661
0.000000
0.000000
0.100000
0.918608
0.200000
1.000000
0.000000
1
-0.085717
108.384499
0
0.036661
2.718750
0.000000
0.099985
0.148562
0.362500
1.000000
0.000000
1
-0.555934
8.458152
1
0.036661
0.031250
0.000000
0.100000
0.980214
0.362500
1.000000
0.000000
1
-0.080015
113.589676
1
0.036661
0.031250
0.000000
0.100000
0.935675
0.362500
1.000000
0.000000
1
-0.084062
109.391182
1
0.036661
0.031250
0.000000
0.100000
0.990904
0.362500
1.000000
0.000000
1
-0.079098
115.679596
1
0.036662
8.937500
0.000000
0.099985
0.131920
0.362500
1.000000
0.000000
1
-0.626697
14.079237
1
0.036661
0.062500
0.000000
0.100000
0.982930
0.362500
1.000000
0.000000
1
-0.079780
117.625740
1
0.036662
0.750000
0.000000
0.099984
0.169856
0.362500
1.000000
0.000000
1
-0.485613
7.735667
1
0.036661
0.000000
0.000000
0.100000
0.910702
0.200000
1.000000
0.000000
1
-0.086505
107.177124
0
0.036661
0.031250
0.000000
0.100000
0.980679
0.362500
1.000000
0.000000
1
-0.079975
115.945641
1
0.036661
2.562500
0.000000
0.099987
0.153823
0.362500
1.000000
0.000000
1
-0.536749
6.942819
1
0.036661
0.000000
0.000000
0.100000
0.948669
0.200000
1.000000
0.000000
1
-0.082842
112.153198
0
0.036662
5.875000
0.000000
0.099974
0.173694
0.362500
1.000000
0.000000
1
-0.474773
10.896128
1
0.036662
11.125000
0.000000
0.099968
0.082043
0.362500
1.000000
0.000000
1
-1.010733
9.306165
1
0.036662
2.062500
0.000000
0.099975
0.161622
0.362500
1.000000
0.000000
1
-0.510608
10.931274
1
0.036662
1.437500
0.000000
0.099988
0.172314
0.362500
1.000000
0.000000
1
-0.478614
18.288248
1
0.036662
4.468750
0.000000
0.099967
0.134054
0.362500
1.000000
0.000000
1
-0.616641
10.658618
1
0.036661
0.062500
0.000000
0.100000
0.950017
0.362500
1.000000
0.000000
1
-0.082718
110.325859
1
0.036661
0.000000
0.000000
0.100000
0.995280
0.200000
1.000000
0.000000
1
-0.078729
115.747482
0
0.036661
0.031250
0.000000
0.100000
0.990640
0.362500
1.000000
0.000000
1
-0.079121
114.115845
1
0.036661
0.000000
0.000000
0.100000
0.981116
0.200000
1.000000
0.000000
1
-0.079937
117.003693
0
0.036662
1.468750
0.000000
0.099991
0.176323
0.362500
1.000000
0.000000
1
-0.467618
17.500486
1
0.036662
3.875000
0.000000
0.099971
0.180731
0.362500
1.000000
0.000000
1
-0.456093
6.405746
1
0.036661
0.000000
0.000000
0.100000
0.970792
0.200000
1.000000
0.000000
1
-0.080841
115.334450
0
0.036662
1.656250
0.000000
0.100000
0.177153
0.362500
1.000000
0.000000
1
-0.465403
20.422480
1
0.036661
0.062500
0.000000
0.100000
0.964393
0.362500
1.000000
0.000000
1
-0.081410
115.595505
1
0.036661
0.000000
0.000000
0.100000
0.961859
0.200000
1.000000
0.000000
1
-0.081638
113.485771
0
0.036661
2.625000
0.000000
0.099979
0.114082
0.362500
1.000000
0.000000
1
-0.725470
11.241078
1
0.036661
0.062500
0.000000
0.100000
0.901011
0.362500
1.000000
0.000000
1
-0.087489
106.448936
1
0.036661
0.062500
0.000000
0.100000
0.961617
0.362500
1.000000
0.000000
1
-0.081660
114.789597
1
0.036662
0.531250
0.000000
0.099979
0.198764
0.362500
1.000000
0.000000
1
-0.414260
8.760093
1
0.036661
99.718750
0.000000
0.099806
0.062920
0.362500
1.000000
0.000000
1
-1.319446
4.439991
1
0.036661
0.093750
0.000000
0.100000
0.927573
0.362500
1.000000
0.000000
1
-0.084840
109.637985
1
0.036661
0.031250
0.000000
0.100000
1.008280
0.362500
1.000000
0.000000
1
-0.077649
119.749527
1
0.036661
0.031250
0.000000
0.100000
0.949513
0.362500
1.000000
0.000000
1
-0.082764
112.420273
1
0.036661
3.875000
0.000000
0.099999
0.143206
0.362500
1.000000
0.000000
1
-0.576912
12.398386
1
0.036662
1.593750
0.000000
0.099990
0.199215
0.362500
1.000000
0.000000
1
-0.413309
20.781927
1
0.036661
8.406250
0.000000
0.099948
0.107459
0.362500
1.000000
0.000000
1
-0.770494
10.823122
1
0.036661
0.062500
0.000000
0.100000
0.931718
0.362500
1.000000
0.000000
1
-0.084441
111.034607
1
0.036661
0.000000
0.000000
0.100000
0.953368
0.200000
1.000000
0.000000
1
-0.082409
113.272202
0
0.036661
0.031250
0.000000
0.100000
0.900024
0.362500
1.000000
0.000000
1
-0.087590
106.713066
1
0.036661
0.062500
0.000000
0.100000
0.987222
0.362500
1.000000
0.000000
1
-0.079412
118.445335
1
0.036661
2.343750
0.000000
0.099999
0.170766
0.362500
1.000000
0.000000
1
-0.482998
8.057000
1
0.036661
0.156250
0.000000
0.100000
0.922650
0.362500
1.000000
0.000000
1
-0.085320
110.713249
1
0.036661
0.000000
0.000000
0.100000
1.002021
0.200000
1.000000
0.000000
1
-0.078165
118.554695
0
0.036661
0.000000
0.000000
0.100000
0.933517
0.200000
1.000000
0.000000
1
-0.084268
111.321709
0
0.036661
8.406250
0.000000
0.099998
0.122936
0.362500
1.000000
0.000000
1
-0.672858
11.073835
1
0.036662
0.375000
0.000000
0.099995
0.222511
0.362500
1.000000
0.000000
1
-0.369515
7.101940
1
0.036661
0.031250
0.000000
0.100000
1.009253
0.362500
1.000000
0.000000
1
-0.077569
119.029022
1
0.036661
12.031250
0.000000
0.099977
0.097243
0.362500
1.000000
0.000000
1
-0.851959
5.154810
1
0.036661
1.593750
0.000000
0.099987
0.206936
0.362500
1.000000
0.000000
1
-0.397702
19.636765
1
0.036661
0.156250
0.000000
0.100000
0.989573
0.362500
1.000000
0.000000
1
-0.079211
117.480446
1
0.036661
1.562500
0.000000
0.099989
0.219350
0.362500
1.000000
0.000000
1
-0.374912
16.896143
1
0.036661
0.000000
0.000000
0.100000
0.950504
0.200000
1.000000
0.000000
1
-0.082673
112.330711
0
0.036662
1.468750
0.000000
0.099988
0.224336
0.362500
1.000000
0.000000
1
-0.366467
17.905148
1
0.036661
1.406250
0.000000
0.099998
0.227198
0.362500
1.000000
0.000000
1
-0.361788
13.570381
1
0.036661
4.000000
0.000000
0.099991
0.180150
0.362500
1.000000
0.000000
1
-0.457578
17.604731
1
0.036661
2.343750
0.000000
0.099993
0.197521
0.362500
1.000000
0.000000
1
-0.416897
13.301752
1
0.036661
1.437500
0.000000
0.099998
0.231700
0.362500
1.000000
0.000000
1
-0.354661
15.119070
1
0.036661
4.125000
0.000000
0.099967
0.125858
0.362500
1.000000
0.000000
1
-0.657124
8.765829
1
0.036661
0.000000
0.000000
0.100000
0.891568
0.200000
1.000000
0.000000
1
-0.088468
106.587646
0
0.036661
4.343750
0.000000
0.099990
0.129003
0.362500
1.000000
0.000000
1
-0.640982
10.084089
1
0.036661
0.000000
0.000000
0.100000
0.984086
0.200000
1.000000
0.000000
1
-0.079681
117.035614
0
0.036662
12.375000
0.000000
0.099995
0.100284
0.362500
1.000000
0.000000
1
-0.825975
11.324766
1
0.036662
0.250000
0.000000
0.099997
0.258846
0.362500
1.000000
0.000000
1
-0.316942
10.759694
1
0.036661
1.781250
0.000000
0.099980
0.207163
0.362500
1.000000
0.000000
1
-0.397261
2.450296
1
0.036661
0.031250
0.000000
0.100000
0.969620
0.362500
1.000000
0.000000
1
-0.080944
114.971062
1
0.036662
10.843750
0.000000
0.099968
0.093480
0.362500
1.000000
0.000000
1
-0.886461
10.327297
1
0.036661
0.593750
0.000000
0.099990
0.258749
0.362500
1.000000
0.000000
1
-0.317063
7.804405
1
0.036661
3.343750
0.000000
0.099963
0.141748
0.362500
1.000000
0.000000
1
-0.582901
8.612320
1
0.036662
96.500000
0.000000
0.099790
0.046724
0.362500
1.000000
0.000000
1
-1.778560
5.027157
1
0.036661
12.718750
0.000000
0.099995
0.100316
0.362500
1.000000
0.000000
1
-0.825706
10.926025
1
0.036661
1.875000
0.000000
0.099993
0.268429
0.362500
1.000000
0.000000
1
-0.305449
23.393145
1
0.036661
1.906250
0.000000
0.099990
0.271227
0.362500
1.000000
0.000000
1
-0.302247
24.747793
1
0.036662
95.687500
0.000000
0.099883
0.023296
0.362500
1.000000
0.000000
1
-3.572146
2.233862
1
0.036662
0.218750
0.000000
0.099989
0.318331
0.362500
1.000000
0.000000
1
-0.256783
3.705016
1
0.036662
1.187500
0.000000
0.099998
0.299896
0.362500
1.000000
0.000000
1
-0.272874
24.608152
1
0.036662
13.281250
0.000000
0.099975
0.088428
0.362500
1.000000
0.000000
1
-0.937384
10.344643
1
0.036661
2.906250
0.000000
0.099997
0.188382
0.362500
1.000000
0.000000
1
-0.437364
4.867496
1
0.036662
5.843750
0.000000
0.099966
0.159469
0.362500
1.000000
0.000000
1
-0.517571
10.187325
1
0.036661
2.125000
0.000000
0.099996
0.288625
0.362500
1.000000
0.000000
1
-0.283726
24.732939
1
0.036662
1.218750
0.000000
0.099999
0.317431
0.362500
1.000000
0.000000
1
-0.257525
27.203253
1
0.036661
2.000000
0.000000
0.099991
0.274689
0.362500
1.000000
0.000000
1
-0.298375
25.554861
1
0.036661
8.031250
0.000000
0.099969
0.138884
0.362500
1.000000
0.000000
1
-0.595024
6.550643
1
0.036661
0.343750
0.000000
0.099999
0.289011
0.362500
1.000000
0.000000
1
-0.283340
34.161148
1
0.036661
2.937500
0.000000
0.099997
0.225472
0.362500
1.000000
0.000000
1
-0.364596
24.785824
1
0.036661
0.437500
0.000000
0.099992
0.314026
0.362500
1.000000
0.000000
1
-0.260372
13.122933
1
0.036661
1.906250
0.000000
0.100000
0.301513
0.362500
1.000000
0.000000
1
-0.271384
16.106596
1
0.036662
0.562500
0.000000
0.099995
0.333315
0.362500
1.000000
0.000000
1
-0.245014
28.291309
1
0.036661
1.812500
0.000000
0.099992
0.302782
0.362500
1.000000
0.000000
1
-0.270226
18.771484
1
0.036661
1.718750
0.000000
0.099995
0.280741
0.362500
1.000000
0.000000
1
-0.291834
28.333260
1
0.036662
4.750000
0.000000
0.099976
0.147722
0.362500
1.000000
0.000000
1
-0.559126
10.045664
1
0.036661
1.531250
0.000000
0.099997
0.304277
0.362500
1.000000
0.000000
1
-0.268873
20.209682
1
0.036661
1.437500
0.000000
0.099991
0.308931
0.362500
1.000000
0.000000
1
-0.264748
17.171976
1
0.036661
3.187500
0.000000
0.099999
0.230753
0.362500
1.000000
0.000000
1
-0.356137
27.004541
1
0.036661
1.406250
0.000000
0.099998
0.304424
0.362500
1.000000
0.000000
1
-0.268741
15.181844
1
0.036662
1.031250
0.000000
0.099998
0.343051
0.362500
1.000000
0.000000
1
-0.237918
29.433350
1
0.036661
2.875000
0.000000
0.099997
0.235434
0.362500
1.000000
0.000000
1
-0.348956
25.658165
1
0.036662
96.937500
0.000000
0.099691
0.015947
0.362500
1.000000
0.000000
1
-5.220576
1.701616
1
0.036661
1.375000
0.000000
0.099983
0.195317
0.362500
1.000000
0.000000
1
-0.421658
11.135053
1
0.036661
1.250000
0.000000
0.099991
0.314948
0.362500
1.000000
0.000000
1
-0.259595
14.804584
1
0.036661
1.218750
0.000000
0.099993
0.318283
0.362500
1.000000
0.000000
1
-0.256823
20.716183
1
0.036662
0.468750
0.000000
0.099996
0.319198
0.362500
1.000000
0.000000
1
-0.256071
6.978429
1
0.036661
1.062500
0.000000
0.099999
0.323301
0.362500
1.000000
0.000000
1
-0.252758
23.208614
1
0.036662
0.750000
0.000000
0.099998
0.340725
0.362500
1.000000
0.000000
1
-0.239577
33.066418
1
0.036661
1.062500
0.000000
0.099992
0.312592
0.362500
1.000000
0.000000
1
-0.261589
21.415365
1
0.036661
1.062500
0.000000
0.099990
0.317229
0.362500
1.000000
0.000000
1
-0.257693
12.304185
1
0.036661
12.500000
0.000000
0.099931
0.094100
0.362500
1.000000
0.000000
1
-0.880585
4.552091
1
0.036662
1.031250
0.000000
0.099998
0.342160
0.362500
1.000000
0.000000
1
-0.238551
36.072636
1
0.036661
1.156250
0.000000
0.099997
0.312390
0.362500
1.000000
0.000000
1
-0.261761
26.381102
1
0.036661
1.437500
0.000000
0.099990
0.283137
0.362500
1.000000
0.000000
1
-0.289323
13.891439
1
0.036662
3.156250
0.000000
0.099978
0.133665
0.362500
1.000000
0.000000
1
-0.618451
9.279732
1
0.036661
0.187500
0.000000
0.099994
0.333742
0.362500
1.000000
0.000000
1
-0.244694
11.766760
1
0.036662
1.000000
0.000000
0.099994
0.386823
0.362500
1.000000
0.000000
1
-0.210431
4.113492
1
0.036661
3.031250
0.000000
0.099995
0.254601
0.362500
1.000000
0.000000
1
-0.322310
27.861713
1
0.036661
1.062500
0.000000
0.099988
0.184604
0.362500
1.000000
0.000000
1
-0.446417
9.718947
1
0.036662
0.843750
0.000000
0.099999
0.339990
0.362500
1.000000
0.000000
1
-0.240105
39.608955
1
0.036661
1.062500
0.000000
0.099994
0.334645
0.362500
1.000000
0.000000
1
-0.244021
13.040687
1
0.036661
3.281250
0.000000
0.099983
0.160888
0.362500
1.000000
0.000000
1
-0.512961
11.191068
1
0.036662
0.531250
0.000000
0.099997
0.361087
0.362500
1.000000
0.000000
1
-0.225785
40.079075
1
0.036662
93.656250
0.000000
0.099977
0.068230
0.362500
1.000000
0.000000
1
-1.216366
6.726623
1
0.036662
0.156250
0.000000
0.099994
0.401796
0.362500
1.000000
0.000000
1
-0.202403
7.049920
1
0.036662
0.156250
0.000000
0.099999
0.356843
0.362500
1.000000
0.000000
1
-0.228529
39.976543
1
0.036662
0.437500
0.000000
0.099996
0.366930
0.362500
1.000000
0.000000
1
-0.222110
37.850254
1
0.036661
2.781250
0.000000
0.100000
0.261744
0.362500
1.000000
0.000000
1
-0.313378
29.408348
1
0.036661
0.531250
0.000000
0.100000
0.224727
0.362500
1.000000
0.000000
1
-0.365821
11.534824
1
0.036661
0.875000
0.000000
0.099998
0.354345
0.362500
1.000000
0.000000
1
-0.230176
27.214735
1
0.036661
1.000000
0.000000
0.099998
0.327837
0.362500
1.000000
0.000000
1
-0.249191
33.439770
1
0.036661
2.656250
0.000000
0.099992
0.281888
0.362500
1.000000
0.000000
1
-0.290626
22.590902
1
0.036661
1.593750
0.000000
0.099996
0.368158
0.362500
1.000000
0.000000
1
-0.221352
14.407268
1
0.036661
1.562500
0.000000
0.099994
0.355977
0.362500
1.000000
0.000000
1
-0.229098
20.133614
1
0.036662
2.656250
0.000000
0.099964
0.149021
0.362500
1.000000
0.000000
1
-0.554208
11.433094
1
0.036661
1.625000
0.000000
0.099996
0.368878
0.362500
1.000000
0.000000
1
-0.220910
17.141687
1
0.036661
0.906250
0.000000
0.099994
0.358898
0.362500
1.000000
0.000000
1
-0.227193
11.677974
1
0.036662
97.750000
0.000000
0.099799
0.052074
0.362500
1.000000
0.000000
1
-1.595296
5.424041
1
0.036661
2.031250
0.000000
0.099999
0.283625
0.362500
1.000000
0.000000
1
-0.288815
32.021694
1
0.036661
4.093750
0.000000
0.099960
0.115528
0.362500
1.000000
0.000000
1
-0.716331
1.550809
1
0.036661
1.875000
0.000000
0.099996
0.371012
0.362500
1.000000
0.000000
1
-0.219612
25.848797
1
0.036661
1.906250
0.000000
0.099997
0.370068
0.362500
1.000000
0.000000
1
-0.220184
29.384050
1
0.036661
0.343750
0.000000
0.099994
0.352224
0.362500
1.000000
0.000000
1
-0.231592
6.812662
1
0.036661
2.281250
0.000000
0.099996
0.312628
0.362500
1.000000
0.000000
1
-0.261558
21.736071
1
0.036662
0.437500
0.000000
0.099996
0.443296
0.362500
1.000000
0.000000
1
-0.182986
33.077644
1
0.036661
1.750000
0.000000
0.099995
0.372662
0.362500
1.000000
0.000000
1
-0.218617
31.862461
1
0.036661
0.375000
0.000000
0.099999
0.498638
0.362500
1.000000
0.000000
1
-0.162122
58.591373
1
0.036661
1.750000
0.000000
0.099997
0.385881
0.362500
1.000000
0.000000
1
-0.210956
22.459719
1
0.036661
1.687500
0.000000
0.099999
0.393156
0.362500
1.000000
0.000000
1
-0.206960
17.896477
1
0.036661
1.187500
0.000000
0.099998
0.291969
0.362500
1.000000
0.000000
1
-0.280418
34.489395
1
0.036661
1.718750
0.000000
0.099999
0.292436
0.362500
1.000000
0.000000
1
-0.279963
34.598969
1
0.036661
1.937500
0.000000
0.099998
0.406429
0.362500
1.000000
0.000000
1
-0.200038
27.237370
1
0.036661
1.218750
0.000000
0.099999
0.410208
0.362500
1.000000
0.000000
1
-0.198149
25.656414
1
0.036661
2.281250
0.000000
0.099995
0.333146
0.362500
1.000000
0.000000
1
-0.245141
14.914805
1
0.036661
2.281250
0.000000
0.099995
0.311625
0.362500
1.000000
0.000000
1
-0.262416
29.906540
1
0.036661
2.250000
0.000000
0.099998
0.323242
0.362500
1.000000
0.000000
1
-0.252805
22.314787
1
0.036661
1.875000
0.000000
0.099994
0.411902
0.362500
1.000000
0.000000
1
-0.197314
23.588289
1
0.036661
0.625000
0.000000
0.099999
0.394990
0.362500
1.000000
0.000000
1
-0.205976
43.513683
1
0.036661
0.468750
0.000000
0.099999
0.396021
0.362500
1.000000
0.000000
1
-0.205427
11.690646
1
0.036661
1.156250
0.000000
0.099995
0.403143
0.362500
1.000000
0.000000
1
-0.201710
17.134542
1
0.036661
0.156250
0.000000
0.100000
0.430564
0.362500
1.000000
0.000000
1
-0.188544
37.003246
1
0.036661
0.843750
0.000000
0.099998
0.282721
0.362500
1.000000
0.000000
1
-0.289755
11.538544
1
0.036661
0.562500
0.000000
0.099998
0.399104
0.362500
1.000000
0.000000
1
-0.203801
43.703873
1
0.036661
1.750000
0.000000
0.099999
0.420549
0.362500
1.000000
0.000000
1
-0.193154
18.292690
1
0.036661
1.968750
0.000000
0.099998
0.307885
0.362500
1.000000
0.000000
1
-0.265664
35.515778
1
0.036661
1.593750
0.000000
0.099999
0.426640
0.362500
1.000000
0.000000
1
-0.190325
16.532776
1
0.036661
2.062500
0.000000
0.099994
0.333113
0.362500
1.000000
0.000000
1
-0.245166
23.836290
1
0.036661
1.843750
0.000000
0.099997
0.349279
0.362500
1.000000
0.000000
1
-0.233587
15.476171
1
0.036661
1.562500
0.000000
0.099999
0.430135
0.362500
1.000000
0.000000
1
-0.188738
20.837454
1
0.036661
1.500000
0.000000
0.099994
0.419508
0.362500
1.000000
0.000000
1
-0.193646
19.264271
1
0.036662
0.250000
0.000000
0.100000
0.424330
0.362500
1.000000
0.000000
1
-0.191388
50.122349
1
0.036661
0.562500
0.000000
0.100000
0.545539
0.362500
1.000000
0.000000
1
-0.147754
62.012028
1
0.036661
0.531250
0.000000
0.099999
0.414221
0.362500
1.000000
0.000000
1
-0.196181
46.903702
1
0.036661
1.281250
0.000000
0.099998
0.427550
0.362500
1.000000
0.000000
1
-0.189909
14.561513
1
0.036661
0.687500
0.000000
0.099999
0.446647
0.362500
1.000000
0.000000
1
-0.181575
44.624275
1
0.036662
13.562500
0.000000
0.099951
0.094738
0.362500
1.000000
0.000000
1
-0.874622
10.473159
1
0.036662
3.656250
0.000000
0.099955
0.139211
0.362500
1.000000
0.000000
1
-0.593616
9.293509
1
0.036661
1.062500
0.000000
0.099994
0.371204
0.362500
1.000000
0.000000
1
-0.219495
14.432814
1
0.036661
0.812500
0.000000
0.099978
0.196746
0.362500
1.000000
0.000000
1
-0.418561
9.918526
1
0.036661
0.312500
0.000000
0.099983
0.236256
0.362500
1.000000
0.000000
1
-0.347726
12.362737
1
0.036661
0.656250
0.000000
0.099999
0.576473
0.362500
1.000000
0.000000
1
-0.139557
64.683327
1
0.036661
1.187500
0.000000
0.099997
0.422037
0.362500
1.000000
0.000000
1
-0.192455
30.563663
1
0.036661
1.875000
0.000000
0.099995
0.352610
0.362500
1.000000
0.000000
1
-0.231334
22.994431
1
0.036661
2.031250
0.000000
0.099997
0.339685
0.362500
1.000000
0.000000
1
-0.240325
30.538694
1
0.036661
1.125000
0.000000
0.099999
0.431109
0.362500
1.000000
0.000000
1
-0.188300
23.929140
1
0.036661
0.968750
0.000000
0.099999
0.433523
0.362500
1.000000
0.000000
1
-0.187224
47.972763
1
0.036662
0.406250
0.000000
0.099997
0.475159
0.362500
1.000000
0.000000
1
-0.170380
41.160435
1
0.036661
0.906250
0.000000
0.099999
0.433997
0.362500
1.000000
0.000000
1
-0.187014
24.773537
1
0.036661
1.906250
0.000000
0.099997
0.348644
0.362500
1.000000
0.000000
1
-0.234021
27.572790
1
0.036661
0.625000
0.000000
0.099995
0.275605
0.362500
1.000000
0.000000
1
-0.297365
5.313764
1
0.036661
0.875000
0.000000
0.099998
0.441101
0.362500
1.000000
0.000000
1
-0.183921
20.692518
1
0.036661
0.875000
0.000000
0.099997
0.444033
0.362500
1.000000
0.000000
1
-0.182674
46.706272
1
0.036661
0.687500
0.000000
0.100000
0.591899
0.362500
1.000000
0.000000
1
-0.135790
66.942863
1
0.036662
0.343750
0.000000
0.099998
0.507690
0.362500
1.000000
0.000000
1
-0.159142
37.184471
1
0.036661
2.000000
0.000000
0.099998
0.360743
0.362500
1.000000
0.000000
1
-0.226005
22.857220
1
0.036661
0.531250
0.000000
0.100000
0.444166
0.362500
1.000000
0.000000
1
-0.182618
46.203339
1
0.036661
0.156250
0.000000
0.099999
0.465914
0.362500
1.000000
0.000000
1
-0.173860
47.732342
1
0.036661
0.968750
0.000000
0.099998
0.443300
0.362500
1.000000
0.000000
1
-0.182984
25.041861
1
0.036661
2.187500
0.000000
0.099996
0.351167
0.362500
1.000000
0.000000
1
-0.232305
30.893595
1
0.036661
1.656250
0.000000
0.099996
0.359423
0.362500
1.000000
0.000000
1
-0.226854
26.657158
1
0.036661
1.156250
0.000000
0.099995
0.466292
0.362500
1.000000
0.000000
1
-0.173715
21.322721
1
0.036661
1.156250
0.000000
0.099999
0.455553
0.362500
1.000000
0.000000
1
-0.177928
19.144608
1
0.036661
1.187500
0.000000
0.099999
0.467761
0.362500
1.000000
0.000000
1
-0.173154
31.926233
1
0.036661
1.062500
0.000000
0.100000
0.257558
0.362500
1.000000
0.000000
1
-0.318551
10.127646
1
0.036661
0.187500
0.000000
0.099996
0.460520
0.362500
1.000000
0.000000
1
-0.175955
13.003675
1
0.036661
0.125000
0.000000
0.099999
0.631538
0.362500
1.000000
0.000000
1
-0.126953
64.400330
1
0.036661
0.343750
0.000000
0.099999
0.446806
0.362500
1.000000
0.000000
1
-0.181509
47.436134
1
0.036661
0.500000
0.000000
0.100000
0.427711
0.362500
1.000000
0.000000
1
-0.189835
50.972813
1
0.036661
1.750000
0.000000
0.099995
0.468277
0.362500
1.000000
0.000000
1
-0.172958
15.361720
1
0.036662
0.093750
0.000000
0.099997
0.523940
0.362500
1.000000
0.000000
1
-0.154051
36.531273
1
0.036661
1.750000
0.000000
0.099995
0.462741
0.362500
1.000000
0.000000
1
-0.175087
15.175669
1
0.036661
1.093750
0.000000
0.099999
0.472818
0.362500
1.000000
0.000000
1
-0.171248
36.649937
1
0.036661
0.187500
0.000000
0.100000
0.452246
0.362500
1.000000
0.000000
1
-0.179265
53.119209
1
0.036661
1.875000
0.000000
0.099999
0.478384
0.362500
1.000000
0.000000
1
-0.169198
15.938225
1
0.036661
0.437500
0.000000
0.099999
0.509289
0.362500
1.000000
0.000000
1
-0.158627
39.352364
1
0.036661
1.062500
0.000000
0.099999
0.478383
0.362500
1.000000
0.000000
1
-0.169198
39.158382
1
0.036661
1.906250
0.000000
0.099996
0.371513
0.362500
1.000000
0.000000
1
-0.219308
29.279058
1
0.036661
0.937500
0.000000
0.099998
0.484123
0.362500
1.000000
0.000000
1
-0.167133
29.687162
1
0.036661
2.375000
0.000000
0.099995
0.365359
0.362500
1.000000
0.000000
1
-0.223087
33.018383
1
0.036661
0.312500
0.000000
0.100000
0.445775
0.362500
1.000000
0.000000
1
-0.181940
52.160839
1
0.036661
0.375000
0.000000
0.099998
0.480244
0.362500
1.000000
0.000000
1
-0.168523
45.063263
1
0.036661
0.187500
0.000000
0.099998
0.512698
0.362500
1.000000
0.000000
1
-0.157539
38.895733
1
0.036661
1.187500
0.000000
0.099999
0.362864
0.362500
1.000000
0.000000
1
-0.224655
37.038971
1
0.036661
0.125000
0.000000
0.100000
0.522213
0.362500
1.000000
0.000000
1
-0.154577
37.534279
1
0.036661
0.250000
0.000000
0.100000
0.653518
0.362500
1.000000
0.000000
1
-0.122515
71.060867
1
0.036661
0.218750
0.000000
0.099999
0.631804
0.362500
1.000000
0.000000
1
-0.126898
71.321320
1
0.036662
0.156250
0.000000
0.099998
0.559911
0.362500
1.000000
0.000000
1
-0.143833
28.963896
1
0.036661
0.593750
0.000000
0.100000
0.393882
0.362500
1.000000
0.000000
1
-0.206569
46.709473
1
0.036661
0.187500
0.000000
0.099999
0.482395
0.362500
1.000000
0.000000
1
-0.167749
0.940980
1
0.036661
0.437500
0.000000
0.100000
0.235252
0.362500
1.000000
0.000000
1
-0.349229
6.943105
1
0.036661
0.875000
0.000000
0.099999
0.437187
0.362500
1.000000
0.000000
1
-0.185613
48.637901
1
0.036661
0.562500
0.000000
0.100000
0.388270
0.362500
1.000000
0.000000
1
-0.209627
46.583126
1
0.036661
0.500000
0.000000
0.099995
0.470597
0.362500
1.000000
0.000000
1
-0.172080
3.140344
1
0.036661
0.093750
0.000000
0.099999
0.487901
0.362500
1.000000
0.000000
1
-0.165800
56.037579
1
0.036661
0.312500
0.000000
0.099995
0.485462
0.362500
1.000000
0.000000
1
-0.166658
2.983440
1
0.036661
2.031250
0.000000
0.099999
0.379739
0.362500
1.000000
0.000000
1
-0.214449
31.166838
1
0.036661
1.531250
0.000000
0.099997
0.404902
0.362500
1.000000
0.000000
1
-0.200811
18.420311
1
0.036662
0.187500
0.000000
0.099999
0.512916
0.362500
1.000000
0.000000
1
-0.157470
51.328381
1
0.036661
0.937500
0.000000
0.099999
0.503679
0.362500
1.000000
0.000000
1
-0.160449
23.753017
1
0.036662
94.968750
0.000000
0.099943
0.065182
0.362500
1.000000
0.000000
1
-1.273474
7.166965
1
0.036661
1.062500
0.000000
0.099999
0.355980
0.362500
1.000000
0.000000
1
-0.229095
42.467239
1
0.036661
1.750000
0.000000
0.099997
0.383899
0.362500
1.000000
0.000000
1
-0.212071
31.861828
1
0.036661
0.843750
0.000000
0.099999
0.503937
0.362500
1.000000
0.000000
1
-0.160365
36.437775
1
0.036661
0.718750
0.000000
0.099997
0.505487
0.362500
1.000000
0.000000
1
-0.159858
25.841125
1
0.036661
0.843750
0.000000
0.100000
0.506287
0.362500
1.000000
0.000000
1
-0.159597
29.461668
1
0.036661
1.843750
0.000000
0.099997
0.371302
0.362500
1.000000
0.000000
1
-0.219436
39.000553
1
0.036661
0.687500
0.000000
0.099998
0.467104
0.362500
1.000000
0.000000
1
-0.173404
41.386139
1
0.036661
1.406250
0.000000
0.099998
0.480068
0.362500
1.000000
0.000000
1
-0.168587
33.206375
1
0.036661
1.343750
0.000000
0.100000
0.420331
0.362500
1.000000
0.000000
1
-0.193257
44.479153
1
0.036661
0.531250
0.000000
0.100000
0.498016
0.362500
1.000000
0.000000
1
-0.162331
50.607830
1
0.036661
0.718750
0.000000
0.099995
0.389188
0.362500
1.000000
0.000000
1
-0.209121
33.073059
1
0.036661
1.250000
0.000000
0.099996
0.488121
0.362500
1.000000
0.000000
1
-0.165723
29.951391
1
0.036661
1.000000
0.000000
0.099999
0.699259
0.362500
1.000000
0.000000
1
-0.114174
70.710846
1
0.036661
0.156250
0.000000
0.099999
0.524140
0.362500
1.000000
0.000000
1
-0.153991
49.788639
1
0.036661
0.968750
0.000000
0.100000
0.664328
0.362500
1.000000
0.000000
1
-0.120440
71.539009
1
0.036661
1.187500
0.000000
0.099997
0.499638
0.362500
1.000000
0.000000
1
-0.161788
20.499531
1
0.036661
0.468750
0.000000
0.099999
0.505365
0.362500
1.000000
0.000000
1
-0.159897
12.007529
1
0.036661
0.687500
0.000000
0.099998
0.500655
0.362500
1.000000
0.000000
1
-0.161449
21.350626
1
0.036661
0.468750
0.000000
0.100000
0.502331
0.362500
1.000000
0.000000
1
-0.160893
48.165581
1
0.036662
0.218750
0.000000
0.099998
0.587315
0.362500
1.000000
0.000000
1
-0.136889
21.897110
1
0.036661
1.375000
0.000000
0.099999
0.432006
0.362500
1.000000
0.000000
1
-0.187899
15.813943
1
0.036661
0.687500
0.000000
0.099999
0.509939
0.362500
1.000000
0.000000
1
-0.158418
15.451040
1
0.036661
0.500000
0.000000
0.099998
0.508380
0.362500
1.000000
0.000000
1
-0.158920
44.299580
1
0.036661
1.750000
0.000000
0.099996
0.408779
0.362500
1.000000
0.000000
1
-0.198859
23.438551
1
0.036661
0.781250
0.000000
0.099999
0.284941
0.362500
1.000000
0.000000
1
-0.287458
11.192667
1
0.036661
0.968750
0.000000
0.099998
0.487431
0.362500
1.000000
0.000000
1
-0.165964
36.223450
1
0.036662
7.593750
0.000000
0.099992
0.160967
0.362500
1.000000
0.000000
1
-0.512704
10.824734
1
0.036661
0.875000
0.000000
0.099998
0.518344
0.362500
1.000000
0.000000
1
-0.155769
42.003670
1
0.036661
0.812500
0.000000
0.099999
0.460044
0.362500
1.000000
0.000000
1
-0.176142
51.320641
1
0.036661
0.781250
0.000000
0.100000
0.452318
0.362500
1.000000
0.000000
1
-0.179236
52.735394
1
0.036661
0.937500
0.000000
0.099997
0.526356
0.362500
1.000000
0.000000
1
-0.153322
27.499329
1
0.036661
0.968750
0.000000
0.099999
0.284779
0.362500
1.000000
0.000000
1
-0.287625
8.500773
1
0.036661
0.500000
0.000000
0.099998
0.515400
0.362500
1.000000
0.000000
1
-0.156687
50.907429
1
0.036661
0.906250
0.000000
0.099999
0.688716
0.362500
1.000000
0.000000
1
-0.115998
73.862755
1
0.036661
1.625000
0.000000
0.100000
0.384284
0.362500
1.000000
0.000000
1
-0.211854
40.962318
1
0.036661
1.062500
0.000000
0.100000
0.379744
0.362500
1.000000
0.000000
1
-0.214446
42.711517
1
0.036662
0.218750
0.000000
0.099998
0.599487
0.362500
1.000000
0.000000
1
-0.134008
35.320480
1
0.036661
0.968750
0.000000
0.099996
0.507051
0.362500
1.000000
0.000000
1
-0.159349
28.021648
1
0.036661
1.406250
0.000000
0.099999
0.422314
0.362500
1.000000
0.000000
1
-0.192325
20.149914
1
0.036661
0.906250
0.000000
0.099998
0.530526
0.362500
1.000000
0.000000
1
-0.152077
14.422619
1
0.036661
1.593750
0.000000
0.099999
0.396005
0.362500
1.000000
0.000000
1
-0.205435
36.773670
1
0.036661
1.406250
0.000000
0.099998
0.428708
0.362500
1.000000
0.000000
1
-0.189383
20.871454
1
0.036661
1.000000
0.000000
0.099999
0.532633
0.362500
1.000000
0.000000
1
-0.151455
26.109655
1
0.036661
1.781250
0.000000
0.099997
0.414622
0.362500
1.000000
0.000000
1
-0.195986
27.093180
1
0.036661
0.593750
0.000000
0.099991
0.234667
0.362500
1.000000
0.000000
1
-0.350113
10.683123
1
0.036661
0.156250
0.000000
0.099999
0.739544
0.362500
1.000000
0.000000
1
-0.107682
68.859161
1
0.036661
14.937500
0.000000
0.099943
0.099644
0.362500
1.000000
0.000000
1
-0.831313
10.064481
1
0.036661
0.968750
0.000000
0.100000
0.532587
0.362500
1.000000
0.000000
1
-0.151469
41.224068
1
0.036661
0.562500
0.000000
0.100000
0.492007
0.362500
1.000000
0.000000
1
-0.164374
56.951347
1
0.036661
0.343750
0.000000
0.100000
0.647745
0.362500
1.000000
0.000000
1
-0.123651
77.394135
1
0.036661
1.781250
0.000000
0.099999
0.413560
0.362500
1.000000
0.000000
1
-0.196503
31.170336
1
0.036661
0.843750
0.000000
0.099998
0.438783
0.362500
1.000000
0.000000
1
-0.184920
47.981079
1
0.036661
0.781250
0.000000
0.100000
0.698678
0.362500
1.000000
0.000000
1
-0.114273
78.018501
1
0.036661
0.937500
0.000000
0.099998
0.536166
0.362500
1.000000
0.000000
1
-0.150425
18.115391
1
0.036661
1.750000
0.000000
0.099997
0.420612
0.362500
1.000000
0.000000
1
-0.193124
28.312788
1
0.036661
0.531250
0.000000
0.100000
0.448004
0.362500
1.000000
0.000000
1
-0.181010
49.417713
1
0.036662
2.656250
0.000000
0.099986
0.212076
0.362500
1.000000
0.000000
1
-0.387942
10.236083
1
0.036661
0.875000
0.000000
0.099998
0.524620
0.362500
1.000000
0.000000
1
-0.153845
24.332876
1
0.036661
0.718750
0.000000
0.100000
0.688454
0.362500
1.000000
0.000000
1
-0.116044
78.378632
1
0.036662
0.062500
0.000000
0.099999
0.581099
0.362500
1.000000
0.000000
1
-0.138407
59.604626
1
0.036661
0.312500
0.000000
0.099999
0.510288
0.362500
1.000000
0.000000
1
-0.158307
59.567955
1
0.036661
0.156250
0.000000
0.100000
0.739500
0.362500
1.000000
0.000000
1
-0.107689
70.969055
1
0.036661
0.687500
0.000000
0.099999
0.699646
0.362500
1.000000
0.000000
1
-0.114108
78.109993
1
0.036661
1.093750
0.000000
0.099996
0.403765
0.362500
1.000000
0.000000
1
-0.201391
40.356915
1
0.036661
1.437500
0.000000
0.099998
0.423625
0.362500
1.000000
0.000000
1
-0.191715
30.004768
1
0.036661
1.000000
0.000000
0.100000
0.442882
0.362500
1.000000
0.000000
1
-0.183162
18.540680
1
0.036661
0.656250
0.000000
0.099998
0.530585
0.362500
1.000000
0.000000
1
-0.152060
53.063271
1
0.036661
0.531250
0.000000
0.099999
0.517416
0.362500
1.000000
0.000000
1
-0.156057
54.711929
1
0.036661
0.218750
0.000000
0.099999
0.747547
0.362500
1.000000
0.000000
1
-0.106476
78.019402
1
0.036661
0.531250
0.000000
0.099999
0.511836
0.362500
1.000000
0.000000
1
-0.157813
57.237667
1
0.036661
0.937500
0.000000
0.100000
0.536343
0.362500
1.000000
0.000000
1
-0.150373
20.933531
1
0.036662
0.375000
0.000000
0.100000
0.570267
0.362500
1.000000
0.000000
1
-0.141130
56.290737
1
0.036661
0.343750
0.000000
0.099999
0.449133
0.362500
1.000000
0.000000
1
-0.180543
52.539482
1
0.036661
1.093750
0.000000
0.099996
0.425681
0.362500
1.000000
0.000000
1
-0.190765
31.081577
1
0.036661
0.468750
0.000000
0.100000
0.515751
0.362500
1.000000
0.000000
1
-0.156577
61.360943
1
0.036661
0.906250
0.000000
0.100000
0.520047
0.362500
1.000000
0.000000
1
-0.155242
37.183773
1
0.036661
1.687500
0.000000
0.099996
0.427319
0.362500
1.000000
0.000000
1
-0.190015
30.636833
1
0.036661
0.406250
0.000000
0.099999
0.531268
0.362500
1.000000
0.000000
1
-0.151858
60.523746
1
0.036661
1.218750
0.000000
0.099997
0.407741
0.362500
1.000000
0.000000
1
-0.199379
41.964485
1
0.036661
0.312500
0.000000
0.099998
0.476605
0.362500
1.000000
0.000000
1
-0.169848
3.094767
1
0.036661
1.062500
0.000000
0.099998
0.477115
0.362500
1.000000
0.000000
1
-0.169661
18.459637
1
0.036661
0.562500
0.000000
0.099999
0.711074
0.362500
1.000000
0.000000
1
-0.112194
77.349289
1
0.036661
1.656250
0.000000
0.099998
0.424049
0.362500
1.000000
0.000000
1
-0.191519
34.037590
1
0.036661
0.281250
0.000000
0.100000
0.782324
0.362500
1.000000
0.000000
1
-0.101520
72.474182
1
0.036661
0.812500
0.000000
0.099997
0.562439
0.362500
1.000000
0.000000
1
-0.143164
17.150391
1
0.036661
0.531250
0.000000
0.099999
0.551869
0.362500
1.000000
0.000000
1
-0.146002
50.845398
1
0.036661
0.125000
0.000000
0.099997
0.567481
0.362500
1.000000
0.000000
1
-0.141848
13.206186
1
0.036661
1.218750
0.000000
0.099999
0.400006
0.362500
1.000000
0.000000
1
-0.203330
45.649021
1
0.036661
0.812500
0.000000
0.099998
0.564407
0.362500
1.000000
0.000000
1
-0.142648
19.380859
1
0.036661
0.531250
0.000000
0.100000
0.554889
0.362500
1.000000
0.000000
1
-0.145180
48.433449
1
0.036661
0.687500
0.000000
0.099999
0.727305
0.362500
1.000000
0.000000
1
-0.109578
78.109207
1
0.036661
0.281250
0.000000
0.100000
0.758840
0.362500
1.000000
0.000000
1
-0.104817
73.514946
1
0.036661
0.812500
0.000000
0.099998
0.565936
0.362500
1.000000
0.000000
1
-0.142249
18.575474
1
0.036662
0.593750
0.000000
0.099999
0.584992
0.362500
1.000000
0.000000
1
-0.137452
56.953484
1
0.036661
1.031250
0.000000
0.099997
0.419953
0.362500
1.000000
0.000000
1
-0.193435
39.488766
1
0.036661
0.781250
0.000000
0.099997
0.531647
0.362500
1.000000
0.000000
1
-0.151746
38.108849
1
0.036661
0.750000
0.000000
0.099998
0.529216
0.362500
1.000000
0.000000
1
-0.152466
40.570602
1
0.036661
2.468750
0.000000
0.099993
0.244778
0.362500
1.000000
0.000000
1
-0.335445
10.914878
1
0.036661
1.281250
0.000000
0.099999
0.400690
0.362500
1.000000
0.000000
1
-0.202974
46.625172
1
0.036661
0.562500
0.000000
0.099999
0.542246
0.362500
1.000000
0.000000
1
-0.148682
54.084141
1
0.036661
1.312500
0.000000
0.099998
0.418510
0.362500
1.000000
0.000000
1
-0.194119
41.153137
1
0.036661
13.625000
0.000000
0.099937
0.106488
0.362500
1.000000
0.000000
1
-0.777565
8.967204
1
0.036661
0.531250
0.000000
0.100000
0.698950
0.362500
1.000000
0.000000
1
-0.114227
82.321587
1
0.036661
0.343750
0.000000
0.099999
0.793509
0.362500
1.000000
0.000000
1
-0.100019
72.437927
1
0.036661
0.625000
0.000000
0.100000
0.511431
0.362500
1.000000
0.000000
1
-0.157941
51.592697
1
0.036661
0.625000
0.000000
0.099998
0.559516
0.362500
1.000000
0.000000
1
-0.143938
16.486326
1
0.036662
14.343750
0.000000
0.099952
0.076367
0.362500
1.000000
0.000000
1
-1.086225
8.536378
1
0.036661
1.406250
0.000000
0.100000
0.415037
0.362500
1.000000
0.000000
1
-0.195785
43.656990
1
0.036661
0.687500
0.000000
0.099999
0.464564
0.362500
1.000000
0.000000
1
-0.174380
50.775063
1
0.036661
0.687500
0.000000
0.099999
0.711714
0.362500
1.000000
0.000000
1
-0.112088
82.287239
1
0.036661
0.312500
0.000000
0.100000
0.734884
0.362500
1.000000
0.000000
1
-0.108397
83.955360
1
0.036661
1.218750
0.000000
0.100000
0.412391
0.362500
1.000000
0.000000
1
-0.197074
44.931671
1
0.036661
0.968750
0.000000
0.099999
0.575952
0.362500
1.000000
0.000000
1
-0.139688
31.591942
1
0.036661
1.312500
0.000000
0.099996
0.430816
0.362500
1.000000
0.000000
1
-0.188432
37.328354
1
0.036662
14.687500
0.000000
0.099979
0.093233
0.362500
1.000000
0.000000
1
-0.888815
10.553646
1
0.036662
0.156250
0.000000
0.099999
0.622983
0.362500
1.000000
0.000000
1
-0.128765
53.648438
1
0.036661
0.687500
0.000000
0.099999
0.529520
0.362500
1.000000
0.000000
1
-0.152375
45.511673
1
0.036662
0.718750
0.000000
0.099999
0.267606
0.362500
1.000000
0.000000
1
-0.306404
32.018806
1
0.036661
1.437500
0.000000
0.099997
0.567065
0.362500
1.000000
0.000000
1
-0.141956
14.524755
1
0.036661
1.187500
0.000000
0.099999
0.403066
0.362500
1.000000
0.000000
1
-0.201749
47.718410
1
0.036661
0.531250
0.000000
0.099999
0.550791
0.362500
1.000000
0.000000
1
-0.146298
57.226227
1
0.036661
0.500000
0.000000
0.099998
0.623180
0.362500
1.000000
0.000000
1
-0.128723
38.411140
1
0.036661
0.156250
0.000000
0.100000
0.794046
0.362500
1.000000
0.000000
1
-0.099948
82.396103
1
0.036661
0.500000
0.000000
0.099999
0.554693
0.362500
1.000000
0.000000
1
-0.145233
60.373566
1
0.036661
0.500000
0.000000
0.099999
0.557508
0.362500
1.000000
0.000000
1
-0.144475
59.535175
1
0.036661
0.843750
0.000000
0.100000
0.484432
0.362500
1.000000
0.000000
1
-0.167023
50.988209
1
0.036661
1.093750
0.000000
0.099998
0.582574
0.362500
1.000000
0.000000
1
-0.138043
21.132132
1
0.036661
0.625000
0.000000
0.099999
0.584823
0.362500
1.000000
0.000000
1
-0.137493
41.938770
1
0.036661
1.406250
0.000000
0.099998
0.446891
0.362500
1.000000
0.000000
1
-0.181474
34.271927
1
0.036661
0.875000
0.000000
0.099998
0.482081
0.362500
1.000000
0.000000
1
-0.167862
53.421074
1
0.036661
0.312500
0.000000
0.100000
0.748836
0.362500
1.000000
0.000000
1
-0.106284
87.128929
1
0.036661
0.031250
0.000000
0.099999
0.559616
0.362500
1.000000
0.000000
1
-0.143912
64.750237
1
0.036661
0.281250
0.000000
0.099999
0.574710
0.362500
1.000000
0.000000
1
-0.140001
56.008831
1
0.036661
0.406250
0.000000
0.100000
0.500122
0.362500
1.000000
0.000000
1
-0.161626
59.303547
1
0.036661
0.437500
0.000000
0.099999
0.567162
0.362500
1.000000
0.000000
1
-0.141931
58.261139
1
0.036661
1.437500
0.000000
0.099999
0.584014
0.362500
1.000000
0.000000
1
-0.137691
18.961941
1
0.036662
0.093750
0.000000
0.099999
0.646905
0.362500
1.000000
0.000000
1
-0.123819
41.822380
1
0.036661
0.750000
0.000000
0.099999
0.552690
0.362500
1.000000
0.000000
1
-0.145778
41.386932
1
0.036661
0.187500
0.000000
0.099998
0.630378
0.362500
1.000000
0.000000
1
-0.127196
11.298641
1
0.036661
0.968750
0.000000
0.099999
0.434565
0.362500
1.000000
0.000000
1
-0.186763
42.889256
1
0.036661
0.812500
0.000000
0.099998
0.484330
0.362500
1.000000
0.000000
1
-0.167059
51.336395
1
0.036661
0.781250
0.000000
0.100000
0.467128
0.362500
1.000000
0.000000
1
-0.173395
55.751236
1
0.036661
0.750000
0.000000
0.099999
0.479000
0.362500
1.000000
0.000000
1
-0.168974
53.519978
1
0.036661
0.000000
0.000000
0.099999
0.830232
0.200000
1.000000
0.000000
1
-0.095374
78.692970
0
0.036661
0.406250
0.000000
0.099999
0.553438
0.362500
1.000000
0.000000
1
-0.145574
60.724674
1
0.036661
0.687500
0.000000
0.099999
0.807874
0.362500
1.000000
0.000000
1
-0.098151
78.766251
1
0.036662
3.750000
0.000000
0.099960
0.122878
0.362500
1.000000
0.000000
1
-0.673181
11.064632
1
0.036661
1.406250
0.000000
0.099995
0.467049
0.362500
1.000000
0.000000
1
-0.173426
26.846912
1
0.036661
3.343750
0.000000
0.099987
0.217615
0.362500
1.000000
0.000000
1
-0.377940
12.109569
1
0.036661
0.812500
0.000000
0.099997
0.565507
0.362500
1.000000
0.000000
1
-0.142361
35.613117
1
0.036661
0.937500
0.000000
0.099996
0.482177
0.362500
1.000000
0.000000
1
-0.167827
18.084551
1
0.036661
0.687500
0.000000
0.099999
0.554430
0.362500
1.000000
0.000000
1
-0.145305
60.315239
1
0.036661
1.656250
0.000000
0.099999
0.599264
0.362500
1.000000
0.000000
1
-0.134060
24.750092
1
0.036661
0.218750
0.000000
0.100000
0.575785
0.362500
1.000000
0.000000
1
-0.139730
62.313812
1
0.036661
0.218750
0.000000
0.099999
0.566987
0.362500
1.000000
0.000000
1
-0.141976
63.857300
1
0.036662
0.093750
0.000000
0.100000
0.661135
0.362500
1.000000
0.000000
1
-0.121046
44.748554
1
0.036661
0.406250
0.000000
0.099999
0.575553
0.362500
1.000000
0.000000
1
-0.139788
57.801285
1
0.036661
0.625000
0.000000
0.099998
0.582807
0.362500
1.000000
0.000000
1
-0.137986
53.526699
1
0.036661
0.843750
0.000000
0.099999
0.578400
0.362500
1.000000
0.000000
1
-0.139076
27.968803
1
0.036661
0.343750
0.000000
0.099998
0.656134
0.362500
1.000000
0.000000
1
-0.122007
40.510166
1
0.036661
0.125000
0.000000
0.100000
0.593030
0.362500
1.000000
0.000000
1
-0.135521
61.676674
1
0.036661
0.812500
0.000000
0.099997
0.471125
0.362500
1.000000
0.000000
1
-0.171882
29.242229
1
0.036661
1.531250
0.000000
0.099996
0.471670
0.362500
1.000000
0.000000
1
-0.171677
26.672625
1
0.036661
1.125000
0.000000
0.100000
0.437178
0.362500
1.000000
0.000000
1
-0.185616
44.930840
1
0.036661
0.562500
0.000000
0.099999
0.818075
0.362500
1.000000
0.000000
1
-0.096865
79.422432
1
0.036661
1.218750
0.000000
0.099999
0.434858
0.362500
1.000000
0.000000
1
-0.186634
46.238995
1
0.036661
0.093750
0.000000
0.100000
0.608698
0.362500
1.000000
0.000000
1
-0.131904
56.043777
1
0.036661
0.187500
0.000000
0.100000
0.795577
0.362500
1.000000
0.000000
1
-0.099746
87.951385
1
0.036661
0.656250
0.000000
0.099999
0.562236
0.362500
1.000000
0.000000
1
-0.143218
44.006958
1
0.036661
0.343750
0.000000
0.099999
0.855190
0.362500
1.000000
0.000000
1
-0.092444
76.015686
1
0.036661
0.656250
0.000000
0.099999
0.572392
0.362500
1.000000
0.000000
1
-0.140588
58.852749
1
0.036661
0.218750
0.000000
0.099999
0.611684
0.362500
1.000000
0.000000
1
-0.131236
57.410782
1
0.036661
1.281250
0.000000
0.099999
0.425163
0.362500
1.000000
0.000000
1
-0.191003
49.805180
1
0.036661
0.375000
0.000000
0.100000
0.556560
0.362500
1.000000
0.000000
1
-0.144729
66.414749
1
0.036661
1.375000
0.000000
0.100000
0.597455
0.362500
1.000000
0.000000
1
-0.134481
18.141535
1
0.036661
0.343750
0.000000
0.099999
0.871433
0.362500
1.000000
0.000000
1
-0.090628
75.587212
1
0.036661
0.343750
0.000000
0.100000
0.804804
0.362500
1.000000
0.000000
1
-0.098545
87.103958
1
0.036661
0.343750
0.000000
0.099999
0.828014
0.362500
1.000000
0.000000
1
-0.095642
84.524933
1
0.036661
1.156250
0.000000
0.099999
0.428696
0.362500
1.000000
0.000000
1
-0.189388
50.408825
1
0.036661
0.312500
0.000000
0.099999
0.870091
0.362500
1.000000
0.000000
1
-0.090776
77.106232
1
0.036661
0.593750
0.000000
0.100000
0.584275
0.362500
1.000000
0.000000
1
-0.137627
58.280884
1
0.036661
0.031250
0.000000
0.099997
0.633485
0.362500
1.000000
0.000000
1
-0.126548
10.721425
1
0.036661
0.437500
0.000000
0.100000
0.790385
0.362500
1.000000
0.000000
1
-0.100434
86.900787
1
0.036661
3.468750
0.000000
0.099971
0.141599
0.362500
1.000000
0.000000
1
-0.583519
6.100192
1
0.036661
0.406250
0.000000
0.100000
0.606744
0.362500
1.000000
0.000000
1
-0.132345
51.131844
1
0.036661
0.875000
0.000000
0.099999
0.497264
0.362500
1.000000
0.000000
1
-0.162584
55.193001
1
0.036661
0.843750
0.000000
0.099998
0.510200
0.362500
1.000000
0.000000
1
-0.158335
51.444443
1
0.036661
0.218750
0.000000
0.100000
0.574501
0.362500
1.000000
0.000000
1
-0.140053
67.488152
1
0.036661
0.375000
0.000000
0.100000
1.106766
0.362500
1.000000
0.000000
1
-0.070294
131.816681
1
0.036661
0.343750
0.000000
0.099999
0.608386
0.362500
1.000000
0.000000
1
-0.131974
67.160164
1
0.036661
1.031250
0.000000
0.100000
0.616984
0.362500
1.000000
0.000000
1
-0.130066
25.137075
1
0.036661
1.031250
0.000000
0.099997
0.503892
0.362500
1.000000
0.000000
1
-0.160380
19.385126
1
0.036661
0.468750
0.000000
0.100000
0.602202
0.362500
1.000000
0.000000
1
-0.133381
64.062828
1
0.036661
0.968750
0.000000
0.099998
0.623057
0.362500
1.000000
0.000000
1
-0.128749
21.118429
1
0.036662
91.187500
0.000000
0.099962
0.058835
0.362500
1.000000
0.000000
1
-1.411403
6.626126
1
0.036661
0.156250
0.000000
0.100000
0.819015
0.362500
1.000000
0.000000
1
-0.096748
90.374969
1
0.036661
0.281250
0.000000
0.099999
0.836054
0.362500
1.000000
0.000000
1
-0.094675
82.304367
1
0.036661
0.906250
0.000000
0.100000
0.624433
0.362500
1.000000
0.000000
1
-0.128454
28.421265
1
0.036661
0.718750
0.000000
0.099999
0.570102
0.362500
1.000000
0.000000
1
-0.141173
49.286152
1
0.036661
1.031250
0.000000
0.099997
0.464240
0.362500
1.000000
0.000000
1
-0.174505
40.230103
1
0.036661
0.437500
0.000000
0.099999
0.597428
0.362500
1.000000
0.000000
1
-0.134487
57.385197
1
0.036661
0.468750
0.000000
0.099999
0.601251
0.362500
1.000000
0.000000
1
-0.133600
56.098595
1
0.036661
0.656250
0.000000
0.099999
0.505074
0.362500
1.000000
0.000000
1
-0.159992
57.644875
1
0.036661
0.312500
0.000000
0.100000
0.887513
0.362500
1.000000
0.000000
1
-0.088895
81.657021
1
0.036661
0.875000
0.000000
0.099998
0.629282
0.362500
1.000000
0.000000
1
-0.127426
14.319895
1
0.036661
0.000000
0.000000
0.099998
0.655644
0.200000
1.000000
0.000000
1
-0.122102
50.213509
0
0.036661
1.187500
0.000000
0.099998
0.477585
0.362500
1.000000
0.000000
1
-0.169489
35.454590
1
0.036661
1.562500
0.000000
0.099997
0.458112
0.362500
1.000000
0.000000
1
-0.176906
45.602993
1
0.036661
0.281250
0.000000
0.099999
0.862635
0.362500
1.000000
0.000000
1
-0.091603
85.836235
1
0.036661
0.312500
0.000000
0.099999
0.695000
0.362500
1.000000
0.000000
1
-0.114904
11.460030
1
0.036661
0.343750
0.000000
0.099999
0.621215
0.362500
1.000000
0.000000
1
-0.129146
60.273163
1
0.036661
0.437500
0.000000
0.099998
0.608651
0.362500
1.000000
0.000000
1
-0.131915
55.725163
1
0.036661
0.156250
0.000000
0.100000
0.672428
0.362500
1.000000
0.000000
1
-0.118929
45.724087
1
0.036661
0.437500
0.000000
0.099999
0.608599
0.362500
1.000000
0.000000
1
-0.131927
56.478947
1
0.036661
0.375000
0.000000
0.099999
0.598389
0.362500
1.000000
0.000000
1
-0.134263
61.415222
1
0.036661
0.437500
0.000000
0.100000
0.793228
0.362500
1.000000
0.000000
1
-0.100056
90.169067
1
0.036661
0.062500
0.000000
0.099999
0.667338
0.362500
1.000000
0.000000
1
-0.119874
59.270977
1
0.036661
0.156250
0.000000
0.100000
0.586479
0.362500
1.000000
0.000000
1
-0.137091
69.626358
1
0.036661
0.531250
0.000000
0.099999
0.580486
0.362500
1.000000
0.000000
1
-0.138558
65.870140
1
0.036661
0.687500
0.000000
0.100000
0.522221
0.362500
1.000000
0.000000
1
-0.154575
56.432365
1
0.036661
1.031250
0.000000
0.099999
0.445404
0.362500
1.000000
0.000000
1
-0.182096
51.910519
1
0.036661
0.843750
0.000000
0.099998
0.641984
0.362500
1.000000
0.000000
1
-0.124806
26.039997
1
0.036661
0.187500
0.000000
0.099999
0.619411
0.362500
1.000000
0.000000
1
-0.129536
66.803352
1
0.036661
0.812500
0.000000
0.099999
0.622110
0.362500
1.000000
0.000000
1
-0.128953
25.007713
1
0.036661
0.093750
0.000000
0.099999
0.626089
0.362500
1.000000
0.000000
1
-0.128101
53.085110
1
0.036661
0.250000
0.000000
0.099999
0.644173
0.362500
1.000000
0.000000
1
-0.124365
26.956831
1
0.036661
1.281250
0.000000
0.099999
0.502560
0.362500
1.000000
0.000000
1
-0.160818
28.509459
1
0.036661
0.343750
0.000000
0.099999
0.881766
0.362500
1.000000
0.000000
1
-0.089507
82.610939
1
0.036661
0.062500
0.000000
0.099998
0.613462
0.362500
1.000000
0.000000
1
-0.130841
58.486885
1
0.036661
0.875000
0.000000
0.099999
0.484328
0.362500
1.000000
0.000000
1
-0.167060
39.104607
1
0.036661
0.312500
0.000000
0.100000
0.879093
0.362500
1.000000
0.000000
1
-0.089795
80.111572
1
0.036661
12.593750
0.000000
0.099960
0.105840
0.362500
1.000000
0.000000
1
-0.782358
6.257645
1
0.036661
0.156250
0.000000
0.100000
0.591486
0.362500
1.000000
0.000000
1
-0.135888
70.298729
1
0.036661
0.343750
0.000000
0.100000
0.573741
0.362500
1.000000
0.000000
1
-0.140246
57.855965
1
0.036661
0.156250
0.000000
0.099998
0.656561
0.362500
1.000000
0.000000
1
-0.121924
64.999855
1
0.036661
0.718750
0.000000
0.099998
0.649352
0.362500
1.000000
0.000000
1
-0.123333
30.163803
1
0.036661
0.687500
0.000000
0.099997
0.544656
0.362500
1.000000
0.000000
1
-0.148002
17.103882
1
0.036661
0.062500
0.000000
0.100000
0.639249
0.362500
1.000000
0.000000
1
-0.125361
67.284378
1
0.036661
0.906250
0.000000
0.100000
0.444996
0.362500
1.000000
0.000000
1
-0.182268
53.196785
1
0.036661
1.125000
0.000000
0.099999
0.467923
0.362500
1.000000
0.000000
1
-0.173092
48.575233
1
0.036661
0.468750
0.000000
0.099999
0.583800
0.362500
1.000000
0.000000
1
-0.137743
68.577591
1
0.036661
0.156250
0.000000
0.100000
1.139147
0.362500
1.000000
0.000000
1
-0.068154
132.838455
1
0.036661
0.281250
0.000000
0.100000
0.625013
0.362500
1.000000
0.000000
1
-0.128331
71.109810
1
0.036661
0.312500
0.000000
0.100000
0.787141
0.362500
1.000000
0.000000
1
-0.100868
90.546753
1
0.036661
0.843750
0.000000
0.099999
0.466097
0.362500
1.000000
0.000000
1
-0.173790
49.755634
1
0.036661
0.000000
0.000000
0.099998
0.673350
0.200000
1.000000
0.000000
1
-0.118759
58.791550
0
0.036661
0.468750
0.000000
0.100000
0.532212
0.362500
1.000000
0.000000
1
-0.151579
57.164967
1
0.036661
0.125000
0.000000
0.100000
1.098934
0.362500
1.000000
0.000000
1
-0.070831
130.223053
1
0.036661
0.750000
0.000000
0.099999
0.631623
0.362500
1.000000
0.000000
1
-0.126935
27.638800
1
0.036661
0.531250
0.000000
0.100000
0.652297
0.362500
1.000000
0.000000
1
-0.122754
51.869213
1
0.036661
1.406250
0.000000
0.099999
0.524721
0.362500
1.000000
0.000000
1
-0.153815
21.323385
1
0.036661
0.781250
0.000000
0.100000
0.625933
0.362500
1.000000
0.000000
1
-0.128135
34.852989
1
0.036661
0.156250
0.000000
0.099999
0.645271
0.362500
1.000000
0.000000
1
-0.124145
62.662289
1
0.036661
1.312500
0.000000
0.100000
0.659686
0.362500
1.000000
0.000000
1
-0.121323
39.659843
1
0.036661
0.531250
0.000000
0.099998
0.657591
0.362500
1.000000
0.000000
1
-0.121725
29.616667
1
0.036661
0.125000
0.000000
0.100000
0.593559
0.362500
1.000000
0.000000
1
-0.135396
68.447769
1
0.036661
1.000000
0.000000
0.099996
0.503134
0.362500
1.000000
0.000000
1
-0.160629
35.534473
1
0.036661
0.125000
0.000000
0.100000
1.159791
0.362500
1.000000
0.000000
1
-0.066852
134.406082
1
0.036661
0.218750
0.000000
0.099999
0.640457
0.362500
1.000000
0.000000
1
-0.125115
67.673698
1
0.036661
0.000000
0.000000
0.099999
0.713223
0.200000
1.000000
0.000000
1
-0.111841
43.817638
0
0.036661
0.031250
0.000000
0.099999
0.667141
0.362500
1.000000
0.000000
1
-0.119911
58.819435
1
0.036661
0.343750
0.000000
0.099999
0.901483
0.362500
1.000000
0.000000
1
-0.087440
87.938301
1
0.036661
0.093750
0.000000
0.100000
0.641800
0.362500
1.000000
0.000000
1
-0.124843
56.438641
1
0.036661
1.031250
0.000000
0.100000
0.512959
0.362500
1.000000
0.000000
1
-0.157456
30.111589
1
0.036661
0.968750
0.000000
0.099998
0.490889
0.362500
1.000000
0.000000
1
-0.164760
43.002010
1
0.036661
0.625000
0.000000
0.100000
0.577206
0.362500
1.000000
0.000000
1
-0.139374
19.366474
1
0.036662
0.062500
0.000000
0.099999
0.759109
0.362500
1.000000
0.000000
1
-0.104778
22.378464
1
0.036661
0.468750
0.000000
0.099998
0.665290
0.362500
1.000000
0.000000
1
-0.120259
25.070755
1
0.036661
0.312500
0.000000
0.099999
0.854374
0.362500
1.000000
0.000000
1
-0.092537
91.495018
1
0.036661
0.375000
0.000000
0.099999
0.526344
0.362500
1.000000
0.000000
1
-0.153325
60.040443
1
0.036661
0.000000
0.000000
0.099998
0.668372
0.200000
1.000000
0.000000
1
-0.119681
61.892147
0
0.036661
0.343750
0.000000
0.099999
0.538830
0.362500
1.000000
0.000000
1
-0.149656
58.705750
1
0.036661
3.375000
0.000000
0.099974
0.173841
0.362500
1.000000
0.000000
1
-0.474367
5.351713
1
0.036661
0.156250
0.000000
0.099999
0.701535
0.362500
1.000000
0.000000
1
-0.113787
51.157261
1
0.036661
0.312500
0.000000
0.100000
0.642706
0.362500
1.000000
0.000000
1
-0.124660
68.227531
1
0.036661
0.125000
0.000000
0.100000
1.109286
0.362500
1.000000
0.000000
1
-0.070123
131.949539
1
0.036661
0.750000
0.000000
0.099999
0.655013
0.362500
1.000000
0.000000
1
-0.122224
21.757343
1
0.036661
0.031250
0.000000
0.099999
0.703143
0.362500
1.000000
0.000000
1
-0.113515
63.311417
1
0.036661
0.281250
0.000000
0.099999
0.681289
0.362500
1.000000
0.000000
1
-0.117317
65.464836
1
0.036661
0.218750
0.000000
0.099999
0.619011
0.362500
1.000000
0.000000
1
-0.129623
68.655991
1
0.036661
0.187500
0.000000
0.100000
0.914358
0.362500
1.000000
0.000000
1
-0.086139
96.465240
1
0.036661
1.218750
0.000000
0.099998
0.502695
0.362500
1.000000
0.000000
1
-0.160774
41.324009
1
0.036661
1.218750
0.000000
0.100000
0.353203
0.362500
1.000000
0.000000
1
-0.230936
7.943885
1
0.036661
0.125000
0.000000
0.100000
0.621811
0.362500
1.000000
0.000000
1
-0.129017
73.580956
1
0.036661
6.656250
0.000000
0.099907
0.104509
0.362500
1.000000
0.000000
1
-0.792388
4.023242
1
0.036661
1.312500
0.000000
0.099999
0.501189
0.362500
1.000000
0.000000
1
-0.161272
42.624844
1
0.036661
0.218750
0.000000
0.100000
0.914514
0.362500
1.000000
0.000000
1
-0.086123
93.409988
1
0.036661
0.250000
0.000000
0.100000
0.789835
0.362500
1.000000
0.000000
1
-0.100507
92.564468
1
0.036662
6.531250
0.000000
0.099972
0.168229
0.362500
1.000000
0.000000
1
-0.490360
10.182782
1
0.036661
0.625000
0.000000
0.099999
0.675526
0.362500
1.000000
0.000000
1
-0.118361
27.743177
1
0.036661
1.343750
0.000000
0.099997
0.512311
0.362500
1.000000
0.000000
1
-0.157662
38.782429
1
0.036661
0.656250
0.000000
0.099999
0.677722
0.362500
1.000000
0.000000
1
-0.117961
40.366989
1
0.036661
0.093750
0.000000
0.100000
0.977248
0.362500
1.000000
0.000000
1
-0.080274
80.562828
1
0.036661
0.125000
0.000000
0.100000
0.625255
0.362500
1.000000
0.000000
1
-0.128279
70.558716
1
0.036661
0.500000
0.000000
0.099999
0.562816
0.362500
1.000000
0.000000
1
-0.143065
59.884838
1
0.036661
0.468750
0.000000
0.099999
0.566784
0.362500
1.000000
0.000000
1
-0.142028
56.721863
1
0.036661
1.281250
0.000000
0.099999
0.505135
0.362500
1.000000
0.000000
1
-0.159973
43.005058
1
0.036661
0.531250
0.000000
0.100000
0.811173
0.362500
1.000000
0.000000
1
-0.097732
93.441238
1
0.036661
0.625000
0.000000
0.099998
0.679449
0.362500
1.000000
0.000000
1
-0.117648
22.313696
1
0.036661
1.312500
0.000000
0.099999
0.502119
0.362500
1.000000
0.000000
1
-0.160964
44.920589
1
0.036661
0.093750
0.000000
0.100000
0.958273
0.362500
1.000000
0.000000
1
-0.081962
89.372101
1
0.036661
0.406250
0.000000
0.099999
0.651859
0.362500
1.000000
0.000000
1
-0.122840
69.537277
1
0.036661
0.437500
0.000000
0.100000
0.546740
0.362500
1.000000
0.000000
1
-0.147419
63.158878
1
0.036661
0.562500
0.000000
0.099998
0.680571
0.362500
1.000000
0.000000
1
-0.117446
29.075140
1
0.036661
1.281250
0.000000
0.099999
0.514764
0.362500
1.000000
0.000000
1
-0.156887
39.407166
1
0.036661
1.062500
0.000000
0.099997
0.503232
0.362500
1.000000
0.000000
1
-0.160597
44.443405
1
0.036661
0.125000
0.000000
0.100000
0.816062
0.362500
1.000000
0.000000
1
-0.097116
97.914146
1
0.036661
1.031250
0.000000
0.099999
0.481111
0.362500
1.000000
0.000000
1
-0.168210
53.127029
1
0.036661
0.093750
0.000000
0.100000
0.950892
0.362500
1.000000
0.000000
1
-0.082637
91.265732
1
0.036661
0.500000
0.000000
0.100000
0.823832
0.362500
1.000000
0.000000
1
-0.096153
97.586441
1
0.036661
0.718750
0.000000
0.099999
0.687106
0.362500
1.000000
0.000000
1
-0.116282
32.184269
1
0.036661
0.406250
0.000000
0.100000
0.962200
0.362500
1.000000
0.000000
1
-0.081607
82.799332
1
0.036661
0.406250
0.000000
0.099998
0.568961
0.362500
1.000000
0.000000
1
-0.141466
59.878109
1
0.036661
1.531250
0.000000
0.099999
0.550018
0.362500
1.000000
0.000000
1
-0.146510
19.918003
1
0.036661
0.062500
0.000000
0.100000
0.923830
0.362500
1.000000
0.000000
1
-0.085204
92.086334
1
0.036661
0.031250
0.000000
0.099999
0.929553
0.362500
1.000000
0.000000
1
-0.084649
94.998367
1
0.036661
0.093750
0.000000
0.100000
0.671551
0.362500
1.000000
0.000000
1
-0.119091
65.360703
1
0.036661
0.343750
0.000000
0.100000
0.767432
0.362500
1.000000
0.000000
1
-0.103587
91.940765
1
0.036661
0.156250
0.000000
0.099999
0.733713
0.362500
1.000000
0.000000
1
-0.108578
47.180595
1
0.036662
87.531250
0.000000
0.099901
0.065644
0.362500
1.000000
0.000000
1
-1.264475
6.553887
1
0.036661
0.718750
0.000000
0.099999
0.660369
0.362500
1.000000
0.000000
1
-0.121192
31.393328
1
0.036661
0.343750
0.000000
0.099999
0.713330
0.362500
1.000000
0.000000
1
-0.111823
57.673668
1
0.036662
0.000000
0.000000
0.099999
0.760971
0.200000
1.000000
0.000000
1
-0.104509
52.150566
0
0.036661
0.687500
0.000000
0.099999
0.688118
0.362500
1.000000
0.000000
1
-0.116103
41.025326
1
0.036661
0.250000
0.000000
0.100000
0.968327
0.362500
1.000000
0.000000
1
-0.081059
92.119431
1
0.036661
0.218750
0.000000
0.099999
0.664811
0.362500
1.000000
0.000000
1
-0.120349
61.699883
1
0.036661
0.687500
0.000000
0.099999
0.690710
0.362500
1.000000
0.000000
1
-0.115649
35.138100
1
0.036661
0.031250
0.000000
0.100000
0.939017
0.362500
1.000000
0.000000
1
-0.083745
99.044426
1
0.036661
0.906250
0.000000
0.099999
0.489373
0.362500
1.000000
0.000000
1
-0.165286
52.239971
1
0.036661
1.250000
0.000000
0.099997
0.517840
0.362500
1.000000
0.000000
1
-0.155925
41.272152
1
0.036661
1.468750
0.000000
0.100000
0.542835
0.362500
1.000000
0.000000
1
-0.148515
27.222544
1
0.036661
0.625000
0.000000
0.099998
0.690193
0.362500
1.000000
0.000000
1
-0.115739
53.751270
1
0.036661
0.000000
0.000000
0.099999
0.722181
0.200000
1.000000
0.000000
1
-0.110391
64.871475
0
0.036661
0.187500
0.000000
0.099999
0.883078
0.362500
1.000000
0.000000
1
-0.089367
91.593559
1
0.036661
0.593750
0.000000
0.099998
0.697275
0.362500
1.000000
0.000000
1
-0.114513
32.960083
1
0.036661
0.156250
0.000000
0.100000
0.621863
0.362500
1.000000
0.000000
1
-0.129006
71.915306
1
0.036661
0.000000
0.000000
0.100000
0.957159
0.200000
1.000000
0.000000
1
-0.082063
94.610168
0
0.036661
0.906250
0.000000
0.099998
0.486819
0.362500
1.000000
0.000000
1
-0.166179
54.365215
1
0.036661
0.218750
0.000000
0.099999
0.665890
0.362500
1.000000
0.000000
1
-0.120146
63.848953
1
0.036661
0.031250
0.000000
0.100000
0.925701
0.362500
1.000000
0.000000
1
-0.085022
101.627190
1
0.036661
1.093750
0.000000
0.099999
0.515999
0.362500
1.000000
0.000000
1
-0.156499
44.791214
1
0.036661
0.531250
0.000000
0.099998
0.694922
0.362500
1.000000
0.000000
1
-0.114918
51.354336
1
0.036661
0.500000
0.000000
0.099999
0.700362
0.362500
1.000000
0.000000
1
-0.113986
38.125175
1
0.036661
0.718750
0.000000
0.099998
0.643643
0.362500
1.000000
0.000000
1
-0.124472
51.021069
1
0.036661
0.125000
0.000000
0.100000
1.154475
0.362500
1.000000
0.000000
1
-0.067183
133.807480
1
0.036661
1.218750
0.000000
0.099998
0.525389
0.362500
1.000000
0.000000
1
-0.153613
39.892143
1
0.036661
0.437500
0.000000
0.100000
1.108793
0.362500
1.000000
0.000000
1
-0.070157
131.015289
1
0.036661
0.218750
0.000000
0.100000
1.117594
0.362500
1.000000
0.000000
1
-0.069565
130.279160
1
0.036661
0.281250
0.000000
0.100000
0.980485
0.362500
1.000000
0.000000
1
-0.079992
97.230003
1
0.036661
1.218750
0.000000
0.099999
0.565987
0.362500
1.000000
0.000000
1
-0.142236
18.945999
1
0.036661
0.281250
0.000000
0.100000
0.998912
0.362500
1.000000
0.000000
1
-0.078424
95.163353
1
0.036661
0.656250
0.000000
0.099999
0.588366
0.362500
1.000000
0.000000
1
-0.136635
52.534801
1
0.036661
0.187500
0.000000
0.100000
1.110210
0.362500
1.000000
0.000000
1
-0.070061
129.467636
1
0.036661
0.281250
0.000000
0.100000
0.904819
0.362500
1.000000
0.000000
1
-0.087099
97.778053
1
0.036661
0.093750
0.000000
0.099999
0.658356
0.362500
1.000000
0.000000
1
-0.121578
73.209625
1
0.036661
0.093750
0.000000
0.100000
0.897943
0.362500
1.000000
0.000000
1
-0.087805
104.170662
1
0.036661
0.968750
0.000000
0.099999
0.593655
0.362500
1.000000
0.000000
1
-0.135374
15.750808
1
0.036661
0.531250
0.000000
0.100000
0.985408
0.362500
1.000000
0.000000
1
-0.079567
85.757462
1
0.036661
0.500000
0.000000
0.099998
0.706627
0.362500
1.000000
0.000000
1
-0.112931
40.993904
1
0.036661
0.875000
0.000000
0.099999
0.521855
0.362500
1.000000
0.000000
1
-0.154687
45.117741
1
0.036661
0.656250
0.000000
0.099999
0.577878
0.362500
1.000000
0.000000
1
-0.139206
61.044418
1
0.036661
0.156250
0.000000
0.100000
1.126114
0.362500
1.000000
0.000000
1
-0.069001
130.343292
1
0.036661
0.937500
0.000000
0.099999
0.519673
0.362500
1.000000
0.000000
1
-0.155357
46.168167
1
0.036661
0.281250
0.000000
0.100000
0.974940
0.362500
1.000000
0.000000
1
-0.080475
100.328033
1
0.036661
0.093750
0.000000
0.099999
0.692380
0.362500
1.000000
0.000000
1
-0.115358
66.045746
1
0.036661
0.531250
0.000000
0.100000
1.003673
0.362500
1.000000
0.000000
1
-0.078028
83.433617
1
0.036661
0.656250
0.000000
0.100000
0.562805
0.362500
1.000000
0.000000
1
-0.143068
60.601189
1
0.036661
0.906250
0.000000
0.099998
0.518012
0.362500
1.000000
0.000000
1
-0.155872
47.617519
1
0.036661
1.000000
0.000000
0.099997
0.531512
0.362500
1.000000
0.000000
1
-0.151786
40.947235
1
0.036661
0.281250
0.000000
0.099999
1.013322
0.362500
1.000000
0.000000
1
-0.077238
94.378670
1
0.036661
0.312500
0.000000
0.100000
0.886880
0.362500
1.000000
0.000000
1
-0.088962
103.557518
1
0.036661
0.250000
0.000000
0.100000
0.971000
0.362500
1.000000
0.000000
1
-0.080822
100.834938
1
0.036661
0.687500
0.000000
0.099999
0.326614
0.362500
1.000000
0.000000
1
-0.250143
39.069618
1
0.036661
0.687500
0.000000
0.099999
0.576571
0.362500
1.000000
0.000000
1
-0.139533
62.541843
1
0.036661
0.281250
0.000000
0.099999
1.005139
0.362500
1.000000
0.000000
1
-0.077907
89.435875
1
0.036661
0.218750
0.000000
0.100000
0.996023
0.362500
1.000000
0.000000
1
-0.078666
98.141403
1
0.036661
0.156250
0.000000
0.100000
0.503736
0.362500
1.000000
0.000000
1
-0.160431
54.199718
1
0.036661
0.687500
0.000000
0.100000
0.578266
0.362500
1.000000
0.000000
1
-0.139109
64.543747
1
0.036661
0.218750
0.000000
0.100000
0.704401
0.362500
1.000000
0.000000
1
-0.113304
58.267262
1
0.036661
0.468750
0.000000
0.100000
0.678050
0.362500
1.000000
0.000000
1
-0.117902
38.035503
1
0.036662
0.062500
0.000000
0.099999
0.714551
0.362500
1.000000
0.000000
1
-0.111623
76.680412
1
0.036661
0.093750
0.000000
0.099998
0.802164
0.362500
1.000000
0.000000
1
-0.098886
31.974901
1
0.036661
0.343750
0.000000
0.100000
1.093004
0.362500
1.000000
0.000000
1
-0.071243
128.730789
1
0.036661
0.125000
0.000000
0.099999
0.932688
0.362500
1.000000
0.000000
1
-0.084348
100.364357
1
0.036661
0.187500
0.000000
0.100000
1.008077
0.362500
1.000000
0.000000
1
-0.077666
93.600700
1
0.036661
1.468750
0.000000
0.100000
0.720345
0.362500
1.000000
0.000000
1
-0.110685
26.954916
1
0.036662
0.062500
0.000000
0.099999
0.781495
0.362500
1.000000
0.000000
1
-0.101633
55.054974
1
0.036661
0.375000
0.000000
0.099999
0.719077
0.362500
1.000000
0.000000
1
-0.110889
42.531319
1
0.036661
0.218750
0.000000
0.099999
0.686666
0.362500
1.000000
0.000000
1
-0.116360
67.820831
1
0.036661
0.750000
0.000000
0.099999
0.639775
0.362500
1.000000
0.000000
1
-0.125254
61.673538
1
0.036661
1.031250
0.000000
0.099997
0.573583
0.362500
1.000000
0.000000
1
-0.140286
24.465141
1
0.036661
0.687500
0.000000
0.100000
0.568043
0.362500
1.000000
0.000000
1
-0.141703
67.502617
1
0.036661
0.375000
0.000000
0.100000
0.721088
0.362500
1.000000
0.000000
1
-0.110566
42.208797
1
0.036661
0.187500
0.000000
0.100000
0.653422
0.362500
1.000000
0.000000
1
-0.122534
75.445236
1
0.036661
0.593750
0.000000
0.100000
0.607807
0.362500
1.000000
0.000000
1
-0.132105
70.202820
1
0.036661
1.406250
0.000000
0.100000
0.707572
0.362500
1.000000
0.000000
1
-0.112774
18.561596
1
0.036661
0.500000
0.000000
0.099999
0.988762
0.362500
1.000000
0.000000
1
-0.079281
94.113113
1
0.036661
0.562500
0.000000
0.099999
0.583082
0.362500
1.000000
0.000000
1
-0.137919
60.754654
1
0.036661
0.000000
0.000000
0.100000
0.799828
0.200000
1.000000
0.000000
1
-0.099189
43.122887
0
0.036661
1.281250
0.000000
0.099998
0.685126
0.362500
1.000000
0.000000
1
-0.116632
38.046852
1
0.036661
0.468750
0.000000
0.100000
0.982544
0.362500
1.000000
0.000000
1
-0.079814
95.576363
1
0.036661
0.062500
0.000000
0.099999
0.707038
0.362500
1.000000
0.000000
1
-0.112863
76.438278
1
0.036661
1.125000
0.000000
0.099999
0.536019
0.362500
1.000000
0.000000
1
-0.150467
44.604218
1
0.036661
0.093750
0.000000
0.099999
0.743456
0.362500
1.000000
0.000000
1
-0.107089
67.084221
1
0.036661
0.187500
0.000000
0.099999
0.715364
0.362500
1.000000
0.000000
1
-0.111491
54.591503
1
0.036661
1.062500
0.000000
0.099999
0.507555
0.362500
1.000000
0.000000
1
-0.159186
55.782658
1
0.036661
0.531250
0.000000
0.099999
0.586446
0.362500
1.000000
0.000000
1
-0.137099
60.386044
1
0.036661
0.156250
0.000000
0.099999
1.002513
0.362500
1.000000
0.000000
1
-0.078124
101.864075
1
0.036661
0.281250
0.000000
0.100000
0.651092
0.362500
1.000000
0.000000
1
-0.122990
74.839104
1
0.036661
1.062500
0.000000
0.099998
0.515739
0.362500
1.000000
0.000000
1
-0.156581
53.869873
1
0.036661
0.906250
0.000000
0.099999
0.548194
0.362500
1.000000
0.000000
1
-0.147014
40.538700
1
0.036661
0.625000
0.000000
0.099998
0.675882
0.362500
1.000000
0.000000
1
-0.118296
48.951019
1
0.036661
0.875000
0.000000
0.099999
0.551243
0.362500
1.000000
0.000000
1
-0.146173
39.988754
1
0.036661
0.625000
0.000000
0.099999
0.636713
0.362500
1.000000
0.000000
1
-0.125881
66.548775
1
0.036661
0.156250
0.000000
0.099999
0.706732
0.362500
1.000000
0.000000
1
-0.112914
67.487297
1
0.036661
0.250000
0.000000
0.100000
1.067198
0.362500
1.000000
0.000000
1
-0.073086
89.921432
1
0.036661
0.468750
0.000000
0.099999
0.729721
0.362500
1.000000
0.000000
1
-0.109199
48.661289
1
0.036661
1.000000
0.000000
0.099998
0.705704
0.362500
1.000000
0.000000
1
-0.113086
27.791256
1
0.036661
1.156250
0.000000
0.099999
0.530253
0.362500
1.000000
0.000000
1
-0.152158
49.684505
1
0.036661
0.656250
0.000000
0.099999
0.597585
0.362500
1.000000
0.000000
1
-0.134450
64.475395
1
0.036661
0.875000
0.000000
0.099999
0.642778
0.362500
1.000000
0.000000
1
-0.124646
20.920494
1
0.036661
0.625000
0.000000
0.100000
0.599450
0.362500
1.000000
0.000000
1
-0.134016
62.498001
1
0.036661
1.093750
0.000000
0.099998
0.528889
0.362500
1.000000
0.000000
1
-0.152563
50.508236
1
0.036661
1.156250
0.000000
0.100000
0.582168
0.362500
1.000000
0.000000
1
-0.138143
24.948942
1
0.036661
0.125000
0.000000
0.099999
0.780495
0.362500
1.000000
0.000000
1
-0.101770
50.440762
1
0.036661
0.406250
0.000000
0.100000
0.992719
0.362500
1.000000
0.000000
1
-0.078945
91.527290
1
0.036661
0.562500
0.000000
0.100000
0.580238
0.362500
1.000000
0.000000
1
-0.138619
68.921730
1
0.036661
0.562500
0.000000
0.099999
0.650461
0.362500
1.000000
0.000000
1
-0.123114
64.200638
1
0.036661
0.250000
0.000000
0.100000
0.680054
0.362500
1.000000
0.000000
1
-0.117539
72.297577
1
0.036661
0.375000
0.000000
0.100000
0.834754
0.362500
1.000000
0.000000
1
-0.094830
99.576721
1
0.036661
0.968750
0.000000
0.099998
0.520902
0.362500
1.000000
0.000000
1
-0.154979
54.338913
1
0.036661
0.031250
0.000000
0.099999
0.745597
0.362500
1.000000
0.000000
1
-0.106767
65.753220
1
0.036661
0.531250
0.000000
0.099999
0.605370
0.362500
1.000000
0.000000
1
-0.132657
60.756031
1
0.036661
0.531250
0.000000
0.099999
0.511950
0.362500
1.000000
0.000000
1
-0.157776
57.018116
1
0.036661
0.781250
0.000000
0.099999
0.552136
0.362500
1.000000
0.000000
1
-0.145929
41.527901
1
0.036661
1.125000
0.000000
0.099998
0.532845
0.362500
1.000000
0.000000
1
-0.151393
50.619961
1
0.036661
0.343750
0.000000
0.100000
1.164532
0.362500
1.000000
0.000000
1
-0.066559
133.970627
1
0.036661
0.875000
0.000000
0.099998
0.716208
0.362500
1.000000
0.000000
1
-0.111354
22.554205
1
0.036661
0.093750
0.000000
0.100000
0.796316
0.362500
1.000000
0.000000
1
-0.099649
58.377529
1
0.036662
86.406250
0.000000
0.099885
0.051630
0.362500
1.000000
0.000000
1
-1.609071
4.850911
1
0.036661
1.125000
0.000000
0.099999
0.527885
0.362500
1.000000
0.000000
1
-0.152863
52.983688
1
0.036661
1.218750
0.000000
0.100000
0.740128
0.362500
1.000000
0.000000
1
-0.107593
36.613110
1
0.036661
1.062500
0.000000
0.099999
0.564298
0.362500
1.000000
0.000000
1
-0.142676
36.099277
1
0.036661
0.531250
0.000000
0.099999
0.598774
0.362500
1.000000
0.000000
1
-0.134173
62.877075
1
0.036661
0.093750
0.000000
0.100000
1.026792
0.362500
1.000000
0.000000
1
-0.076159
97.592606
1
0.036661
1.187500
0.000000
0.099999
0.745148
0.362500
1.000000
0.000000
1
-0.106835
31.015907
1
0.036661
0.125000
0.000000
0.100000
0.576811
0.362500
1.000000
0.000000
1
-0.139473
68.991325
1
0.036661
0.187500
0.000000
0.099999
0.724122
0.362500
1.000000
0.000000
1
-0.110082
69.412720
1
0.036661
1.218750
0.000000
0.099999
0.743591
0.362500
1.000000
0.000000
1
-0.107069
39.503574
1
0.036661
0.781250
0.000000
0.100000
0.699312
0.362500
1.000000
0.000000
1
-0.114165
43.756969
1
0.036661
0.187500
0.000000
0.100000
0.724677
0.362500
1.000000
0.000000
1
-0.109994
75.106934
1
0.036661
0.000000
0.000000
0.099999
0.736092
0.200000
1.000000
0.000000
1
-0.108211
74.061035
0
0.036661
0.281250
0.000000
0.100000
1.004007
0.362500
1.000000
0.000000
1
-0.078001
93.395561
1
0.036661
0.156250
0.000000
0.099999
0.725589
0.362500
1.000000
0.000000
1
-0.109849
68.958885
1
0.036661
0.281250
0.000000
0.099999
0.726704
0.362500
1.000000
0.000000
1
-0.109673
60.318844
1
0.036661
0.531250
0.000000
0.100000
0.746677
0.362500
1.000000
0.000000
1
-0.106606
52.613998
1
0.036661
0.312500
0.000000
0.100000
0.657925
0.362500
1.000000
0.000000
1
-0.121661
77.366745
1
0.036661
0.281250
0.000000
0.100000
1.039582
0.362500
1.000000
0.000000
1
-0.075160
106.196098
1
0.036661
0.968750
0.000000
0.099999
0.539535
0.362500
1.000000
0.000000
1
-0.149454
51.605167
1
0.036661
1.093750
0.000000
0.099999
0.745903
0.362500
1.000000
0.000000
1
-0.106722
23.814074
1
0.036661
0.093750
0.000000
0.100000
1.049455
0.362500
1.000000
0.000000
1
-0.074406
95.450706
1
0.036661
0.250000
0.000000
0.100000
1.083855
0.362500
1.000000
0.000000
1
-0.071886
99.785973
1
0.036661
0.531250
0.000000
0.099999
0.619864
0.362500
1.000000
0.000000
1
-0.129438
58.537437
1
0.036661
0.000000
0.000000
0.099999
0.769191
0.200000
1.000000
0.000000
1
-0.103339
61.577824
0
0.036661
0.718750
0.000000
0.099999
0.741371
0.362500
1.000000
0.000000
1
-0.107404
21.825256
1
0.036661
0.281250
0.000000
0.100000
1.208708
0.362500
1.000000
0.000000
1
-0.063944
136.227524
1
0.036661
1.562500
0.000000
0.100000
0.233075
0.362500
1.000000
0.000000
1
-0.352538
27.947321
1
0.036661
0.531250
0.000000
0.099999
0.581463
0.362500
1.000000
0.000000
1
-0.138317
66.654312
1
0.036662
0.156250
0.000000
0.100000
0.727061
0.362500
1.000000
0.000000
1
-0.109617
86.885902
1
0.036661
0.531250
0.000000
0.100000
0.560211
0.362500
1.000000
0.000000
1
-0.143754
45.462242
1
0.036661
0.343750
0.000000
0.099999
0.602097
0.362500
1.000000
0.000000
1
-0.133405
63.399136
1
0.036661
0.875000
0.000000
0.099998
0.758260
0.362500
1.000000
0.000000
1
-0.104901
27.732037
1
0.036661
0.437500
0.000000
0.100000
0.514166
0.362500
1.000000
0.000000
1
-0.157075
60.297165
1
0.036661
0.093750
0.000000
0.100000
1.046943
0.362500
1.000000
0.000000
1
-0.074597
102.547440
1
0.036661
0.312500
0.000000
0.099999
0.614221
0.362500
1.000000
0.000000
1
-0.130673
59.999599
1
0.036661
0.875000
0.000000
0.099999
0.760796
0.362500
1.000000
0.000000
1
-0.104535
31.813715
1
0.036661
0.156250
0.000000
0.100000
0.998785
0.362500
1.000000
0.000000
1
-0.078435
109.826653
1
0.036661
0.437500
0.000000
0.100000
1.101309
0.362500
1.000000
0.000000
1
-0.070668
94.900940
1
0.036661
0.125000
0.000000
0.099999
0.748139
0.362500
1.000000
0.000000
1
-0.106388
65.635239
1
0.036661
0.281250
0.000000
0.100000
0.938084
0.362500
1.000000
0.000000
1
-0.083834
108.408783
1
0.036662
0.156250
0.000000
0.099999
0.803559
0.362500
1.000000
0.000000
1
-0.098705
80.709183
1
0.036661
0.093750
0.000000
0.100000
0.746147
0.362500
1.000000
0.000000
1
-0.106685
67.229103
1
0.036661
0.437500
0.000000
0.099999
0.626772
0.362500
1.000000
0.000000
1
-0.127956
57.835209
1
0.036661
0.406250
0.000000
0.100000
1.110438
0.362500
1.000000
0.000000
1
-0.070046
92.482956
1
0.036662
85.187500
0.000000
0.099788
0.051985
0.362500
1.000000
0.000000
1
-1.598057
4.978842
1
0.036661
0.250000
0.000000
0.100000
1.187093
0.362500
1.000000
0.000000
1
-0.065200
134.253113
1
0.036661
0.218750
0.000000
0.099999
0.763821
0.362500
1.000000
0.000000
1
-0.104101
66.807274
1
0.036662
0.031250
0.000000
0.100000
0.743203
0.362500
1.000000
0.000000
1
-0.107127
85.783493
1
0.036661
0.031250
0.000000
0.100000
1.014454
0.362500
1.000000
0.000000
1
-0.077146
111.371956
1
0.036661
0.625000
0.000000
0.100000
0.742741
0.362500
1.000000
0.000000
1
-0.107197
19.345949
1
0.036661
0.531250
0.000000
0.099998
0.567184
0.362500
1.000000
0.000000
1
-0.141925
43.561012
1
0.036661
0.000000
0.000000
0.099999
0.749580
0.200000
1.000000
0.000000
1
-0.106173
71.907234
0
0.036661
0.062500
0.000000
0.100000
1.062683
0.362500
1.000000
0.000000
1
-0.073418
93.947098
1
0.036661
0.125000
0.000000
0.100000
1.067701
0.362500
1.000000
0.000000
1
-0.073049
107.724785
1
0.036661
0.406250
0.000000
0.099999
0.634313
0.362500
1.000000
0.000000
1
-0.126376
58.127201
1
0.036662
0.000000
0.000000
0.100000
0.878794
0.200000
1.000000
0.000000
1
-0.089827
12.696133
0
0.036661
0.375000
0.000000
0.099999
1.071069
0.362500
1.000000
0.000000
1
-0.072804
99.570396
1
0.036661
0.250000
0.000000
0.100000
0.936797
0.362500
1.000000
0.000000
1
-0.083956
110.779129
1
0.036661
0.937500
0.000000
0.100000
0.559382
0.362500
1.000000
0.000000
1
-0.143974
48.408257
1
0.036661
0.406250
0.000000
0.100000
0.691919
0.362500
1.000000
0.000000
1
-0.115438
81.063644
1
0.036661
0.687500
0.000000
0.100000
0.722540
0.362500
1.000000
0.000000
1
-0.110334
41.185219
1
0.036661
0.437500
0.000000
0.099999
0.583285
0.362500
1.000000
0.000000
1
-0.137869
37.921566
1
0.036661
0.281250
0.000000
0.100000
0.748475
0.362500
1.000000
0.000000
1
-0.106337
59.455673
1
0.036661
0.281250
0.000000
0.100000
0.727853
0.362500
1.000000
0.000000
1
-0.109492
76.872986
1
0.036661
0.000000
0.000000
0.099999
0.741635
0.200000
1.000000
0.000000
1
-0.107364
75.254799
0
0.036661
0.406250
0.000000
0.099999
0.632362
0.362500
1.000000
0.000000
1
-0.126781
62.888721
1
0.036661
0.093750
0.000000
0.100000
1.027167
0.362500
1.000000
0.000000
1
-0.076129
105.270851
1
0.036661
0.062500
0.000000
0.099999
1.114499
0.362500
1.000000
0.000000
1
-0.069772
100.021080
1
0.036661
0.375000
0.000000
0.099998
0.581924
0.362500
1.000000
0.000000
1
-0.138203
39.370346
1
0.036661
1.531250
0.000000
0.099998
0.642284
0.362500
1.000000
0.000000
1
-0.124745
60.476891
1
0.036661
0.375000
0.000000
0.100000
0.614462
0.362500
1.000000
0.000000
1
-0.130620
70.867226
1
0.036661
0.218750
0.000000
0.100000
1.046477
0.362500
1.000000
0.000000
1
-0.074632
125.005478
1
0.036661
0.500000
0.000000
0.099998
0.587413
0.362500
1.000000
0.000000
1
-0.136865
37.440800
1
0.036661
0.656250
0.000000
0.099999
0.774312
0.362500
1.000000
0.000000
1
-0.102623
31.860283
1
0.036661
0.187500
0.000000
0.100000
1.196238
0.362500
1.000000
0.000000
1
-0.064663
135.643509
1
0.036661
0.531250
0.000000
0.099998
0.605772
0.362500
1.000000
0.000000
1
-0.132566
29.545244
1
0.036661
0.031250
0.000000
0.100000
1.118617
0.362500
1.000000
0.000000
1
-0.069497
101.139603
1
0.036661
0.343750
0.000000
0.099999
0.625993
0.362500
1.000000
0.000000
1
-0.128122
65.993439
1
0.036661
0.062500
0.000000
0.099999
0.742473
0.362500
1.000000
0.000000
1
-0.107238
76.481873
1
0.036661
0.125000
0.000000
0.100000
1.045084
0.362500
1.000000
0.000000
1
-0.074738
103.820053
1
0.036661
0.843750
0.000000
0.100000
0.566388
0.362500
1.000000
0.000000
1
-0.142131
48.662209
1
0.036661
0.156250
0.000000
0.100000
1.104998
0.362500
1.000000
0.000000
1
-0.070415
129.271652
1
0.036661
0.312500
0.000000
0.099999
0.630852
0.362500
1.000000
0.000000
1
-0.127097
64.243866
1
0.036662
0.125000
0.000000
0.099999
0.795542
0.362500
1.000000
0.000000
1
-0.099751
78.301361
1
0.036661
0.562500
0.000000
0.099999
0.767285
0.362500
1.000000
0.000000
1
-0.103608
62.204494
1
0.036661
0.531250
0.000000
0.100000
0.770610
0.362500
1.000000
0.000000
1
-0.103139
56.562340
1
0.036661
1.218750
0.000000
0.099998
0.600061
0.362500
1.000000
0.000000
1
-0.133875
31.853346
1
0.036661
0.125000
0.000000
0.100000
0.991082
0.362500
1.000000
0.000000
1
-0.079083
112.321556
1
0.036661
0.093750
0.000000
0.099999
0.649588
0.362500
1.000000
0.000000
1
-0.123286
12.613069
1
0.036661
0.156250
0.000000
0.100000
0.937245
0.362500
1.000000
0.000000
1
-0.083913
103.867104
1
0.036661
0.375000
0.000000
0.100000
0.746300
0.362500
1.000000
0.000000
1
-0.106662
78.256538
1
0.036661
0.718750
0.000000
0.100000
0.725979
0.362500
1.000000
0.000000
1
-0.109787
47.057644
1
0.036661
0.187500
0.000000
0.100000
0.753596
0.362500
1.000000
0.000000
1
-0.105581
82.419121
1
0.036661
0.343750
0.000000
0.100000
0.960648
0.362500
1.000000
0.000000
1
-0.081747
113.594765
1
0.036661
0.281250
0.000000
0.100000
1.031028
0.362500
1.000000
0.000000
1
-0.075825
100.373047
1
0.036661
0.593750
0.000000
0.100000
0.530511
0.362500
1.000000
0.000000
1
-0.152081
61.225330
1
0.036661
0.343750
0.000000
0.100000
1.115351
0.362500
1.000000
0.000000
1
-0.069715
98.071312
1
0.036661
0.156250
0.000000
0.100000
0.593310
0.362500
1.000000
0.000000
1
-0.135455
70.275658
1
0.036661
0.000000
0.000000
0.100000
0.974884
0.200000
1.000000
0.000000
1
-0.080480
114.624962
0
0.036662
0.031250
0.000000
0.100000
0.831890
0.362500
1.000000
0.000000
1
-0.095174
79.265839
1
0.036661
0.000000
0.000000
0.099999
0.849155
0.200000
1.000000
0.000000
1
-0.093137
47.552353
0
0.036661
0.531250
0.000000
0.099999
0.783291
0.362500
1.000000
0.000000
1
-0.101389
25.847542
1
0.036661
0.250000
0.000000
0.099999
0.589079
0.362500
1.000000
0.000000
1
-0.136464
40.048084
1
0.036661
0.250000
0.000000
0.100000
1.146790
0.362500
1.000000
0.000000
1
-0.067667
100.344162
1
0.036661
0.281250
0.000000
0.100000
1.033737
0.362500
1.000000
0.000000
1
-0.075614
102.207382
1
0.036661
0.343750
0.000000
0.100000
1.100266
0.362500
1.000000
0.000000
1
-0.070739
105.984192
1
0.036661
0.250000
0.000000
0.100000
0.753094
0.362500
1.000000
0.000000
1
-0.105655
68.691917
1
0.036661
0.875000
0.000000
0.099998
0.568104
0.362500
1.000000
0.000000
1
-0.141687
50.817238
1
0.036661
0.343750
0.000000
0.100000
0.727672
0.362500
1.000000
0.000000
1
-0.109521
82.020729
1
0.036661
0.000000
0.000000
0.099999
1.141330
0.200000
1.000000
0.000000
1
-0.068014
93.659439
0
0.036661
0.156250
0.000000
0.099999
0.720981
0.362500
1.000000
0.000000
1
-0.110583
75.873550
1
0.036661
0.218750
0.000000
0.100000
1.077568
0.362500
1.000000
0.000000
1
-0.072335
111.911255
1
0.036661
0.625000
0.000000
0.100000
0.541144
0.362500
1.000000
0.000000
1
-0.148995
59.994530
1
0.036661
0.156250
0.000000
0.100000
1.162208
0.362500
1.000000
0.000000
1
-0.066703
93.462875
1
0.036661
0.312500
0.000000
0.100000
1.107976
0.362500
1.000000
0.000000
1
-0.070212
99.842598
1
0.036661
0.750000
0.000000
0.099999
0.564140
0.362500
1.000000
0.000000
1
-0.142718
53.131985
1
0.036661
0.281250
0.000000
0.100000
0.983726
0.362500
1.000000
0.000000
1
-0.079712
107.043793
1
0.036661
0.000000
0.000000
0.100000
1.122706
0.200000
1.000000
0.000000
1
-0.069225
107.740181
0
0.036661
0.250000
0.000000
0.100000
0.977495
0.362500
1.000000
0.000000
1
-0.080252
112.232460
1
0.036661
0.375000
0.000000
0.099999
0.764115
0.362500
1.000000
0.000000
1
-0.104059
23.894318
1
0.036661
0.843750
0.000000
0.100000
0.749669
0.362500
1.000000
0.000000
1
-0.106160
36.005772
1
0.036661
0.062500
0.000000
0.099999
0.850190
0.362500
1.000000
0.000000
1
-0.093017
60.098087
1
0.036661
0.187500
0.000000
0.099999
0.746175
0.362500
1.000000
0.000000
1
-0.106681
70.778343
1
0.036661
0.531250
0.000000
0.099999
0.698486
0.362500
1.000000
0.000000
1
-0.114306
66.289848
1
0.036661
0.593750
0.000000
0.099998
0.605868
0.362500
1.000000
0.000000
1
-0.132544
34.829079
1
0.036661
0.875000
0.000000
0.099999
0.650782
0.362500
1.000000
0.000000
1
-0.123051
58.832428
1
0.036662
0.093750
0.000000
0.099999
0.902626
0.362500
1.000000
0.000000
1
-0.087323
31.769270
1
0.036661
0.031250
0.000000
0.100000
0.953995
0.362500
1.000000
0.000000
1
-0.082352
107.095825
1
0.036661
0.281250
0.000000
0.100000
1.050549
0.362500
1.000000
0.000000
1
-0.074324
98.130539
1
0.036661
0.156250
0.000000
0.100000
1.005065
0.362500
1.000000
0.000000
1
-0.077913
115.999390
1
0.036661
0.156250
0.000000
0.100000
0.734934
0.362500
1.000000
0.000000
1
-0.108389
76.816948
1
0.036661
0.281250
0.000000
0.100000
1.001365
0.362500
1.000000
0.000000
1
-0.078220
108.354019
1
0.036661
0.687500
0.000000
0.100000
1.062184
0.362500
1.000000
0.000000
1
-0.073455
97.143105
1
0.036661
0.125000
0.000000
0.100000
0.645338
0.362500
1.000000
0.000000
1
-0.124131
65.876701
1
0.036661
0.281250
0.000000
0.100000
1.123678
0.362500
1.000000
0.000000
1
-0.069161
99.534744
1
0.036662
0.062500
0.000000
0.100000
0.894601
0.362500
1.000000
0.000000
1
-0.088151
39.137276
1
0.036661
0.156250
0.000000
0.100000
1.169289
0.362500
1.000000
0.000000
1
-0.066268
131.588898
1
0.036661
0.562500
0.000000
0.099998
0.602398
0.362500
1.000000
0.000000
1
-0.133336
38.905678
1
0.036661
0.093750
0.000000
0.099999
0.650842
0.362500
1.000000
0.000000
1
-0.123039
63.399029
1
0.036661
0.375000
0.000000
0.099995
0.398763
0.362500
1.000000
0.000000
1
-0.203980
12.893167
1
0.036662
0.062500
0.000000
0.100000
0.870441
0.362500
1.000000
0.000000
1
-0.090737
61.886993
1
0.036661
0.000000
0.000000
0.099999
0.874231
0.200000
1.000000
0.000000
1
-0.090322
13.757865
0
0.036661
0.250000
0.000000
0.100000
1.059728
0.362500
1.000000
0.000000
1
-0.073637
113.359764
1
0.036661
0.218750
0.000000
0.100000
1.078128
0.362500
1.000000
0.000000
1
-0.072295
114.870506
1
0.036661
0.156250
0.000000
0.100000
1.176600
0.362500
1.000000
0.000000
1
-0.065826
88.705788
1
0.036661
0.593750
0.000000
0.099999
0.794157
0.362500
1.000000
0.000000
1
-0.099933
54.193787
1
0.036661
0.312500
0.000000
0.100000
0.626155
0.362500
1.000000
0.000000
1
-0.128087
66.715698
1
0.036661
0.218750
0.000000
0.100000
1.122977
0.362500
1.000000
0.000000
1
-0.069208
103.926247
1
0.036661
0.312500
0.000000
0.099999
0.783513
0.362500
1.000000
0.000000
1
-0.101359
71.030319
1
0.036661
0.375000
0.000000
0.099998
0.626879
0.362500
1.000000
0.000000
1
-0.127934
28.520479
1
0.036661
0.250000
0.000000
0.099999
1.125125
0.362500
1.000000
0.000000
1
-0.069066
91.089752
1
0.036661
0.187500
0.000000
0.100000
1.109527
0.362500
1.000000
0.000000
1
-0.070107
103.778778
1
0.036661
0.250000
0.000000
0.100000
0.994882
0.362500
1.000000
0.000000
1
-0.078762
106.263359
1
0.036661
0.156250
0.000000
0.100000
1.068497
0.362500
1.000000
0.000000
1
-0.072991
111.716415
1
0.036661
0.875000
0.000000
0.099998
0.586536
0.362500
1.000000
0.000000
1
-0.137077
48.708569
1
0.036661
0.468750
0.000000
0.099999
0.785295
0.362500
1.000000
0.000000
1
-0.101117
21.370825
1
0.036661
0.437500
0.000000
0.099999
0.802548
0.362500
1.000000
0.000000
1
-0.098836
34.606892
1
0.036661
0.531250
0.000000
0.100000
0.675059
0.362500
1.000000
0.000000
1
-0.118446
76.198708
1
0.036661
0.062500
0.000000
0.100000
1.054334
0.362500
1.000000
0.000000
1
-0.074039
112.439583
1
0.036661
0.281250
0.000000
0.100000
0.752196
0.362500
1.000000
0.000000
1
-0.105787
72.242203
1
0.036661
0.156250
0.000000
0.099999
1.128768
0.362500
1.000000
0.000000
1
-0.068827
102.359726
1
0.036661
0.343750
0.000000
0.099998
0.773331
0.362500
1.000000
0.000000
1
-0.102759
30.135101
1
0.036661
0.843750
0.000000
0.099999
0.591642
0.362500
1.000000
0.000000
1
-0.135851
46.633732
1
0.036661
0.312500
0.000000
0.100000
1.146703
0.362500
1.000000
0.000000
1
-0.067672
92.804283
1
0.036661
0.125000
0.000000
0.099999
0.733450
0.362500
1.000000
0.000000
1
-0.108618
81.445236
1
0.036661
0.437500
0.000000
0.099998
0.603933
0.362500
1.000000
0.000000
1
-0.132984
41.330959
1
0.036661
0.343750
0.000000
0.100000
0.804955
0.362500
1.000000
0.000000
1
-0.098525
29.077108
1
0.036661
0.125000
0.000000
0.099999
0.843809
0.362500
1.000000
0.000000
1
-0.093759
65.331062
1
0.036661
0.250000
0.000000
0.100000
1.174770
0.362500
1.000000
0.000000
1
-0.065936
104.352211
1
0.036661
0.875000
0.000000
0.099999
0.581089
0.362500
1.000000
0.000000
1
-0.138409
51.830956
1
0.036661
0.187500
0.000000
0.100000
1.101347
0.362500
1.000000
0.000000
1
-0.070665
113.732605
1
0.036661
0.031250
0.000000
0.099999
0.858959
0.362500
1.000000
0.000000
1
-0.092017
63.362923
1
0.036661
0.312500
0.000000
0.100000
0.780187
0.362500
1.000000
0.000000
1
-0.101812
22.890800
1
0.036661
0.593750
0.000000
0.100000
1.076217
0.362500
1.000000
0.000000
1
-0.072432
98.383041
1
0.036661
0.312500
0.000000
0.100000
1.135656
0.362500
1.000000
0.000000
1
-0.068379
94.824760
1
0.036661
0.187500
0.000000
0.099999
0.572830
0.362500
1.000000
0.000000
1
-0.140477
55.897606
1
0.036661
0.125000
0.000000
0.100000
1.114148
0.362500
1.000000
0.000000
1
-0.069796
110.442497
1
0.036661
0.687500
0.000000
0.100000
0.625165
0.362500
1.000000
0.000000
1
-0.128298
31.262688
1
0.036661
1.062500
0.000000
0.099998
0.644462
0.362500
1.000000
0.000000
1
-0.124307
21.990553
1
0.036661
0.875000
0.000000
0.099999
0.599430
0.362500
1.000000
0.000000
1
-0.134021
44.493816
1
0.036661
0.031250
0.000000
0.100000
1.059525
0.362500
1.000000
0.000000
1
-0.073652
113.183693
1
0.036661
0.062500
0.000000
0.100000
1.044526
0.362500
1.000000
0.000000
1
-0.074781
119.031479
1
0.036661
0.062500
0.000000
0.099999
0.629599
0.362500
1.000000
0.000000
1
-0.127359
73.990341
1
0.036661
0.312500
0.000000
0.100000
1.143617
0.362500
1.000000
0.000000
1
-0.067868
96.408287
1
0.036661
0.156250
0.000000
0.100000
1.047807
0.362500
1.000000
0.000000
1
-0.074531
123.129768
1
0.036661
0.468750
0.000000
0.099999
0.566219
0.362500
1.000000
0.000000
1
-0.142175
58.851231
1
0.036661
0.125000
0.000000
0.099998
0.648692
0.362500
1.000000
0.000000
1
-0.123464
11.638139
1
0.036661
0.000000
0.000000
0.099999
0.789090
0.200000
1.000000
0.000000
1
-0.100607
81.605560
0
0.036661
0.156250
0.000000
0.100000
1.146541
0.362500
1.000000
0.000000
1
-0.067682
109.835320
1
0.036661
0.125000
0.000000
0.100000
1.109487
0.362500
1.000000
0.000000
1
-0.070110
109.450111
1
0.036661
0.156250
0.000000
0.100000
0.646956
0.362500
1.000000
0.000000
1
-0.123808
75.009048
1
0.036661
0.843750
0.000000
0.099999
0.583541
0.362500
1.000000
0.000000
1
-0.137806
54.085342
1
0.036661
0.218750
0.000000
0.100000
0.960064
0.362500
1.000000
0.000000
1
-0.081800
109.565201
1
0.036661
0.250000
0.000000
0.099999
0.782745
0.362500
1.000000
0.000000
1
-0.101463
80.218010
1
0.036661
1.812500
0.000000
0.099999
0.799788
0.362500
1.000000
0.000000
1
-0.099194
15.782113
1
0.036661
0.343750
0.000000
0.099999
0.813047
0.362500
1.000000
0.000000
1
-0.097495
27.940775
1
0.036661
0.093750
0.000000
0.100000
0.743549
0.362500
1.000000
0.000000
1
-0.107075
83.018524
1
0.036661
0.875000
0.000000
0.099999
0.591208
0.362500
1.000000
0.000000
1
-0.135954
51.878555
1
0.036661
0.843750
0.000000
0.099999
0.600948
0.362500
1.000000
0.000000
1
-0.133670
47.775806
1
0.036661
0.031250
0.000000
0.100000
0.813478
0.362500
1.000000
0.000000
1
-0.097441
81.327866
1
0.036661
0.343750
0.000000
0.100000
1.052137
0.362500
1.000000
0.000000
1
-0.074204
106.580299
1
0.036661
0.000000
0.000000
0.100000
0.840601
0.200000
1.000000
0.000000
1
-0.094135
74.732918
0
0.036661
0.875000
0.000000
0.100000
0.588553
0.362500
1.000000
0.000000
1
-0.136590
53.055626
1
0.036661
0.000000
0.000000
0.099999
0.863566
0.200000
1.000000
0.000000
1
-0.091499
66.033005
0
0.036661
0.062500
0.000000
0.100000
0.629359
0.362500
1.000000
0.000000
1
-0.127410
74.317772
1
0.036661
0.187500
0.000000
0.100000
0.978117
0.362500
1.000000
0.000000
1
-0.080198
108.904991
1
0.036661
0.781250
0.000000
0.099999
0.605213
0.362500
1.000000
0.000000
1
-0.132693
47.266903
1
0.036661
0.062500
0.000000
0.100000
0.728365
0.362500
1.000000
0.000000
1
-0.109412
85.182541
1
0.036661
0.468750
0.000000
0.100000
1.077928
0.362500
1.000000
0.000000
1
-0.072309
104.024635
1
0.036661
0.250000
0.000000
0.100000
0.798098
0.362500
1.000000
0.000000
1
-0.099415
66.303474
1
0.036661
0.593750
0.000000
0.099998
0.647031
0.362500
1.000000
0.000000
1
-0.123794
28.418085
1
0.036661
0.437500
0.000000
0.100000
1.106347
0.362500
1.000000
0.000000
1
-0.070323
106.201393
1
0.036661
0.156250
0.000000
0.100000
1.075058
0.362500
1.000000
0.000000
1
-0.072515
119.965172
1
0.036661
0.156250
0.000000
0.099998
0.517538
0.362500
1.000000
0.000000
1
-0.156019
13.531981
1
0.036661
0.093750
0.000000
0.100000
1.092461
0.362500
1.000000
0.000000
1
-0.071280
114.731239
1
0.036661
0.312500
0.000000
0.100000
1.195217
0.362500
1.000000
0.000000
1
-0.064722
108.663979
1
0.036661
0.031250
0.000000
0.100000
0.755020
0.362500
1.000000
0.000000
1
-0.105372
80.964462
1
