[ergo_vk] Device: NVIDIA GeForce RTX 2060
[ergo_vk] VK_EXT_shader_atomic_float: supported
[VRAM] 6144 MB → 30973321 particles available (MAXPART=100000)
77777
954
0.037842
109.250000
0.000000
0.099425
0.012137
0.362500
1.000000
0.000000
0.037557
109.406250
0.000000
0.099477
0.006029
0.362500
1.000000
0.000000
0.036662
109.937500
0.000000
0.098414
0.021954
0.362500
1.000000
0.000000
0.036662
109.062500
0.000000
0.099588
0.019832
0.362500
1.000000
0.000000
0.036662
107.437500
0.000000
0.099493
0.034647
0.362500
1.000000
0.000000
0.036662
107.437500
0.000000
0.099849
0.044744
0.362500
1.000000
0.000000
0.036662
105.250000
0.000000
0.099962
0.057414
0.362500
1.000000
0.000000
0.036661
0.156250
0.000000
0.100000
1.002129
0.362500
1.000000
0.000000
0.036661
0.031250
0.000000
0.100000
1.001119
0.362500
1.000000
0.000000
0.036662
104.562500
0.000000
0.099621
0.043863
0.362500
1.000000
0.000000
0.036662
104.406250
0.000000
0.099758
0.052761
0.362500
1.000000
0.000000
0.036662
105.031250
0.000000
0.099962
0.056710
0.362500
1.000000
0.000000
0.036662
12.000000
0.000000
0.099923
0.078353
0.362500
1.000000
0.000000
0.036661
0.000000
0.000000
0.100000
0.980838
0.200000
1.000000
0.000000
0.036661
0.187500
0.000000
0.100000
0.992409
0.362500
1.000000
0.000000
0.036661
0.000000
0.000000
0.100000
0.982984
0.200000
1.000000
0.000000
0.036661
0.062500
0.000000
0.100000
0.999506
0.362500
1.000000
0.000000
0.036661
0.031250
0.000000
0.100000
1.003721
0.362500
1.000000
0.000000
0.036661
0.156250
0.000000
0.100000
0.980099
0.362500
1.000000
0.000000
0.036661
0.000000
0.000000
0.100000
0.994240
0.200000
1.000000
0.000000
0.036661
0.000000
0.000000
0.100000
0.996365
0.200000
1.000000
0.000000
0.036661
0.000000
0.000000
0.100000
0.997886
0.200000
1.000000
0.000000
0.036662
12.437500
0.000000
0.099933
0.098870
0.362500
1.000000
0.000000
0.036661
0.062500
0.000000
0.100000
0.963594
0.362500
1.000000
0.000000
0.036661
0.156250
0.000000
0.100000
0.966338
0.362500
1.000000
0.000000
0.036661
0.125000
0.000000
0.100000
0.967524
0.362500
1.000000
0.000000
0.036662
11.843750
0.000000
0.099971
0.106740
0.362500
1.000000
0.000000
0.036661
0.031250
0.000000
0.100000
0.954975
0.362500
1.000000
0.000000
0.036662
11.718750
0.000000
0.099951
0.113267
0.362500
1.000000
0.000000
0.036661
0.062500
0.000000
0.100000
0.971295
0.362500
1.000000
0.000000
0.036661
0.031250
0.000000
0.100000
0.952718
0.362500
1.000000
0.000000
0.036661
0.062500
0.000000
0.100000
0.990024
0.362500
1.000000
0.000000
0.036661
0.031250
0.000000
0.100000
0.961276
0.362500
1.000000
0.000000
0.036661
0.093750
0.000000
0.100000
0.979838
0.362500
1.000000
0.000000
0.036661
0.000000
0.000000
0.100000
0.970918
0.200000
1.000000
0.000000
0.036661
0.000000
0.000000
0.100000
0.978653
0.200000
1.000000
0.000000
0.036661
0.125000
0.000000
0.100000
0.992121
0.362500
1.000000
0.000000
0.036661
0.062500
0.000000
0.100000
0.972788
0.362500
1.000000
0.000000
0.036661
0.031250
0.000000
0.100000
0.980779
0.362500
1.000000
0.000000
0.036661
0.000000
0.000000
0.100000
0.965937
0.200000
1.000000
0.000000
0.036661
0.031250
0.000000
0.100000
0.957401
0.362500
1.000000
0.000000
0.036661
0.125000
0.000000
0.100000
0.949510
0.362500
1.000000
0.000000
0.036661
0.031250
0.000000
0.100000
0.963730
0.362500
1.000000
0.000000
0.036662
3.812500
0.000000
0.099999
0.130058
0.362500
1.000000
0.000000
0.036661
0.031250
0.000000
0.100000
0.976182
0.362500
1.000000
0.000000
0.036661
0.000000
0.000000
0.100000
0.983217
0.200000
1.000000
0.000000
0.036661
0.000000
0.000000
0.100000
0.942284
0.200000
1.000000
0.000000
0.036661
0.093750
0.000000
0.100000
0.952777
0.362500
1.000000
0.000000
0.036661
0.062500
0.000000
0.100000
0.984766
0.362500
1.000000
0.000000
0.036661
0.093750
0.000000
0.100000
0.985720
0.362500
1.000000
0.000000
0.036661
0.031250
0.000000
0.100000
1.007341
0.362500
1.000000
0.000000
0.036661
0.000000
0.000000
0.100000
0.957945
0.200000
1.000000
0.000000
0.036661
0.031250
0.000000
0.100000
0.935141
0.362500
1.000000
0.000000
0.036661
0.000000
0.000000
0.100000
0.930121
0.200000
1.000000
0.000000
0.036662
1.437500
0.000000
0.099984
0.122827
0.362500
1.000000
0.000000
0.036661
0.031250
0.000000
0.100000
0.991935
0.362500
1.000000
0.000000
0.036662
4.375000
0.000000
0.099996
0.154332
0.362500
1.000000
0.000000
0.036661
0.062500
0.000000
0.100000
0.999879
0.362500
1.000000
0.000000
0.036662
1.031250
0.000000
0.099990
0.170831
0.362500
1.000000
0.000000
0.036661
0.062500
0.000000
0.100000
0.940658
0.362500
1.000000
0.000000
0.036661
0.000000
0.000000
0.100000
0.918608
0.200000
1.000000
0.000000
0.036661
2.718750
0.000000
0.099985
0.148562
0.362500
1.000000
0.000000
0.036661
0.031250
0.000000
0.100000
0.980214
0.362500
1.000000
0.000000
0.036661
0.031250
0.000000
0.100000
0.935675
0.362500
1.000000
0.000000
0.036661
0.031250
0.000000
0.100000
0.990904
0.362500
1.000000
0.000000
0.036662
8.937500
0.000000
0.099985
0.131920
0.362500
1.000000
0.000000
0.036661
0.062500
0.000000
0.100000
0.982930
0.362500
1.000000
0.000000
0.036662
0.750000
0.000000
0.099984
0.169856
0.362500
1.000000
0.000000
0.036661
0.000000
0.000000
0.100000
0.910702
0.200000
1.000000
0.000000
0.036661
0.031250
0.000000
0.100000
0.980679
0.362500
1.000000
0.000000
0.036661
2.562500
0.000000
0.099987
0.153823
0.362500
1.000000
0.000000
0.036661
0.000000
0.000000
0.100000
0.948669
0.200000
1.000000
0.000000
0.036662
5.875000
0.000000
0.099974
0.173694
0.362500
1.000000
0.000000
0.036662
11.125000
0.000000
0.099968
0.082043
0.362500
1.000000
0.000000
0.036662
2.062500
0.000000
0.099975
0.161622
0.362500
1.000000
0.000000
0.036662
1.437500
0.000000
0.099988
0.172314
0.362500
1.000000
0.000000
0.036662
4.468750
0.000000
0.099967
0.134054
0.362500
1.000000
0.000000
0.036661
0.062500
0.000000
0.100000
0.950017
0.362500
1.000000
0.000000
0.036661
0.000000
0.000000
0.100000
0.995280
0.200000
1.000000
0.000000
0.036661
0.031250
0.000000
0.100000
0.990640
0.362500
1.000000
0.000000
0.036661
0.000000
0.000000
0.100000
0.981116
0.200000
1.000000
0.000000
0.036662
1.468750
0.000000
0.099991
0.176323
0.362500
1.000000
0.000000
0.036662
3.875000
0.000000
0.099971
0.180731
0.362500
1.000000
0.000000
0.036661
0.000000
0.000000
0.100000
0.970792
0.200000
1.000000
0.000000
0.036662
1.656250
0.000000
0.100000
0.177153
0.362500
1.000000
0.000000
0.036661
0.062500
0.000000
0.100000
0.964393
0.362500
1.000000
0.000000
0.036661
0.000000
0.000000
0.100000
0.961859
0.200000
1.000000
0.000000
0.036661
2.625000
0.000000
0.099979
0.114082
0.362500
1.000000
0.000000
0.036661
0.062500
0.000000
0.100000
0.901011
0.362500
1.000000
0.000000
0.036661
0.062500
0.000000
0.100000
0.961617
0.362500
1.000000
0.000000
0.036662
0.531250
0.000000
0.099979
0.198764
0.362500
1.000000
0.000000
0.036661
99.718750
0.000000
0.099806
0.062920
0.362500
1.000000
0.000000
0.036661
0.093750
0.000000
0.100000
0.927573
0.362500
1.000000
0.000000
0.036661
0.031250
0.000000
0.100000
1.008280
0.362500
1.000000
0.000000
0.036661
0.031250
0.000000
0.100000
0.949513
0.362500
1.000000
0.000000
0.036661
3.875000
0.000000
0.099999
0.143206
0.362500
1.000000
0.000000
0.036662
1.593750
0.000000
0.099990
0.199215
0.362500
1.000000
0.000000
0.036661
8.406250
0.000000
0.099948
0.107459
0.362500
1.000000
0.000000
0.036661
0.062500
0.000000
0.100000
0.931718
0.362500
1.000000
0.000000
0.036661
0.000000
0.000000
0.100000
0.953368
0.200000
1.000000
0.000000
0.036661
0.031250
0.000000
0.100000
0.900024
0.362500
1.000000
0.000000
0.036661
0.062500
0.000000
0.100000
0.987222
0.362500
1.000000
0.000000
0.036661
2.343750
0.000000
0.099999
0.170766
0.362500
1.000000
0.000000
0.036661
0.156250
0.000000
0.100000
0.922650
0.362500
1.000000
0.000000
0.036661
0.000000
0.000000
0.100000
1.002021
0.200000
1.000000
0.000000
0.036661
0.000000
0.000000
0.100000
0.933517
0.200000
1.000000
0.000000
0.036661
8.406250
0.000000
0.099998
0.122936
0.362500
1.000000
0.000000
0.036662
0.375000
0.000000
0.099995
0.222511
0.362500
1.000000
0.000000
0.036661
0.031250
0.000000
0.100000
1.009253
0.362500
1.000000
0.000000
0.036661
12.031250
0.000000
0.099977
0.097243
0.362500
1.000000
0.000000
0.036661
1.593750
0.000000
0.099987
0.206936
0.362500
1.000000
0.000000
0.036661
0.156250
0.000000
0.100000
0.989573
0.362500
1.000000
0.000000
0.036661
1.562500
0.000000
0.099989
0.219350
0.362500
1.000000
0.000000
0.036661
0.000000
0.000000
0.100000
0.950504
0.200000
1.000000
0.000000
0.036662
1.468750
0.000000
0.099988
0.224336
0.362500
1.000000
0.000000
0.036661
1.406250
0.000000
0.099998
0.227198
0.362500
1.000000
0.000000
0.036661
4.000000
0.000000
0.099991
0.180150
0.362500
1.000000
0.000000
0.036661
2.343750
0.000000
0.099993
0.197521
0.362500
1.000000
0.000000
0.036661
1.437500
0.000000
0.099998
0.231700
0.362500
1.000000
0.000000
0.036661
4.125000
0.000000
0.099967
0.125858
0.362500
1.000000
0.000000
0.036661
0.000000
0.000000
0.100000
0.891568
0.200000
1.000000
0.000000
0.036661
4.343750
0.000000
0.099990
0.129003
0.362500
1.000000
0.000000
0.036661
0.000000
0.000000
0.100000
0.984086
0.200000
1.000000
0.000000
0.036662
12.375000
0.000000
0.099995
0.100284
0.362500
1.000000
0.000000
0.036662
0.250000
0.000000
0.099997
0.258846
0.362500
1.000000
0.000000
0.036661
1.781250
0.000000
0.099980
0.207163
0.362500
1.000000
0.000000
0.036661
0.031250
0.000000
0.100000
0.969620
0.362500
1.000000
0.000000
0.036662
10.843750
0.000000
0.099968
0.093480
0.362500
1.000000
0.000000
0.036661
0.593750
0.000000
0.099990
0.258749
0.362500
1.000000
0.000000
0.036661
3.343750
0.000000
0.099963
0.141748
0.362500
1.000000
0.000000
0.036662
96.500000
0.000000
0.099790
0.046724
0.362500
1.000000
0.000000
0.036661
12.718750
0.000000
0.099995
0.100316
0.362500
1.000000
0.000000
0.036661
1.875000
0.000000
0.099993
0.268429
0.362500
1.000000
0.000000
0.036661
1.906250
0.000000
0.099990
0.271227
0.362500
1.000000
0.000000
0.036662
95.687500
0.000000
0.099883
0.023296
0.362500
1.000000
0.000000
0.036662
0.218750
0.000000
0.099989
0.318331
0.362500
1.000000
0.000000
0.036662
1.187500
0.000000
0.099998
0.299896
0.362500
1.000000
0.000000
0.036662
13.281250
0.000000
0.099975
0.088428
0.362500
1.000000
0.000000
0.036661
2.906250
0.000000
0.099997
0.188382
0.362500
1.000000
0.000000
0.036662
5.843750
0.000000
0.099966
0.159469
0.362500
1.000000
0.000000
0.036661
2.125000
0.000000
0.099996
0.288625
0.362500
1.000000
0.000000
0.036662
1.218750
0.000000
0.099999
0.317431
0.362500
1.000000
0.000000
0.036661
2.000000
0.000000
0.099991
0.274689
0.362500
1.000000
0.000000
0.036661
8.031250
0.000000
0.099969
0.138884
0.362500
1.000000
0.000000
0.036661
0.343750
0.000000
0.099999
0.289011
0.362500
1.000000
0.000000
0.036661
2.937500
0.000000
0.099997
0.225472
0.362500
1.000000
0.000000
0.036661
0.437500
0.000000
0.099992
0.314026
0.362500
1.000000
0.000000
0.036661
1.906250
0.000000
0.100000
0.301513
0.362500
1.000000
0.000000
0.036662
0.562500
0.000000
0.099995
0.333315
0.362500
1.000000
0.000000
0.036661
1.812500
0.000000
0.099992
0.302782
0.362500
1.000000
0.000000
0.036661
1.718750
0.000000
0.099995
0.280741
0.362500
1.000000
0.000000
0.036662
4.750000
0.000000
0.099976
0.147722
0.362500
1.000000
0.000000
0.036661
1.531250
0.000000
0.099997
0.304277
0.362500
1.000000
0.000000
0.036661
1.437500
0.000000
0.099991
0.308931
0.362500
1.000000
0.000000
0.036661
3.187500
0.000000
0.099999
0.230753
0.362500
1.000000
0.000000
0.036661
1.406250
0.000000
0.099998
0.304424
0.362500
1.000000
0.000000
0.036662
1.031250
0.000000
0.099998
0.343051
0.362500
1.000000
0.000000
0.036661
2.875000
0.000000
0.099997
0.235434
0.362500
1.000000
0.000000
0.036662
96.937500
0.000000
0.099691
0.015947
0.362500
1.000000
0.000000
0.036661
1.375000
0.000000
0.099983
0.195317
0.362500
1.000000
0.000000
0.036661
1.250000
0.000000
0.099991
0.314948
0.362500
1.000000
0.000000
0.036661
1.218750
0.000000
0.099993
0.318283
0.362500
1.000000
0.000000
0.036662
0.468750
0.000000
0.099996
0.319198
0.362500
1.000000
0.000000
0.036661
1.062500
0.000000
0.099999
0.323301
0.362500
1.000000
0.000000
0.036662
0.750000
0.000000
0.099998
0.340725
0.362500
1.000000
0.000000
0.036661
1.062500
0.000000
0.099992
0.312592
0.362500
1.000000
0.000000
0.036661
1.062500
0.000000
0.099990
0.317229
0.362500
1.000000
0.000000
0.036661
12.500000
0.000000
0.099931
0.094100
0.362500
1.000000
0.000000
0.036662
1.031250
0.000000
0.099998
0.342160
0.362500
1.000000
0.000000
0.036661
1.156250
0.000000
0.099997
0.312390
0.362500
1.000000
0.000000
0.036661
1.437500
0.000000
0.099990
0.283137
0.362500
1.000000
0.000000
0.036662
3.156250
0.000000
0.099978
0.133665
0.362500
1.000000
0.000000
0.036661
0.187500
0.000000
0.099994
0.333742
0.362500
1.000000
0.000000
0.036662
1.000000
0.000000
0.099994
0.386823
0.362500
1.000000
0.000000
0.036661
3.031250
0.000000
0.099995
0.254601
0.362500
1.000000
0.000000
0.036661
1.062500
0.000000
0.099988
0.184604
0.362500
1.000000
0.000000
0.036662
0.843750
0.000000
0.099999
0.339990
0.362500
1.000000
0.000000
0.036661
1.062500
0.000000
0.099994
0.334645
0.362500
1.000000
0.000000
0.036661
3.281250
0.000000
0.099983
0.160888
0.362500
1.000000
0.000000
0.036662
0.531250
0.000000
0.099997
0.361087
0.362500
1.000000
0.000000
0.036662
93.656250
0.000000
0.099977
0.068230
0.362500
1.000000
0.000000
0.036662
0.156250
0.000000
0.099994
0.401796
0.362500
1.000000
0.000000
0.036662
0.156250
0.000000
0.099999
0.356843
0.362500
1.000000
0.000000
0.036662
0.437500
0.000000
0.099996
0.366930
0.362500
1.000000
0.000000
0.036661
2.781250
0.000000
0.100000
0.261744
0.362500
1.000000
0.000000
0.036661
0.531250
0.000000
0.100000
0.224727
0.362500
1.000000
0.000000
0.036661
0.875000
0.000000
0.099998
0.354345
0.362500
1.000000
0.000000
0.036661
1.000000
0.000000
0.099998
0.327837
0.362500
1.000000
0.000000
0.036661
2.656250
0.000000
0.099992
0.281888
0.362500
1.000000
0.000000
0.036661
1.593750
0.000000
0.099996
0.368158
0.362500
1.000000
0.000000
0.036661
1.562500
0.000000
0.099994
0.355977
0.362500
1.000000
0.000000
0.036662
2.656250
0.000000
0.099964
0.149021
0.362500
1.000000
0.000000
0.036661
1.625000
0.000000
0.099996
0.368878
0.362500
1.000000
0.000000
0.036661
0.906250
0.000000
0.099994
0.358898
0.362500
1.000000
0.000000
0.036662
97.750000
0.000000
0.099799
0.052074
0.362500
1.000000
0.000000
0.036661
2.031250
0.000000
0.099999
0.283625
0.362500
1.000000
0.000000
0.036661
4.093750
0.000000
0.099960
0.115528
0.362500
1.000000
0.000000
0.036661
1.875000
0.000000
0.099996
0.371012
0.362500
1.000000
0.000000
0.036661
1.906250
0.000000
0.099997
0.370068
0.362500
1.000000
0.000000
0.036661
0.343750
0.000000
0.099994
0.352224
0.362500
1.000000
0.000000
0.036661
2.281250
0.000000
0.099996
0.312628
0.362500
1.000000
0.000000
0.036662
0.437500
0.000000
0.099996
0.443296
0.362500
1.000000
0.000000
0.036661
1.750000
0.000000
0.099995
0.372662
0.362500
1.000000
0.000000
0.036661
0.375000
0.000000
0.099999
0.498638
0.362500
1.000000
0.000000
0.036661
1.750000
0.000000
0.099997
0.385881
0.362500
1.000000
0.000000
0.036661
1.687500
0.000000
0.099999
0.393156
0.362500
1.000000
0.000000
0.036661
1.187500
0.000000
0.099998
0.291969
0.362500
1.000000
0.000000
0.036661
1.718750
0.000000
0.099999
0.292436
0.362500
1.000000
0.000000
0.036661
1.937500
0.000000
0.099998
0.406429
0.362500
1.000000
0.000000
0.036661
1.218750
0.000000
0.099999
0.410208
0.362500
1.000000
0.000000
0.036661
2.281250
0.000000
0.099995
0.333146
0.362500
1.000000
0.000000
0.036661
2.281250
0.000000
0.099995
0.311625
0.362500
1.000000
0.000000
0.036661
2.250000
0.000000
0.099998
0.323242
0.362500
1.000000
0.000000
0.036661
1.875000
0.000000
0.099994
0.411902
0.362500
1.000000
0.000000
0.036661
0.625000
0.000000
0.099999
0.394990
0.362500
1.000000
0.000000
0.036661
0.468750
0.000000
0.099999
0.396021
0.362500
1.000000
0.000000
0.036661
1.156250
0.000000
0.099995
0.403143
0.362500
1.000000
0.000000
0.036661
0.156250
0.000000
0.100000
0.430564
0.362500
1.000000
0.000000
0.036661
0.843750
0.000000
0.099998
0.282721
0.362500
1.000000
0.000000
0.036661
0.562500
0.000000
0.099998
0.399104
0.362500
1.000000
0.000000
0.036661
1.750000
0.000000
0.099999
0.420549
0.362500
1.000000
0.000000
0.036661
1.968750
0.000000
0.099998
0.307885
0.362500
1.000000
0.000000
0.036661
1.593750
0.000000
0.099999
0.426640
0.362500
1.000000
0.000000
0.036661
2.062500
0.000000
0.099994
0.333113
0.362500
1.000000
0.000000
0.036661
1.843750
0.000000
0.099997
0.349279
0.362500
1.000000
0.000000
0.036661
1.562500
0.000000
0.099999
0.430135
0.362500
1.000000
0.000000
0.036661
1.500000
0.000000
0.099994
0.419508
0.362500
1.000000
0.000000
0.036662
0.250000
0.000000
0.100000
0.424330
0.362500
1.000000
0.000000
0.036661
0.562500
0.000000
0.100000
0.545539
0.362500
1.000000
0.000000
0.036661
0.531250
0.000000
0.099999
0.414221
0.362500
1.000000
0.000000
0.036661
1.281250
0.000000
0.099998
0.427550
0.362500
1.000000
0.000000
0.036661
0.687500
0.000000
0.099999
0.446647
0.362500
1.000000
0.000000
0.036662
13.562500
0.000000
0.099951
0.094738
0.362500
1.000000
0.000000
0.036662
3.656250
0.000000
0.099955
0.139211
0.362500
1.000000
0.000000
0.036661
1.062500
0.000000
0.099994
0.371204
0.362500
1.000000
0.000000
0.036661
0.812500
0.000000
0.099978
0.196746
0.362500
1.000000
0.000000
0.036661
0.312500
0.000000
0.099983
0.236256
0.362500
1.000000
0.000000
0.036661
0.656250
0.000000
0.099999
0.576473
0.362500
1.000000
0.000000
0.036661
1.187500
0.000000
0.099997
0.422037
0.362500
1.000000
0.000000
0.036661
1.875000
0.000000
0.099995
0.352610
0.362500
1.000000
0.000000
0.036661
2.031250
0.000000
0.099997
0.339685
0.362500
1.000000
0.000000
0.036661
1.125000
0.000000
0.099999
0.431109
0.362500
1.000000
0.000000
0.036661
0.968750
0.000000
0.099999
0.433523
0.362500
1.000000
0.000000
0.036662
0.406250
0.000000
0.099997
0.475159
0.362500
1.000000
0.000000
0.036661
0.906250
0.000000
0.099999
0.433997
0.362500
1.000000
0.000000
0.036661
1.906250
0.000000
0.099997
0.348644
0.362500
1.000000
0.000000
0.036661
0.625000
0.000000
0.099995
0.275605
0.362500
1.000000
0.000000
0.036661
0.875000
0.000000
0.099998
0.441101
0.362500
1.000000
0.000000
0.036661
0.875000
0.000000
0.099997
0.444033
0.362500
1.000000
0.000000
0.036661
0.687500
0.000000
0.100000
0.591899
0.362500
1.000000
0.000000
0.036662
0.343750
0.000000
0.099998
0.507690
0.362500
1.000000
0.000000
0.036661
2.000000
0.000000
0.099998
0.360743
0.362500
1.000000
0.000000
0.036661
0.531250
0.000000
0.100000
0.444166
0.362500
1.000000
0.000000
0.036661
0.156250
0.000000
0.099999
0.465914
0.362500
1.000000
0.000000
0.036661
0.968750
0.000000
0.099998
0.443300
0.362500
1.000000
0.000000
0.036661
2.187500
0.000000
0.099996
0.351167
0.362500
1.000000
0.000000
0.036661
1.656250
0.000000
0.099996
0.359423
0.362500
1.000000
0.000000
0.036661
1.156250
0.000000
0.099995
0.466292
0.362500
1.000000
0.000000
0.036661
1.156250
0.000000
0.099999
0.455553
0.362500
1.000000
0.000000
0.036661
1.187500
0.000000
0.099999
0.467761
0.362500
1.000000
0.000000
0.036661
1.062500
0.000000
0.100000
0.257558
0.362500
1.000000
0.000000
0.036661
0.187500
0.000000
0.099996
0.460520
0.362500
1.000000
0.000000
0.036661
0.125000
0.000000
0.099999
0.631538
0.362500
1.000000
0.000000
0.036661
0.343750
0.000000
0.099999
0.446806
0.362500
1.000000
0.000000
0.036661
0.500000
0.000000
0.100000
0.427711
0.362500
1.000000
0.000000
0.036661
1.750000
0.000000
0.099995
0.468277
0.362500
1.000000
0.000000
0.036662
0.093750
0.000000
0.099997
0.523940
0.362500
1.000000
0.000000
0.036661
1.750000
0.000000
0.099995
0.462741
0.362500
1.000000
0.000000
0.036661
1.093750
0.000000
0.099999
0.472818
0.362500
1.000000
0.000000
0.036661
0.187500
0.000000
0.100000
0.452246
0.362500
1.000000
0.000000
0.036661
1.875000
0.000000
0.099999
0.478384
0.362500
1.000000
0.000000
0.036661
0.437500
0.000000
0.099999
0.509289
0.362500
1.000000
0.000000
0.036661
1.062500
0.000000
0.099999
0.478383
0.362500
1.000000
0.000000
0.036661
1.906250
0.000000
0.099996
0.371513
0.362500
1.000000
0.000000
0.036661
0.937500
0.000000
0.099998
0.484123
0.362500
1.000000
0.000000
0.036661
2.375000
0.000000
0.099995
0.365359
0.362500
1.000000
0.000000
0.036661
0.312500
0.000000
0.100000
0.445775
0.362500
1.000000
0.000000
0.036661
0.375000
0.000000
0.099998
0.480244
0.362500
1.000000
0.000000
0.036661
0.187500
0.000000
0.099998
0.512698
0.362500
1.000000
0.000000
0.036661
1.187500
0.000000
0.099999
0.362864
0.362500
1.000000
0.000000
0.036661
0.125000
0.000000
0.100000
0.522213
0.362500
1.000000
0.000000
0.036661
0.250000
0.000000
0.100000
0.653518
0.362500
1.000000
0.000000
0.036661
0.218750
0.000000
0.099999
0.631804
0.362500
1.000000
0.000000
0.036662
0.156250
0.000000
0.099998
0.559911
0.362500
1.000000
0.000000
0.036661
0.593750
0.000000
0.100000
0.393882
0.362500
1.000000
0.000000
0.036661
0.187500
0.000000
0.099999
0.482395
0.362500
1.000000
0.000000
0.036661
0.437500
0.000000
0.100000
0.235252
0.362500
1.000000
0.000000
0.036661
0.875000
0.000000
0.099999
0.437187
0.362500
1.000000
0.000000
0.036661
0.562500
0.000000
0.100000
0.388270
0.362500
1.000000
0.000000
0.036661
0.500000
0.000000
0.099995
0.470597
0.362500
1.000000
0.000000
0.036661
0.093750
0.000000
0.099999
0.487901
0.362500
1.000000
0.000000
0.036661
0.312500
0.000000
0.099995
0.485462
0.362500
1.000000
0.000000
0.036661
2.031250
0.000000
0.099999
0.379739
0.362500
1.000000
0.000000
0.036661
1.531250
0.000000
0.099997
0.404902
0.362500
1.000000
0.000000
0.036662
0.187500
0.000000
0.099999
0.512916
0.362500
1.000000
0.000000
0.036661
0.937500
0.000000
0.099999
0.503679
0.362500
1.000000
0.000000
0.036662
94.968750
0.000000
0.099943
0.065182
0.362500
1.000000
0.000000
0.036661
1.062500
0.000000
0.099999
0.355980
0.362500
1.000000
0.000000
0.036661
1.750000
0.000000
0.099997
0.383899
0.362500
1.000000
0.000000
0.036661
0.843750
0.000000
0.099999
0.503937
0.362500
1.000000
0.000000
0.036661
0.718750
0.000000
0.099997
0.505487
0.362500
1.000000
0.000000
0.036661
0.843750
0.000000
0.100000
0.506287
0.362500
1.000000
0.000000
0.036661
1.843750
0.000000
0.099997
0.371302
0.362500
1.000000
0.000000
0.036661
0.687500
0.000000
0.099998
0.467104
0.362500
1.000000
0.000000
0.036661
1.406250
0.000000
0.099998
0.480068
0.362500
1.000000
0.000000
0.036661
1.343750
0.000000
0.100000
0.420331
0.362500
1.000000
0.000000
0.036661
0.531250
0.000000
0.100000
0.498016
0.362500
1.000000
0.000000
0.036661
0.718750
0.000000
0.099995
0.389188
0.362500
1.000000
0.000000
0.036661
1.250000
0.000000
0.099996
0.488121
0.362500
1.000000
0.000000
0.036661
1.000000
0.000000
0.099999
0.699259
0.362500
1.000000
0.000000
0.036661
0.156250
0.000000
0.099999
0.524140
0.362500
1.000000
0.000000
0.036661
0.968750
0.000000
0.100000
0.664328
0.362500
1.000000
0.000000
0.036661
1.187500
0.000000
0.099997
0.499638
0.362500
1.000000
0.000000
0.036661
0.468750
0.000000
0.099999
0.505365
0.362500
1.000000
0.000000
0.036661
0.687500
0.000000
0.099998
0.500655
0.362500
1.000000
0.000000
0.036661
0.468750
0.000000
0.100000
0.502331
0.362500
1.000000
0.000000
0.036662
0.218750
0.000000
0.099998
0.587315
0.362500
1.000000
0.000000
0.036661
1.375000
0.000000
0.099999
0.432006
0.362500
1.000000
0.000000
0.036661
0.687500
0.000000
0.099999
0.509939
0.362500
1.000000
0.000000
0.036661
0.500000
0.000000
0.099998
0.508380
0.362500
1.000000
0.000000
0.036661
1.750000
0.000000
0.099996
0.408779
0.362500
1.000000
0.000000
0.036661
0.781250
0.000000
0.099999
0.284941
0.362500
1.000000
0.000000
0.036661
0.968750
0.000000
0.099998
0.487431
0.362500
1.000000
0.000000
0.036662
7.593750
0.000000
0.099992
0.160967
0.362500
1.000000
0.000000
0.036661
0.875000
0.000000
0.099998
0.518344
0.362500
1.000000
0.000000
0.036661
0.812500
0.000000
0.099999
0.460044
0.362500
1.000000
0.000000
0.036661
0.781250
0.000000
0.100000
0.452318
0.362500
1.000000
0.000000
0.036661
0.937500
0.000000
0.099997
0.526356
0.362500
1.000000
0.000000
0.036661
0.968750
0.000000
0.099999
0.284779
0.362500
1.000000
0.000000
0.036661
0.500000
0.000000
0.099998
0.515400
0.362500
1.000000
0.000000
0.036661
0.906250
0.000000
0.099999
0.688716
0.362500
1.000000
0.000000
0.036661
1.625000
0.000000
0.100000
0.384284
0.362500
1.000000
0.000000
0.036661
1.062500
0.000000
0.100000
0.379744
0.362500
1.000000
0.000000
0.036662
0.218750
0.000000
0.099998
0.599487
0.362500
1.000000
0.000000
0.036661
0.968750
0.000000
0.099996
0.507051
0.362500
1.000000
0.000000
0.036661
1.406250
0.000000
0.099999
0.422314
0.362500
1.000000
0.000000
0.036661
0.906250
0.000000
0.099998
0.530526
0.362500
1.000000
0.000000
0.036661
1.593750
0.000000
0.099999
0.396005
0.362500
1.000000
0.000000
0.036661
1.406250
0.000000
0.099998
0.428708
0.362500
1.000000
0.000000
0.036661
1.000000
0.000000
0.099999
0.532633
0.362500
1.000000
0.000000
0.036661
1.781250
0.000000
0.099997
0.414622
0.362500
1.000000
0.000000
0.036661
0.593750
0.000000
0.099991
0.234667
0.362500
1.000000
0.000000
0.036661
0.156250
0.000000
0.099999
0.739544
0.362500
1.000000
0.000000
0.036661
14.937500
0.000000
0.099943
0.099644
0.362500
1.000000
0.000000
0.036661
0.968750
0.000000
0.100000
0.532587
0.362500
1.000000
0.000000
0.036661
0.562500
0.000000
0.100000
0.492007
0.362500
1.000000
0.000000
0.036661
0.343750
0.000000
0.100000
0.647745
0.362500
1.000000
0.000000
0.036661
1.781250
0.000000
0.099999
0.413560
0.362500
1.000000
0.000000
0.036661
0.843750
0.000000
0.099998
0.438783
0.362500
1.000000
0.000000
0.036661
0.781250
0.000000
0.100000
0.698678
0.362500
1.000000
0.000000
0.036661
0.937500
0.000000
0.099998
0.536166
0.362500
1.000000
0.000000
0.036661
1.750000
0.000000
0.099997
0.420612
0.362500
1.000000
0.000000
0.036661
0.531250
0.000000
0.100000
0.448004
0.362500
1.000000
0.000000
0.036662
2.656250
0.000000
0.099986
0.212076
0.362500
1.000000
0.000000
0.036661
0.875000
0.000000
0.099998
0.524620
0.362500
1.000000
0.000000
0.036661
0.718750
0.000000
0.100000
0.688454
0.362500
1.000000
0.000000
0.036662
0.062500
0.000000
0.099999
0.581099
0.362500
1.000000
0.000000
0.036661
0.312500
0.000000
0.099999
0.510288
0.362500
1.000000
0.000000
0.036661
0.156250
0.000000
0.100000
0.739500
0.362500
1.000000
0.000000
0.036661
0.687500
0.000000
0.099999
0.699646
0.362500
1.000000
0.000000
0.036661
1.093750
0.000000
0.099996
0.403765
0.362500
1.000000
0.000000
0.036661
1.437500
0.000000
0.099998
0.423625
0.362500
1.000000
0.000000
0.036661
1.000000
0.000000
0.100000
0.442882
0.362500
1.000000
0.000000
0.036661
0.656250
0.000000
0.099998
0.530585
0.362500
1.000000
0.000000
0.036661
0.531250
0.000000
0.099999
0.517416
0.362500
1.000000
0.000000
0.036661
0.218750
0.000000
0.099999
0.747547
0.362500
1.000000
0.000000
0.036661
0.531250
0.000000
0.099999
0.511836
0.362500
1.000000
0.000000
0.036661
0.937500
0.000000
0.100000
0.536343
0.362500
1.000000
0.000000
0.036662
0.375000
0.000000
0.100000
0.570267
0.362500
1.000000
0.000000
0.036661
0.343750
0.000000
0.099999
0.449133
0.362500
1.000000
0.000000
0.036661
1.093750
0.000000
0.099996
0.425681
0.362500
1.000000
0.000000
0.036661
0.468750
0.000000
0.100000
0.515751
0.362500
1.000000
0.000000
0.036661
0.906250
0.000000
0.100000
0.520047
0.362500
1.000000
0.000000
0.036661
1.687500
0.000000
0.099996
0.427319
0.362500
1.000000
0.000000
0.036661
0.406250
0.000000
0.099999
0.531268
0.362500
1.000000
0.000000
0.036661
1.218750
0.000000
0.099997
0.407741
0.362500
1.000000
0.000000
0.036661
0.312500
0.000000
0.099998
0.476605
0.362500
1.000000
0.000000
0.036661
1.062500
0.000000
0.099998
0.477115
0.362500
1.000000
0.000000
0.036661
0.562500
0.000000
0.099999
0.711074
0.362500
1.000000
0.000000
0.036661
1.656250
0.000000
0.099998
0.424049
0.362500
1.000000
0.000000
0.036661
0.281250
0.000000
0.100000
0.782324
0.362500
1.000000
0.000000
0.036661
0.812500
0.000000
0.099997
0.562439
0.362500
1.000000
0.000000
0.036661
0.531250
0.000000
0.099999
0.551869
0.362500
1.000000
0.000000
0.036661
0.125000
0.000000
0.099997
0.567481
0.362500
1.000000
0.000000
0.036661
1.218750
0.000000
0.099999
0.400006
0.362500
1.000000
0.000000
0.036661
0.812500
0.000000
0.099998
0.564407
0.362500
1.000000
0.000000
0.036661
0.531250
0.000000
0.100000
0.554889
0.362500
1.000000
0.000000
0.036661
0.687500
0.000000
0.099999
0.727305
0.362500
1.000000
0.000000
0.036661
0.281250
0.000000
0.100000
0.758840
0.362500
1.000000
0.000000
0.036661
0.812500
0.000000
0.099998
0.565936
0.362500
1.000000
0.000000
0.036662
0.593750
0.000000
0.099999
0.584992
0.362500
1.000000
0.000000
0.036661
1.031250
0.000000
0.099997
0.419953
0.362500
1.000000
0.000000
0.036661
0.781250
0.000000
0.099997
0.531647
0.362500
1.000000
0.000000
0.036661
0.750000
0.000000
0.099998
0.529216
0.362500
1.000000
0.000000
0.036661
2.468750
0.000000
0.099993
0.244778
0.362500
1.000000
0.000000
0.036661
1.281250
0.000000
0.099999
0.400690
0.362500
1.000000
0.000000
0.036661
0.562500
0.000000
0.099999
0.542246
0.362500
1.000000
0.000000
0.036661
1.312500
0.000000
0.099998
0.418510
0.362500
1.000000
0.000000
0.036661
13.625000
0.000000
0.099937
0.106488
0.362500
1.000000
0.000000
0.036661
0.531250
0.000000
0.100000
0.698950
0.362500
1.000000
0.000000
0.036661
0.343750
0.000000
0.099999
0.793509
0.362500
1.000000
0.000000
0.036661
0.625000
0.000000
0.100000
0.511431
0.362500
1.000000
0.000000
0.036661
0.625000
0.000000
0.099998
0.559516
0.362500
1.000000
0.000000
0.036662
14.343750
0.000000
0.099952
0.076367
0.362500
1.000000
0.000000
0.036661
1.406250
0.000000
0.100000
0.415037
0.362500
1.000000
0.000000
0.036661
0.687500
0.000000
0.099999
0.464564
0.362500
1.000000
0.000000
0.036661
0.687500
0.000000
0.099999
0.711714
0.362500
1.000000
0.000000
0.036661
0.312500
0.000000
0.100000
0.734884
0.362500
1.000000
0.000000
0.036661
1.218750
0.000000
0.100000
0.412391
0.362500
1.000000
0.000000
0.036661
0.968750
0.000000
0.099999
0.575952
0.362500
1.000000
0.000000
0.036661
1.312500
0.000000
0.099996
0.430816
0.362500
1.000000
0.000000
0.036662
14.687500
0.000000
0.099979
0.093233
0.362500
1.000000
0.000000
0.036662
0.156250
0.000000
0.099999
0.622983
0.362500
1.000000
0.000000
0.036661
0.687500
0.000000
0.099999
0.529520
0.362500
1.000000
0.000000
0.036662
0.718750
0.000000
0.099999
0.267606
0.362500
1.000000
0.000000
0.036661
1.437500
0.000000
0.099997
0.567065
0.362500
1.000000
0.000000
0.036661
1.187500
0.000000
0.099999
0.403066
0.362500
1.000000
0.000000
0.036661
0.531250
0.000000
0.099999
0.550791
0.362500
1.000000
0.000000
0.036661
0.500000
0.000000
0.099998
0.623180
0.362500
1.000000
0.000000
0.036661
0.156250
0.000000
0.100000
0.794046
0.362500
1.000000
0.000000
0.036661
0.500000
0.000000
0.099999
0.554693
0.362500
1.000000
0.000000
0.036661
0.500000
0.000000
0.099999
0.557508
0.362500
1.000000
0.000000
0.036661
0.843750
0.000000
0.100000
0.484432
0.362500
1.000000
0.000000
0.036661
1.093750
0.000000
0.099998
0.582574
0.362500
1.000000
0.000000
0.036661
0.625000
0.000000
0.099999
0.584823
0.362500
1.000000
0.000000
0.036661
1.406250
0.000000
0.099998
0.446891
0.362500
1.000000
0.000000
0.036661
0.875000
0.000000
0.099998
0.482081
0.362500
1.000000
0.000000
0.036661
0.312500
0.000000
0.100000
0.748836
0.362500
1.000000
0.000000
0.036661
0.031250
0.000000
0.099999
0.559616
0.362500
1.000000
0.000000
0.036661
0.281250
0.000000
0.099999
0.574710
0.362500
1.000000
0.000000
0.036661
0.406250
0.000000
0.100000
0.500122
0.362500
1.000000
0.000000
0.036661
0.437500
0.000000
0.099999
0.567162
0.362500
1.000000
0.000000
0.036661
1.437500
0.000000
0.099999
0.584014
0.362500
1.000000
0.000000
0.036662
0.093750
0.000000
0.099999
0.646905
0.362500
1.000000
0.000000
0.036661
0.750000
0.000000
0.099999
0.552690
0.362500
1.000000
0.000000
0.036661
0.187500
0.000000
0.099998
0.630378
0.362500
1.000000
0.000000
0.036661
0.968750
0.000000
0.099999
0.434565
0.362500
1.000000
0.000000
0.036661
0.812500
0.000000
0.099998
0.484330
0.362500
1.000000
0.000000
0.036661
0.781250
0.000000
0.100000
0.467128
0.362500
1.000000
0.000000
0.036661
0.750000
0.000000
0.099999
0.479000
0.362500
1.000000
0.000000
0.036661
0.000000
0.000000
0.099999
0.830232
0.200000
1.000000
0.000000
0.036661
0.406250
0.000000
0.099999
0.553438
0.362500
1.000000
0.000000
0.036661
0.687500
0.000000
0.099999
0.807874
0.362500
1.000000
0.000000
0.036662
3.750000
0.000000
0.099960
0.122878
0.362500
1.000000
0.000000
0.036661
1.406250
0.000000
0.099995
0.467049
0.362500
1.000000
0.000000
0.036661
3.343750
0.000000
0.099987
0.217615
0.362500
1.000000
0.000000
0.036661
0.812500
0.000000
0.099997
0.565507
0.362500
1.000000
0.000000
0.036661
0.937500
0.000000
0.099996
0.482177
0.362500
1.000000
0.000000
0.036661
0.687500
0.000000
0.099999
0.554430
0.362500
1.000000
0.000000
0.036661
1.656250
0.000000
0.099999
0.599264
0.362500
1.000000
0.000000
0.036661
0.218750
0.000000
0.100000
0.575785
0.362500
1.000000
0.000000
0.036661
0.218750
0.000000
0.099999
0.566987
0.362500
1.000000
0.000000
0.036662
0.093750
0.000000
0.100000
0.661135
0.362500
1.000000
0.000000
0.036661
0.406250
0.000000
0.099999
0.575553
0.362500
1.000000
0.000000
0.036661
0.625000
0.000000
0.099998
0.582807
0.362500
1.000000
0.000000
0.036661
0.843750
0.000000
0.099999
0.578400
0.362500
1.000000
0.000000
0.036661
0.343750
0.000000
0.099998
0.656134
0.362500
1.000000
0.000000
0.036661
0.125000
0.000000
0.100000
0.593030
0.362500
1.000000
0.000000
0.036661
0.812500
0.000000
0.099997
0.471125
0.362500
1.000000
0.000000
0.036661
1.531250
0.000000
0.099996
0.471670
0.362500
1.000000
0.000000
0.036661
1.125000
0.000000
0.100000
0.437178
0.362500
1.000000
0.000000
0.036661
0.562500
0.000000
0.099999
0.818075
0.362500
1.000000
0.000000
0.036661
1.218750
0.000000
0.099999
0.434858
0.362500
1.000000
0.000000
0.036661
0.093750
0.000000
0.100000
0.608698
0.362500
1.000000
0.000000
0.036661
0.187500
0.000000
0.100000
0.795577
0.362500
1.000000
0.000000
0.036661
0.656250
0.000000
0.099999
0.562236
0.362500
1.000000
0.000000
0.036661
0.343750
0.000000
0.099999
0.855190
0.362500
1.000000
0.000000
0.036661
0.656250
0.000000
0.099999
0.572392
0.362500
1.000000
0.000000
0.036661
0.218750
0.000000
0.099999
0.611684
0.362500
1.000000
0.000000
0.036661
1.281250
0.000000
0.099999
0.425163
0.362500
1.000000
0.000000
0.036661
0.375000
0.000000
0.100000
0.556560
0.362500
1.000000
0.000000
0.036661
1.375000
0.000000
0.100000
0.597455
0.362500
1.000000
0.000000
0.036661
0.343750
0.000000
0.099999
0.871433
0.362500
1.000000
0.000000
0.036661
0.343750
0.000000
0.100000
0.804804
0.362500
1.000000
0.000000
0.036661
0.343750
0.000000
0.099999
0.828014
0.362500
1.000000
0.000000
0.036661
1.156250
0.000000
0.099999
0.428696
0.362500
1.000000
0.000000
0.036661
0.312500
0.000000
0.099999
0.870091
0.362500
1.000000
0.000000
0.036661
0.593750
0.000000
0.100000
0.584275
0.362500
1.000000
0.000000
0.036661
0.031250
0.000000
0.099997
0.633485
0.362500
1.000000
0.000000
0.036661
0.437500
0.000000
0.100000
0.790385
0.362500
1.000000
0.000000
0.036661
3.468750
0.000000
0.099971
0.141599
0.362500
1.000000
0.000000
0.036661
0.406250
0.000000
0.100000
0.606744
0.362500
1.000000
0.000000
0.036661
0.875000
0.000000
0.099999
0.497264
0.362500
1.000000
0.000000
0.036661
0.843750
0.000000
0.099998
0.510200
0.362500
1.000000
0.000000
0.036661
0.218750
0.000000
0.100000
0.574501
0.362500
1.000000
0.000000
0.036661
0.375000
0.000000
0.100000
1.106766
0.362500
1.000000
0.000000
0.036661
0.343750
0.000000
0.099999
0.608386
0.362500
1.000000
0.000000
0.036661
1.031250
0.000000
0.100000
0.616984
0.362500
1.000000
0.000000
0.036661
1.031250
0.000000
0.099997
0.503892
0.362500
1.000000
0.000000
0.036661
0.468750
0.000000
0.100000
0.602202
0.362500
1.000000
0.000000
0.036661
0.968750
0.000000
0.099998
0.623057
0.362500
1.000000
0.000000
0.036662
91.187500
0.000000
0.099962
0.058835
0.362500
1.000000
0.000000
0.036661
0.156250
0.000000
0.100000
0.819015
0.362500
1.000000
0.000000
0.036661
0.281250
0.000000
0.099999
0.836054
0.362500
1.000000
0.000000
0.036661
0.906250
0.000000
0.100000
0.624433
0.362500
1.000000
0.000000
0.036661
0.718750
0.000000
0.099999
0.570102
0.362500
1.000000
0.000000
0.036661
1.031250
0.000000
0.099997
0.464240
0.362500
1.000000
0.000000
0.036661
0.437500
0.000000
0.099999
0.597428
0.362500
1.000000
0.000000
0.036661
0.468750
0.000000
0.099999
0.601251
0.362500
1.000000
0.000000
0.036661
0.656250
0.000000
0.099999
0.505074
0.362500
1.000000
0.000000
0.036661
0.312500
0.000000
0.100000
0.887513
0.362500
1.000000
0.000000
0.036661
0.875000
0.000000
0.099998
0.629282
0.362500
1.000000
0.000000
0.036661
0.000000
0.000000
0.099998
0.655644
0.200000
1.000000
0.000000
0.036661
1.187500
0.000000
0.099998
0.477585
0.362500
1.000000
0.000000
0.036661
1.562500
0.000000
0.099997
0.458112
0.362500
1.000000
0.000000
0.036661
0.281250
0.000000
0.099999
0.862635
0.362500
1.000000
0.000000
0.036661
0.312500
0.000000
0.099999
0.695000
0.362500
1.000000
0.000000
0.036661
0.343750
0.000000
0.099999
0.621215
0.362500
1.000000
0.000000
0.036661
0.437500
0.000000
0.099998
0.608651
0.362500
1.000000
0.000000
0.036661
0.156250
0.000000
0.100000
0.672428
0.362500
1.000000
0.000000
0.036661
0.437500
0.000000
0.099999
0.608599
0.362500
1.000000
0.000000
0.036661
0.375000
0.000000
0.099999
0.598389
0.362500
1.000000
0.000000
0.036661
0.437500
0.000000
0.100000
0.793228
0.362500
1.000000
0.000000
0.036661
0.062500
0.000000
0.099999
0.667338
0.362500
1.000000
0.000000
0.036661
0.156250
0.000000
0.100000
0.586479
0.362500
1.000000
0.000000
0.036661
0.531250
0.000000
0.099999
0.580486
0.362500
1.000000
0.000000
0.036661
0.687500
0.000000
0.100000
0.522221
0.362500
1.000000
0.000000
0.036661
1.031250
0.000000
0.099999
0.445404
0.362500
1.000000
0.000000
0.036661
0.843750
0.000000
0.099998
0.641984
0.362500
1.000000
0.000000
0.036661
0.187500
0.000000
0.099999
0.619411
0.362500
1.000000
0.000000
0.036661
0.812500
0.000000
0.099999
0.622110
0.362500
1.000000
0.000000
0.036661
0.093750
0.000000
0.099999
0.626089
0.362500
1.000000
0.000000
0.036661
0.250000
0.000000
0.099999
0.644173
0.362500
1.000000
0.000000
0.036661
1.281250
0.000000
0.099999
0.502560
0.362500
1.000000
0.000000
0.036661
0.343750
0.000000
0.099999
0.881766
0.362500
1.000000
0.000000
0.036661
0.062500
0.000000
0.099998
0.613462
0.362500
1.000000
0.000000
0.036661
0.875000
0.000000
0.099999
0.484328
0.362500
1.000000
0.000000
0.036661
0.312500
0.000000
0.100000
0.879093
0.362500
1.000000
0.000000
0.036661
12.593750
0.000000
0.099960
0.105840
0.362500
1.000000
0.000000
0.036661
0.156250
0.000000
0.100000
0.591486
0.362500
1.000000
0.000000
0.036661
0.343750
0.000000
0.100000
0.573741
0.362500
1.000000
0.000000
0.036661
0.156250
0.000000
0.099998
0.656561
0.362500
1.000000
0.000000
0.036661
0.718750
0.000000
0.099998
0.649352
0.362500
1.000000
0.000000
0.036661
0.687500
0.000000
0.099997
0.544656
0.362500
1.000000
0.000000
0.036661
0.062500
0.000000
0.100000
0.639249
0.362500
1.000000
0.000000
0.036661
0.906250
0.000000
0.100000
0.444996
0.362500
1.000000
0.000000
0.036661
1.125000
0.000000
0.099999
0.467923
0.362500
1.000000
0.000000
0.036661
0.468750
0.000000
0.099999
0.583800
0.362500
1.000000
0.000000
0.036661
0.156250
0.000000
0.100000
1.139147
0.362500
1.000000
0.000000
0.036661
0.281250
0.000000
0.100000
0.625013
0.362500
1.000000
0.000000
0.036661
0.312500
0.000000
0.100000
0.787141
0.362500
1.000000
0.000000
0.036661
0.843750
0.000000
0.099999
0.466097
0.362500
1.000000
0.000000
0.036661
0.000000
0.000000
0.099998
0.673350
0.200000
1.000000
0.000000
0.036661
0.468750
0.000000
0.100000
0.532212
0.362500
1.000000
0.000000
0.036661
0.125000
0.000000
0.100000
1.098934
0.362500
1.000000
0.000000
0.036661
0.750000
0.000000
0.099999
0.631623
0.362500
1.000000
0.000000
0.036661
0.531250
0.000000
0.100000
0.652297
0.362500
1.000000
0.000000
0.036661
1.406250
0.000000
0.099999
0.524721
0.362500
1.000000
0.000000
0.036661
0.781250
0.000000
0.100000
0.625933
0.362500
1.000000
0.000000
0.036661
0.156250
0.000000
0.099999
0.645271
0.362500
1.000000
0.000000
0.036661
1.312500
0.000000
0.100000
0.659686
0.362500
1.000000
0.000000
0.036661
0.531250
0.000000
0.099998
0.657591
0.362500
1.000000
0.000000
0.036661
0.125000
0.000000
0.100000
0.593559
0.362500
1.000000
0.000000
0.036661
1.000000
0.000000
0.099996
0.503134
0.362500
1.000000
0.000000
0.036661
0.125000
0.000000
0.100000
1.159791
0.362500
1.000000
0.000000
0.036661
0.218750
0.000000
0.099999
0.640457
0.362500
1.000000
0.000000
0.036661
0.000000
0.000000
0.099999
0.713223
0.200000
1.000000
0.000000
0.036661
0.031250
0.000000
0.099999
0.667141
0.362500
1.000000
0.000000
0.036661
0.343750
0.000000
0.099999
0.901483
0.362500
1.000000
0.000000
0.036661
0.093750
0.000000
0.100000
0.641800
0.362500
1.000000
0.000000
0.036661
1.031250
0.000000
0.100000
0.512959
0.362500
1.000000
0.000000
0.036661
0.968750
0.000000
0.099998
0.490889
0.362500
1.000000
0.000000
0.036661
0.625000
0.000000
0.100000
0.577206
0.362500
1.000000
0.000000
0.036662
0.062500
0.000000
0.099999
0.759109
0.362500
1.000000
0.000000
0.036661
0.468750
0.000000
0.099998
0.665290
0.362500
1.000000
0.000000
0.036661
0.312500
0.000000
0.099999
0.854374
0.362500
1.000000
0.000000
0.036661
0.375000
0.000000
0.099999
0.526344
0.362500
1.000000
0.000000
0.036661
0.000000
0.000000
0.099998
0.668372
0.200000
1.000000
0.000000
0.036661
0.343750
0.000000
0.099999
0.538830
0.362500
1.000000
0.000000
0.036661
3.375000
0.000000
0.099974
0.173841
0.362500
1.000000
0.000000
0.036661
0.156250
0.000000
0.099999
0.701535
0.362500
1.000000
0.000000
0.036661
0.312500
0.000000
0.100000
0.642706
0.362500
1.000000
0.000000
0.036661
0.125000
0.000000
0.100000
1.109286
0.362500
1.000000
0.000000
0.036661
0.750000
0.000000
0.099999
0.655013
0.362500
1.000000
0.000000
0.036661
0.031250
0.000000
0.099999
0.703143
0.362500
1.000000
0.000000
0.036661
0.281250
0.000000
0.099999
0.681289
0.362500
1.000000
0.000000
0.036661
0.218750
0.000000
0.099999
0.619011
0.362500
1.000000
0.000000
0.036661
0.187500
0.000000
0.100000
0.914358
0.362500
1.000000
0.000000
0.036661
1.218750
0.000000
0.099998
0.502695
0.362500
1.000000
0.000000
0.036661
1.218750
0.000000
0.100000
0.353203
0.362500
1.000000
0.000000
0.036661
0.125000
0.000000
0.100000
0.621811
0.362500
1.000000
0.000000
0.036661
6.656250
0.000000
0.099907
0.104509
0.362500
1.000000
0.000000
0.036661
1.312500
0.000000
0.099999
0.501189
0.362500
1.000000
0.000000
0.036661
0.218750
0.000000
0.100000
0.914514
0.362500
1.000000
0.000000
0.036661
0.250000
0.000000
0.100000
0.789835
0.362500
1.000000
0.000000
0.036662
6.531250
0.000000
0.099972
0.168229
0.362500
1.000000
0.000000
0.036661
0.625000
0.000000
0.099999
0.675526
0.362500
1.000000
0.000000
0.036661
1.343750
0.000000
0.099997
0.512311
0.362500
1.000000
0.000000
0.036661
0.656250
0.000000
0.099999
0.677722
0.362500
1.000000
0.000000
0.036661
0.093750
0.000000
0.100000
0.977248
0.362500
1.000000
0.000000
0.036661
0.125000
0.000000
0.100000
0.625255
0.362500
1.000000
0.000000
0.036661
0.500000
0.000000
0.099999
0.562816
0.362500
1.000000
0.000000
0.036661
0.468750
0.000000
0.099999
0.566784
0.362500
1.000000
0.000000
0.036661
1.281250
0.000000
0.099999
0.505135
0.362500
1.000000
0.000000
0.036661
0.531250
0.000000
0.100000
0.811173
0.362500
1.000000
0.000000
0.036661
0.625000
0.000000
0.099998
0.679449
0.362500
1.000000
0.000000
0.036661
1.312500
0.000000
0.099999
0.502119
0.362500
1.000000
0.000000
0.036661
0.093750
0.000000
0.100000
0.958273
0.362500
1.000000
0.000000
0.036661
0.406250
0.000000
0.099999
0.651859
0.362500
1.000000
0.000000
0.036661
0.437500
0.000000
0.100000
0.546740
0.362500
1.000000
0.000000
0.036661
0.562500
0.000000
0.099998
0.680571
0.362500
1.000000
0.000000
0.036661
1.281250
0.000000
0.099999
0.514764
0.362500
1.000000
0.000000
0.036661
1.062500
0.000000
0.099997
0.503232
0.362500
1.000000
0.000000
0.036661
0.125000
0.000000
0.100000
0.816062
0.362500
1.000000
0.000000
0.036661
1.031250
0.000000
0.099999
0.481111
0.362500
1.000000
0.000000
0.036661
0.093750
0.000000
0.100000
0.950892
0.362500
1.000000
0.000000
0.036661
0.500000
0.000000
0.100000
0.823832
0.362500
1.000000
0.000000
0.036661
0.718750
0.000000
0.099999
0.687106
0.362500
1.000000
0.000000
0.036661
0.406250
0.000000
0.100000
0.962200
0.362500
1.000000
0.000000
0.036661
0.406250
0.000000
0.099998
0.568961
0.362500
1.000000
0.000000
0.036661
1.531250
0.000000
0.099999
0.550018
0.362500
1.000000
0.000000
0.036661
0.062500
0.000000
0.100000
0.923830
0.362500
1.000000
0.000000
0.036661
0.031250
0.000000
0.099999
0.929553
0.362500
1.000000
0.000000
0.036661
0.093750
0.000000
0.100000
0.671551
0.362500
1.000000
0.000000
0.036661
0.343750
0.000000
0.100000
0.767432
0.362500
1.000000
0.000000
0.036661
0.156250
0.000000
0.099999
0.733713
0.362500
1.000000
0.000000
0.036662
87.531250
0.000000
0.099901
0.065644
0.362500
1.000000
0.000000
0.036661
0.718750
0.000000
0.099999
0.660369
0.362500
1.000000
0.000000
0.036661
0.343750
0.000000
0.099999
0.713330
0.362500
1.000000
0.000000
0.036662
0.000000
0.000000
0.099999
0.760971
0.200000
1.000000
0.000000
0.036661
0.687500
0.000000
0.099999
0.688118
0.362500
1.000000
0.000000
0.036661
0.250000
0.000000
0.100000
0.968327
0.362500
1.000000
0.000000
0.036661
0.218750
0.000000
0.099999
0.664811
0.362500
1.000000
0.000000
0.036661
0.687500
0.000000
0.099999
0.690710
0.362500
1.000000
0.000000
0.036661
0.031250
0.000000
0.100000
0.939017
0.362500
1.000000
0.000000
0.036661
0.906250
0.000000
0.099999
0.489373
0.362500
1.000000
0.000000
0.036661
1.250000
0.000000
0.099997
0.517840
0.362500
1.000000
0.000000
0.036661
1.468750
0.000000
0.100000
0.542835
0.362500
1.000000
0.000000
0.036661
0.625000
0.000000
0.099998
0.690193
0.362500
1.000000
0.000000
0.036661
0.000000
0.000000
0.099999
0.722181
0.200000
1.000000
0.000000
0.036661
0.187500
0.000000
0.099999
0.883078
0.362500
1.000000
0.000000
0.036661
0.593750
0.000000
0.099998
0.697275
0.362500
1.000000
0.000000
0.036661
0.156250
0.000000
0.100000
0.621863
0.362500
1.000000
0.000000
0.036661
0.000000
0.000000
0.100000
0.957159
0.200000
1.000000
0.000000
0.036661
0.906250
0.000000
0.099998
0.486819
0.362500
1.000000
0.000000
0.036661
0.218750
0.000000
0.099999
0.665890
0.362500
1.000000
0.000000
0.036661
0.031250
0.000000
0.100000
0.925701
0.362500
1.000000
0.000000
0.036661
1.093750
0.000000
0.099999
0.515999
0.362500
1.000000
0.000000
0.036661
0.531250
0.000000
0.099998
0.694922
0.362500
1.000000
0.000000
0.036661
0.500000
0.000000
0.099999
0.700362
0.362500
1.000000
0.000000
0.036661
0.718750
0.000000
0.099998
0.643643
0.362500
1.000000
0.000000
0.036661
0.125000
0.000000
0.100000
1.154475
0.362500
1.000000
0.000000
0.036661
1.218750
0.000000
0.099998
0.525389
0.362500
1.000000
0.000000
0.036661
0.437500
0.000000
0.100000
1.108793
0.362500
1.000000
0.000000
0.036661
0.218750
0.000000
0.100000
1.117594
0.362500
1.000000
0.000000
0.036661
0.281250
0.000000
0.100000
0.980485
0.362500
1.000000
0.000000
0.036661
1.218750
0.000000
0.099999
0.565987
0.362500
1.000000
0.000000
0.036661
0.281250
0.000000
0.100000
0.998912
0.362500
1.000000
0.000000
0.036661
0.656250
0.000000
0.099999
0.588366
0.362500
1.000000
0.000000
0.036661
0.187500
0.000000
0.100000
1.110210
0.362500
1.000000
0.000000
0.036661
0.281250
0.000000
0.100000
0.904819
0.362500
1.000000
0.000000
0.036661
0.093750
0.000000
0.099999
0.658356
0.362500
1.000000
0.000000
0.036661
0.093750
0.000000
0.100000
0.897943
0.362500
1.000000
0.000000
0.036661
0.968750
0.000000
0.099999
0.593655
0.362500
1.000000
0.000000
0.036661
0.531250
0.000000
0.100000
0.985408
0.362500
1.000000
0.000000
0.036661
0.500000
0.000000
0.099998
0.706627
0.362500
1.000000
0.000000
0.036661
0.875000
0.000000
0.099999
0.521855
0.362500
1.000000
0.000000
0.036661
0.656250
0.000000
0.099999
0.577878
0.362500
1.000000
0.000000
0.036661
0.156250
0.000000
0.100000
1.126114
0.362500
1.000000
0.000000
0.036661
0.937500
0.000000
0.099999
0.519673
0.362500
1.000000
0.000000
0.036661
0.281250
0.000000
0.100000
0.974940
0.362500
1.000000
0.000000
0.036661
0.093750
0.000000
0.099999
0.692380
0.362500
1.000000
0.000000
0.036661
0.531250
0.000000
0.100000
1.003673
0.362500
1.000000
0.000000
0.036661
0.656250
0.000000
0.100000
0.562805
0.362500
1.000000
0.000000
0.036661
0.906250
0.000000
0.099998
0.518012
0.362500
1.000000
0.000000
0.036661
1.000000
0.000000
0.099997
0.531512
0.362500
1.000000
0.000000
0.036661
0.281250
0.000000
0.099999
1.013322
0.362500
1.000000
0.000000
0.036661
0.312500
0.000000
0.100000
0.886880
0.362500
1.000000
0.000000
0.036661
0.250000
0.000000
0.100000
0.971000
0.362500
1.000000
0.000000
0.036661
0.687500
0.000000
0.099999
0.326614
0.362500
1.000000
0.000000
0.036661
0.687500
0.000000
0.099999
0.576571
0.362500
1.000000
0.000000
0.036661
0.281250
0.000000
0.099999
1.005139
0.362500
1.000000
0.000000
0.036661
0.218750
0.000000
0.100000
0.996023
0.362500
1.000000
0.000000
0.036661
0.156250
0.000000
0.100000
0.503736
0.362500
1.000000
0.000000
0.036661
0.687500
0.000000
0.100000
0.578266
0.362500
1.000000
0.000000
0.036661
0.218750
0.000000
0.100000
0.704401
0.362500
1.000000
0.000000
0.036661
0.468750
0.000000
0.100000
0.678050
0.362500
1.000000
0.000000
0.036662
0.062500
0.000000
0.099999
0.714551
0.362500
1.000000
0.000000
0.036661
0.093750
0.000000
0.099998
0.802164
0.362500
1.000000
0.000000
0.036661
0.343750
0.000000
0.100000
1.093004
0.362500
1.000000
0.000000
0.036661
0.125000
0.000000
0.099999
0.932688
0.362500
1.000000
0.000000
0.036661
0.187500
0.000000
0.100000
1.008077
0.362500
1.000000
0.000000
0.036661
1.468750
0.000000
0.100000
0.720345
0.362500
1.000000
0.000000
0.036662
0.062500
0.000000
0.099999
0.781495
0.362500
1.000000
0.000000
0.036661
0.375000
0.000000
0.099999
0.719077
0.362500
1.000000
0.000000
0.036661
0.218750
0.000000
0.099999
0.686666
0.362500
1.000000
0.000000
0.036661
0.750000
0.000000
0.099999
0.639775
0.362500
1.000000
0.000000
0.036661
1.031250
0.000000
0.099997
0.573583
0.362500
1.000000
0.000000
0.036661
0.687500
0.000000
0.100000
0.568043
0.362500
1.000000
0.000000
0.036661
0.375000
0.000000
0.100000
0.721088
0.362500
1.000000
0.000000
0.036661
0.187500
0.000000
0.100000
0.653422
0.362500
1.000000
0.000000
0.036661
0.593750
0.000000
0.100000
0.607807
0.362500
1.000000
0.000000
0.036661
1.406250
0.000000
0.100000
0.707572
0.362500
1.000000
0.000000
0.036661
0.500000
0.000000
0.099999
0.988762
0.362500
1.000000
0.000000
0.036661
0.562500
0.000000
0.099999
0.583082
0.362500
1.000000
0.000000
0.036661
0.000000
0.000000
0.100000
0.799828
0.200000
1.000000
0.000000
0.036661
1.281250
0.000000
0.099998
0.685126
0.362500
1.000000
0.000000
0.036661
0.468750
0.000000
0.100000
0.982544
0.362500
1.000000
0.000000
0.036661
0.062500
0.000000
0.099999
0.707038
0.362500
1.000000
0.000000
0.036661
1.125000
0.000000
0.099999
0.536019
0.362500
1.000000
0.000000
0.036661
0.093750
0.000000
0.099999
0.743456
0.362500
1.000000
0.000000
0.036661
0.187500
0.000000
0.099999
0.715364
0.362500
1.000000
0.000000
0.036661
1.062500
0.000000
0.099999
0.507555
0.362500
1.000000
0.000000
0.036661
0.531250
0.000000
0.099999
0.586446
0.362500
1.000000
0.000000
0.036661
0.156250
0.000000
0.099999
1.002513
0.362500
1.000000
0.000000
0.036661
0.281250
0.000000
0.100000
0.651092
0.362500
1.000000
0.000000
0.036661
1.062500
0.000000
0.099998
0.515739
0.362500
1.000000
0.000000
0.036661
0.906250
0.000000
0.099999
0.548194
0.362500
1.000000
0.000000
0.036661
0.625000
0.000000
0.099998
0.675882
0.362500
1.000000
0.000000
0.036661
0.875000
0.000000
0.099999
0.551243
0.362500
1.000000
0.000000
0.036661
0.625000
0.000000
0.099999
0.636713
0.362500
1.000000
0.000000
0.036661
0.156250
0.000000
0.099999
0.706732
0.362500
1.000000
0.000000
0.036661
0.250000
0.000000
0.100000
1.067198
0.362500
1.000000
0.000000
0.036661
0.468750
0.000000
0.099999
0.729721
0.362500
1.000000
0.000000
0.036661
1.000000
0.000000
0.099998
0.705704
0.362500
1.000000
0.000000
0.036661
1.156250
0.000000
0.099999
0.530253
0.362500
1.000000
0.000000
0.036661
0.656250
0.000000
0.099999
0.597585
0.362500
1.000000
0.000000
0.036661
0.875000
0.000000
0.099999
0.642778
0.362500
1.000000
0.000000
0.036661
0.625000
0.000000
0.100000
0.599450
0.362500
1.000000
0.000000
0.036661
1.093750
0.000000
0.099998
0.528889
0.362500
1.000000
0.000000
0.036661
1.156250
0.000000
0.100000
0.582168
0.362500
1.000000
0.000000
0.036661
0.125000
0.000000
0.099999
0.780495
0.362500
1.000000
0.000000
0.036661
0.406250
0.000000
0.100000
0.992719
0.362500
1.000000
0.000000
0.036661
0.562500
0.000000
0.100000
0.580238
0.362500
1.000000
0.000000
0.036661
0.562500
0.000000
0.099999
0.650461
0.362500
1.000000
0.000000
0.036661
0.250000
0.000000
0.100000
0.680054
0.362500
1.000000
0.000000
0.036661
0.375000
0.000000
0.100000
0.834754
0.362500
1.000000
0.000000
0.036661
0.968750
0.000000
0.099998
0.520902
0.362500
1.000000
0.000000
0.036661
0.031250
0.000000
0.099999
0.745597
0.362500
1.000000
0.000000
0.036661
0.531250
0.000000
0.099999
0.605370
0.362500
1.000000
0.000000
0.036661
0.531250
0.000000
0.099999
0.511950
0.362500
1.000000
0.000000
0.036661
0.781250
0.000000
0.099999
0.552136
0.362500
1.000000
0.000000
0.036661
1.125000
0.000000
0.099998
0.532845
0.362500
1.000000
0.000000
0.036661
0.343750
0.000000
0.100000
1.164532
0.362500
1.000000
0.000000
0.036661
0.875000
0.000000
0.099998
0.716208
0.362500
1.000000
0.000000
0.036661
0.093750
0.000000
0.100000
0.796316
0.362500
1.000000
0.000000
0.036662
86.406250
0.000000
0.099885
0.051630
0.362500
1.000000
0.000000
0.036661
1.125000
0.000000
0.099999
0.527885
0.362500
1.000000
0.000000
0.036661
1.218750
0.000000
0.100000
0.740128
0.362500
1.000000
0.000000
0.036661
1.062500
0.000000
0.099999
0.564298
0.362500
1.000000
0.000000
0.036661
0.531250
0.000000
0.099999
0.598774
0.362500
1.000000
0.000000
0.036661
0.093750
0.000000
0.100000
1.026792
0.362500
1.000000
0.000000
0.036661
1.187500
0.000000
0.099999
0.745148
0.362500
1.000000
0.000000
0.036661
0.125000
0.000000
0.100000
0.576811
0.362500
1.000000
0.000000
0.036661
0.187500
0.000000
0.099999
0.724122
0.362500
1.000000
0.000000
0.036661
1.218750
0.000000
0.099999
0.743591
0.362500
1.000000
0.000000
0.036661
0.781250
0.000000
0.100000
0.699312
0.362500
1.000000
0.000000
0.036661
0.187500
0.000000
0.100000
0.724677
0.362500
1.000000
0.000000
0.036661
0.000000
0.000000
0.099999
0.736092
0.200000
1.000000
0.000000
0.036661
0.281250
0.000000
0.100000
1.004007
0.362500
1.000000
0.000000
0.036661
0.156250
0.000000
0.099999
0.725589
0.362500
1.000000
0.000000
0.036661
0.281250
0.000000
0.099999
0.726704
0.362500
1.000000
0.000000
0.036661
0.531250
0.000000
0.100000
0.746677
0.362500
1.000000
0.000000
0.036661
0.312500
0.000000
0.100000
0.657925
0.362500
1.000000
0.000000
0.036661
0.281250
0.000000
0.100000
1.039582
0.362500
1.000000
0.000000
0.036661
0.968750
0.000000
0.099999
0.539535
0.362500
1.000000
0.000000
0.036661
1.093750
0.000000
0.099999
0.745903
0.362500
1.000000
0.000000
0.036661
0.093750
0.000000
0.100000
1.049455
0.362500
1.000000
0.000000
0.036661
0.250000
0.000000
0.100000
1.083855
0.362500
1.000000
0.000000
0.036661
0.531250
0.000000
0.099999
0.619864
0.362500
1.000000
0.000000
0.036661
0.000000
0.000000
0.099999
0.769191
0.200000
1.000000
0.000000
0.036661
0.718750
0.000000
0.099999
0.741371
0.362500
1.000000
0.000000
0.036661
0.281250
0.000000
0.100000
1.208708
0.362500
1.000000
0.000000
0.036661
1.562500
0.000000
0.100000
0.233075
0.362500
1.000000
0.000000
0.036661
0.531250
0.000000
0.099999
0.581463
0.362500
1.000000
0.000000
0.036662
0.156250
0.000000
0.100000
0.727061
0.362500
1.000000
0.000000
0.036661
0.531250
0.000000
0.100000
0.560211
0.362500
1.000000
0.000000
0.036661
0.343750
0.000000
0.099999
0.602097
0.362500
1.000000
0.000000
0.036661
0.875000
0.000000
0.099998
0.758260
0.362500
1.000000
0.000000
0.036661
0.437500
0.000000
0.100000
0.514166
0.362500
1.000000
0.000000
0.036661
0.093750
0.000000
0.100000
1.046943
0.362500
1.000000
0.000000
0.036661
0.312500
0.000000
0.099999
0.614221
0.362500
1.000000
0.000000
0.036661
0.875000
0.000000
0.099999
0.760796
0.362500
1.000000
0.000000
0.036661
0.156250
0.000000
0.100000
0.998785
0.362500
1.000000
0.000000
0.036661
0.437500
0.000000
0.100000
1.101309
0.362500
1.000000
0.000000
0.036661
0.125000
0.000000
0.099999
0.748139
0.362500
1.000000
0.000000
0.036661
0.281250
0.000000
0.100000
0.938084
0.362500
1.000000
0.000000
0.036662
0.156250
0.000000
0.099999
0.803559
0.362500
1.000000
0.000000
0.036661
0.093750
0.000000
0.100000
0.746147
0.362500
1.000000
0.000000
0.036661
0.437500
0.000000
0.099999
0.626772
0.362500
1.000000
0.000000
0.036661
0.406250
0.000000
0.100000
1.110438
0.362500
1.000000
0.000000
0.036662
85.187500
0.000000
0.099788
0.051985
0.362500
1.000000
0.000000
0.036661
0.250000
0.000000
0.100000
1.187093
0.362500
1.000000
0.000000
0.036661
0.218750
0.000000
0.099999
0.763821
0.362500
1.000000
0.000000
0.036662
0.031250
0.000000
0.100000
0.743203
0.362500
1.000000
0.000000
0.036661
0.031250
0.000000
0.100000
1.014454
0.362500
1.000000
0.000000
0.036661
0.625000
0.000000
0.100000
0.742741
0.362500
1.000000
0.000000
0.036661
0.531250
0.000000
0.099998
0.567184
0.362500
1.000000
0.000000
0.036661
0.000000
0.000000
0.099999
0.749580
0.200000
1.000000
0.000000
0.036661
0.062500
0.000000
0.100000
1.062683
0.362500
1.000000
0.000000
0.036661
0.125000
0.000000
0.100000
1.067701
0.362500
1.000000
0.000000
0.036661
0.406250
0.000000
0.099999
0.634313
0.362500
1.000000
0.000000
0.036662
0.000000
0.000000
0.100000
0.878794
0.200000
1.000000
0.000000
0.036661
0.375000
0.000000
0.099999
1.071069
0.362500
1.000000
0.000000
0.036661
0.250000
0.000000
0.100000
0.936797
0.362500
1.000000
0.000000
0.036661
0.937500
0.000000
0.100000
0.559382
0.362500
1.000000
0.000000
0.036661
0.406250
0.000000
0.100000
0.691919
0.362500
1.000000
0.000000
0.036661
0.687500
0.000000
0.100000
0.722540
0.362500
1.000000
0.000000
0.036661
0.437500
0.000000
0.099999
0.583285
0.362500
1.000000
0.000000
0.036661
0.281250
0.000000
0.100000
0.748475
0.362500
1.000000
0.000000
0.036661
0.281250
0.000000
0.100000
0.727853
0.362500
1.000000
0.000000
0.036661
0.000000
0.000000
0.099999
0.741635
0.200000
1.000000
0.000000
0.036661
0.406250
0.000000
0.099999
0.632362
0.362500
1.000000
0.000000
0.036661
0.093750
0.000000
0.100000
1.027167
0.362500
1.000000
0.000000
0.036661
0.062500
0.000000
0.099999
1.114499
0.362500
1.000000
0.000000
0.036661
0.375000
0.000000
0.099998
0.581924
0.362500
1.000000
0.000000
0.036661
1.531250
0.000000
0.099998
0.642284
0.362500
1.000000
0.000000
0.036661
0.375000
0.000000
0.100000
0.614462
0.362500
1.000000
0.000000
0.036661
0.218750
0.000000
0.100000
1.046477
0.362500
1.000000
0.000000
0.036661
0.500000
0.000000
0.099998
0.587413
0.362500
1.000000
0.000000
0.036661
0.656250
0.000000
0.099999
0.774312
0.362500
1.000000
0.000000
0.036661
0.187500
0.000000
0.100000
1.196238
0.362500
1.000000
0.000000
0.036661
0.531250
0.000000
0.099998
0.605772
0.362500
1.000000
0.000000
0.036661
0.031250
0.000000
0.100000
1.118617
0.362500
1.000000
0.000000
0.036661
0.343750
0.000000
0.099999
0.625993
0.362500
1.000000
0.000000
0.036661
0.062500
0.000000
0.099999
0.742473
0.362500
1.000000
0.000000
0.036661
0.125000
0.000000
0.100000
1.045084
0.362500
1.000000
0.000000
0.036661
0.843750
0.000000
0.100000
0.566388
0.362500
1.000000
0.000000
0.036661
0.156250
0.000000
0.100000
1.104998
0.362500
1.000000
0.000000
0.036661
0.312500
0.000000
0.099999
0.630852
0.362500
1.000000
0.000000
0.036662
0.125000
0.000000
0.099999
0.795542
0.362500
1.000000
0.000000
0.036661
0.562500
0.000000
0.099999
0.767285
0.362500
1.000000
0.000000
0.036661
0.531250
0.000000
0.100000
0.770610
0.362500
1.000000
0.000000
0.036661
1.218750
0.000000
0.099998
0.600061
0.362500
1.000000
0.000000
0.036661
0.125000
0.000000
0.100000
0.991082
0.362500
1.000000
0.000000
0.036661
0.093750
0.000000
0.099999
0.649588
0.362500
1.000000
0.000000
0.036661
0.156250
0.000000
0.100000
0.937245
0.362500
1.000000
0.000000
0.036661
0.375000
0.000000
0.100000
0.746300
0.362500
1.000000
0.000000
0.036661
0.718750
0.000000
0.100000
0.725979
0.362500
1.000000
0.000000
0.036661
0.187500
0.000000
0.100000
0.753596
0.362500
1.000000
0.000000
0.036661
0.343750
0.000000
0.100000
0.960648
0.362500
1.000000
0.000000
0.036661
0.281250
0.000000
0.100000
1.031028
0.362500
1.000000
0.000000
0.036661
0.593750
0.000000
0.100000
0.530511
0.362500
1.000000
0.000000
0.036661
0.343750
0.000000
0.100000
1.115351
0.362500
1.000000
0.000000
0.036661
0.156250
0.000000
0.100000
0.593310
0.362500
1.000000
0.000000
0.036661
0.000000
0.000000
0.100000
0.974884
0.200000
1.000000
0.000000
0.036662
0.031250
0.000000
0.100000
0.831890
0.362500
1.000000
0.000000
0.036661
0.000000
0.000000
0.099999
0.849155
0.200000
1.000000
0.000000
0.036661
0.531250
0.000000
0.099999
0.783291
0.362500
1.000000
0.000000
0.036661
0.250000
0.000000
0.099999
0.589079
0.362500
1.000000
0.000000
0.036661
0.250000
0.000000
0.100000
1.146790
0.362500
1.000000
0.000000
0.036661
0.281250
0.000000
0.100000
1.033737
0.362500
1.000000
0.000000
0.036661
0.343750
0.000000
0.100000
1.100266
0.362500
1.000000
0.000000
0.036661
0.250000
0.000000
0.100000
0.753094
0.362500
1.000000
0.000000
0.036661
0.875000
0.000000
0.099998
0.568104
0.362500
1.000000
0.000000
0.036661
0.343750
0.000000
0.100000
0.727672
0.362500
1.000000
0.000000
0.036661
0.000000
0.000000
0.099999
1.141330
0.200000
1.000000
0.000000
0.036661
0.156250
0.000000
0.099999
0.720981
0.362500
1.000000
0.000000
0.036661
0.218750
0.000000
0.100000
1.077568
0.362500
1.000000
0.000000
0.036661
0.625000
0.000000
0.100000
0.541144
0.362500
1.000000
0.000000
0.036661
0.156250
0.000000
0.100000
1.162208
0.362500
1.000000
0.000000
0.036661
0.312500
0.000000
0.100000
1.107976
0.362500
1.000000
0.000000
0.036661
0.750000
0.000000
0.099999
0.564140
0.362500
1.000000
0.000000
0.036661
0.281250
0.000000
0.100000
0.983726
0.362500
1.000000
0.000000
0.036661
0.000000
0.000000
0.100000
1.122706
0.200000
1.000000
0.000000
0.036661
0.250000
0.000000
0.100000
0.977495
0.362500
1.000000
0.000000
0.036661
0.375000
0.000000
0.099999
0.764115
0.362500
1.000000
0.000000
0.036661
0.843750
0.000000
0.100000
0.749669
0.362500
1.000000
0.000000
0.036661
0.062500
0.000000
0.099999
0.850190
0.362500
1.000000
0.000000
0.036661
0.187500
0.000000
0.099999
0.746175
0.362500
1.000000
0.000000
0.036661
0.531250
0.000000
0.099999
0.698486
0.362500
1.000000
0.000000
0.036661
0.593750
0.000000
0.099998
0.605868
0.362500
1.000000
0.000000
0.036661
0.875000
0.000000
0.099999
0.650782
0.362500
1.000000
0.000000
0.036662
0.093750
0.000000
0.099999
0.902626
0.362500
1.000000
0.000000
0.036661
0.031250
0.000000
0.100000
0.953995
0.362500
1.000000
0.000000
0.036661
0.281250
0.000000
0.100000
1.050549
0.362500
1.000000
0.000000
0.036661
0.156250
0.000000
0.100000
1.005065
0.362500
1.000000
0.000000
0.036661
0.156250
0.000000
0.100000
0.734934
0.362500
1.000000
0.000000
0.036661
0.281250
0.000000
0.100000
1.001365
0.362500
1.000000
0.000000
0.036661
0.687500
0.000000
0.100000
1.062184
0.362500
1.000000
0.000000
0.036661
0.125000
0.000000
0.100000
0.645338
0.362500
1.000000
0.000000
0.036661
0.281250
0.000000
0.100000
1.123678
0.362500
1.000000
0.000000
0.036662
0.062500
0.000000
0.100000
0.894601
0.362500
1.000000
0.000000
0.036661
0.156250
0.000000
0.100000
1.169289
0.362500
1.000000
0.000000
0.036661
0.562500
0.000000
0.099998
0.602398
0.362500
1.000000
0.000000
0.036661
0.093750
0.000000
0.099999
0.650842
0.362500
1.000000
0.000000
0.036661
0.375000
0.000000
0.099995
0.398763
0.362500
1.000000
0.000000
0.036662
0.062500
0.000000
0.100000
0.870441
0.362500
1.000000
0.000000
0.036661
0.000000
0.000000
0.099999
0.874231
0.200000
1.000000
0.000000
0.036661
0.250000
0.000000
0.100000
1.059728
0.362500
1.000000
0.000000
0.036661
0.218750
0.000000
0.100000
1.078128
0.362500
1.000000
0.000000
0.036661
0.156250
0.000000
0.100000
1.176600
0.362500
1.000000
0.000000
0.036661
0.593750
0.000000
0.099999
0.794157
0.362500
1.000000
0.000000
0.036661
0.312500
0.000000
0.100000
0.626155
0.362500
1.000000
0.000000
0.036661
0.218750
0.000000
0.100000
1.122977
0.362500
1.000000
0.000000
0.036661
0.312500
0.000000
0.099999
0.783513
0.362500
1.000000
0.000000
0.036661
0.375000
0.000000
0.099998
0.626879
0.362500
1.000000
0.000000
0.036661
0.250000
0.000000
0.099999
1.125125
0.362500
1.000000
0.000000
0.036661
0.187500
0.000000
0.100000
1.109527
0.362500
1.000000
0.000000
0.036661
0.250000
0.000000
0.100000
0.994882
0.362500
1.000000
0.000000
0.036661
0.156250
0.000000
0.100000
1.068497
0.362500
1.000000
0.000000
0.036661
0.875000
0.000000
0.099998
0.586536
0.362500
1.000000
0.000000
0.036661
0.468750
0.000000
0.099999
0.785295
0.362500
1.000000
0.000000
0.036661
0.437500
0.000000
0.099999
0.802548
0.362500
1.000000
0.000000
0.036661
0.531250
0.000000
0.100000
0.675059
0.362500
1.000000
0.000000
0.036661
0.062500
0.000000
0.100000
1.054334
0.362500
1.000000
0.000000
0.036661
0.281250
0.000000
0.100000
0.752196
0.362500
1.000000
0.000000
0.036661
0.156250
0.000000
0.099999
1.128768
0.362500
1.000000
0.000000
0.036661
0.343750
0.000000
0.099998
0.773331
0.362500
1.000000
0.000000
0.036661
0.843750
0.000000
0.099999
0.591642
0.362500
1.000000
0.000000
0.036661
0.312500
0.000000
0.100000
1.146703
0.362500
1.000000
0.000000
0.036661
0.125000
0.000000
0.099999
0.733450
0.362500
1.000000
0.000000
0.036661
0.437500
0.000000
0.099998
0.603933
0.362500
1.000000
0.000000
0.036661
0.343750
0.000000
0.100000
0.804955
0.362500
1.000000
0.000000
0.036661
0.125000
0.000000
0.099999
0.843809
0.362500
1.000000
0.000000
0.036661
0.250000
0.000000
0.100000
1.174770
0.362500
1.000000
0.000000
0.036661
0.875000
0.000000
0.099999
0.581089
0.362500
1.000000
0.000000
0.036661
0.187500
0.000000
0.100000
1.101347
0.362500
1.000000
0.000000
0.036661
0.031250
0.000000
0.099999
0.858959
0.362500
1.000000
0.000000
0.036661
0.312500
0.000000
0.100000
0.780187
0.362500
1.000000
0.000000
0.036661
0.593750
0.000000
0.100000
1.076217
0.362500
1.000000
0.000000
0.036661
0.312500
0.000000
0.100000
1.135656
0.362500
1.000000
0.000000
0.036661
0.187500
0.000000
0.099999
0.572830
0.362500
1.000000
0.000000
0.036661
0.125000
0.000000
0.100000
1.114148
0.362500
1.000000
0.000000
0.036661
0.687500
0.000000
0.100000
0.625165
0.362500
1.000000
0.000000
0.036661
1.062500
0.000000
0.099998
0.644462
0.362500
1.000000
0.000000
0.036661
0.875000
0.000000
0.099999
0.599430
0.362500
1.000000
0.000000
0.036661
0.031250
0.000000
0.100000
1.059525
0.362500
1.000000
0.000000
0.036661
0.062500
0.000000
0.100000
1.044526
0.362500
1.000000
0.000000
0.036661
0.062500
0.000000
0.099999
0.629599
0.362500
1.000000
0.000000
0.036661
0.312500
0.000000
0.100000
1.143617
0.362500
1.000000
0.000000
0.036661
0.156250
0.000000
0.100000
1.047807
0.362500
1.000000
0.000000
0.036661
0.468750
0.000000
0.099999
0.566219
0.362500
1.000000
0.000000
0.036661
0.125000
0.000000
0.099998
0.648692
0.362500
1.000000
0.000000
0.036661
0.000000
0.000000
0.099999
0.789090
0.200000
1.000000
0.000000
0.036661
0.156250
0.000000
0.100000
1.146541
0.362500
1.000000
0.000000
0.036661
0.125000
0.000000
0.100000
1.109487
0.362500
1.000000
0.000000
0.036661
0.156250
0.000000
0.100000
0.646956
0.362500
1.000000
0.000000
0.036661
0.843750
0.000000
0.099999
0.583541
0.362500
1.000000
0.000000
0.036661
0.218750
0.000000
0.100000
0.960064
0.362500
1.000000
0.000000
0.036661
0.250000
0.000000
0.099999
0.782745
0.362500
1.000000
0.000000
0.036661
1.812500
0.000000
0.099999
0.799788
0.362500
1.000000
0.000000
0.036661
0.343750
0.000000
0.099999
0.813047
0.362500
1.000000
0.000000
0.036661
0.093750
0.000000
0.100000
0.743549
0.362500
1.000000
0.000000
0.036661
0.875000
0.000000
0.099999
0.591208
0.362500
1.000000
0.000000
0.036661
0.843750
0.000000
0.099999
0.600948
0.362500
1.000000
0.000000
0.036661
0.031250
0.000000
0.100000
0.813478
0.362500
1.000000
0.000000
0.036661
0.343750
0.000000
0.100000
1.052137
0.362500
1.000000
0.000000
0.036661
0.000000
0.000000
0.100000
0.840601
0.200000
1.000000
0.000000
0.036661
0.875000
0.000000
0.100000
0.588553
0.362500
1.000000
0.000000
0.036661
0.000000
0.000000
0.099999
0.863566
0.200000
1.000000
0.000000
0.036661
0.062500
0.000000
0.100000
0.629359
0.362500
1.000000
0.000000
0.036661
0.187500
0.000000
0.100000
0.978117
0.362500
1.000000
0.000000
0.036661
0.781250
0.000000
0.099999
0.605213
0.362500
1.000000
0.000000
0.036661
0.062500
0.000000
0.100000
0.728365
0.362500
1.000000
0.000000
0.036661
0.468750
0.000000
0.100000
1.077928
0.362500
1.000000
0.000000
0.036661
0.250000
0.000000
0.100000
0.798098
0.362500
1.000000
0.000000
0.036661
0.593750
0.000000
0.099998
0.647031
0.362500
1.000000
0.000000
0.036661
0.437500
0.000000
0.100000
1.106347
0.362500
1.000000
0.000000
0.036661
0.156250
0.000000
0.100000
1.075058
0.362500
1.000000
0.000000
0.036661
0.156250
0.000000
0.099998
0.517538
0.362500
1.000000
0.000000
0.036661
0.093750
0.000000
0.100000
1.092461
0.362500
1.000000
0.000000
0.036661
0.312500
0.000000
0.100000
1.195217
0.362500
1.000000
0.000000
0.036661
0.031250
0.000000
0.100000
0.755020
0.362500
1.000000
0.000000
