[ergo_vk] Device: NVIDIA GeForce RTX 2060
[ergo_vk] VK_EXT_shader_atomic_float: supported
[VRAM] 6144 MB → 26843545 particles available (MAXPART=2000000)
77777
37
0.036662
1.468750
0.000000
0.099997
0.203505
0.362500
1.000000
0.000000
1
-0.404490
23.328121
1
0.036662
0.031250
0.000000
0.099997
0.230635
0.362500
1.000000
0.000000
1
-0.356321
26.651752
1
0.036662
0.218750
0.000000
0.099999
0.359050
0.362500
1.000000
0.000000
1
-0.227094
39.421181
1
0.036662
0.125000
0.000000
0.099998
0.417145
0.362500
1.000000
0.000000
1
-0.194771
38.666573
1
0.036662
0.156250
0.000000
0.100000
0.424898
0.362500
1.000000
0.000000
1
-0.191126
50.791889
1
0.036662
0.000000
0.000000
0.099997
0.488629
0.200000
1.000000
0.000000
1
-0.165545
30.245628
0
0.036662
0.000000
0.000000
0.099998
0.492070
0.200000
1.000000
0.000000
1
-0.164353
37.514980
0
0.036662
0.031250
0.000000
0.100000
0.499049
0.362500
1.000000
0.000000
1
-0.161984
58.443970
1
0.036662
0.062500
0.000000
0.100000
0.547920
0.362500
1.000000
0.000000
1
-0.147090
59.903385
1
0.036662
0.000000
0.000000
0.100000
0.582406
0.200000
1.000000
0.000000
1
-0.138085
52.144901
0
0.036662
0.031250
0.000000
0.099999
0.641434
0.362500
1.000000
0.000000
1
-0.124917
53.312286
1
0.036662
0.031250
0.000000
0.099999
0.616521
0.362500
1.000000
0.000000
1
-0.130167
69.143799
1
0.036662
0.000000
0.000000
0.100000
0.626019
0.200000
1.000000
0.000000
1
-0.128116
68.609665
0
0.036662
0.000000
0.000000
0.099999
0.674275
0.200000
1.000000
0.000000
1
-0.118590
53.016758
0
0.036662
0.062500
0.000000
0.100000
0.636068
0.362500
1.000000
0.000000
1
-0.126013
67.713295
1
0.036662
0.000000
0.000000
0.100000
0.638965
0.200000
1.000000
0.000000
1
-0.125419
70.589195
0
0.036662
0.031250
0.000000
0.099999
0.623520
0.362500
1.000000
0.000000
1
-0.128650
72.636612
1
0.036662
0.000000
0.000000
0.099999
0.680025
0.200000
1.000000
0.000000
1
-0.117545
68.224274
0
0.036662
0.000000
0.000000
0.100000
0.709522
0.200000
1.000000
0.000000
1
-0.112450
62.733177
0
0.036662
0.031250
0.000000
0.099999
0.683565
0.362500
1.000000
0.000000
1
-0.116910
71.972359
1
0.036662
0.000000
0.000000
0.099999
0.704654
0.200000
1.000000
0.000000
1
-0.113261
68.175972
0
0.036662
0.000000
0.000000
0.099999
0.730587
0.200000
1.000000
0.000000
1
-0.109064
65.207367
0
0.036662
0.062500
0.000000
0.099999
0.689019
0.362500
1.000000
0.000000
1
-0.115945
78.533798
1
0.036662
0.031250
0.000000
0.100000
0.684657
0.362500
1.000000
0.000000
1
-0.116715
81.366943
1
0.036662
0.031250
0.000000
0.100000
0.677827
0.362500
1.000000
0.000000
1
-0.117942
81.264404
1
0.036662
0.000000
0.000000
0.099999
0.727662
0.200000
1.000000
0.000000
1
-0.109522
80.890343
0
0.036662
0.000000
0.000000
0.099999
0.776213
0.200000
1.000000
0.000000
1
-0.102359
76.562691
0
0.036662
0.031250
0.000000
0.100000
0.760637
0.362500
1.000000
0.000000
1
-0.104557
80.389168
1
0.036662
0.031250
0.000000
0.099999
0.828907
0.362500
1.000000
0.000000
1
-0.095534
65.048874
1
0.036662
0.000000
0.000000
0.100000
0.794030
0.200000
1.000000
0.000000
1
-0.099950
78.584900
0
0.036662
0.000000
0.000000
0.099999
0.778502
0.200000
1.000000
0.000000
1
-0.102043
85.073830
0
0.036662
0.000000
0.000000
0.100000
0.826726
0.200000
1.000000
0.000000
1
-0.095799
77.602989
0
0.036662
0.000000
0.000000
0.099999
0.850039
0.200000
1.000000
0.000000
1
-0.093035
75.669556
0
0.036662
0.031250
0.000000
0.099999
0.820377
0.362500
1.000000
0.000000
1
-0.096579
87.049034
1
0.036662
0.031250
0.000000
0.100000
0.764342
0.362500
1.000000
0.000000
1
-0.104026
91.683456
1
0.036662
0.000000
0.000000
0.100000
0.863690
0.200000
1.000000
0.000000
1
-0.091485
82.331535
0
0.036662
0.000000
0.000000
0.100000
0.883244
0.200000
1.000000
0.000000
1
-0.089349
76.206429
0
