[ergo_vk] Device: NVIDIA GeForce RTX 2060
[ergo_vk] VK_EXT_shader_atomic_float: supported
[VRAM] 6144 MB → 30973321 particles available (MAXPART=1000000)
77777
19
0.036662
0.093750
0.000000
0.099999
0.359050
0.362500
1.000000
0.000000
0.036662
0.093750
0.000000
0.100000
0.424898
0.362500
1.000000
0.000000
0.036662
0.000000
0.000000
0.099998
0.492070
0.200000
1.000000
0.000000
0.036662
0.000000
0.000000
0.100000
0.499049
0.200000
1.000000
0.000000
0.036662
0.000000
0.000000
0.100000
0.582406
0.200000
1.000000
0.000000
0.036662
0.031250
0.000000
0.099999
0.641434
0.362500
1.000000
0.000000
0.036662
0.000000
0.000000
0.100000
0.626019
0.200000
1.000000
0.000000
0.036662
0.000000
0.000000
0.099999
0.674275
0.200000
1.000000
0.000000
0.036662
0.000000
0.000000
0.099999
0.623520
0.200000
1.000000
0.000000
0.036662
0.000000
0.000000
0.099999
0.680025
0.200000
1.000000
0.000000
0.036662
0.000000
0.000000
0.099999
0.683565
0.200000
1.000000
0.000000
0.036662
0.000000
0.000000
0.100000
0.684657
0.200000
1.000000
0.000000
0.036662
0.000000
0.000000
0.099999
0.727662
0.200000
1.000000
0.000000
0.036662
0.000000
0.000000
0.099999
0.776213
0.200000
1.000000
0.000000
0.036662
0.000000
0.000000
0.100000
0.760637
0.200000
1.000000
0.000000
0.036662
0.031250
0.000000
0.099999
0.828907
0.362500
1.000000
0.000000
0.036662
0.000000
0.000000
0.100000
0.794030
0.200000
1.000000
0.000000
0.036662
0.000000
0.000000
0.099999
0.850039
0.200000
1.000000
0.000000
0.036662
0.000000
0.000000
0.100000
0.863690
0.200000
1.000000
0.000000
